Archive member included because of file (symbol)

f:/winavr-20100110/bin/../lib/gcc/avr/4.3.3/avr5\libgcc.a(_mulsi3.o)
                              out/relay.o (__mulsi3)
f:/winavr-20100110/bin/../lib/gcc/avr/4.3.3/avr5\libgcc.a(_udivmodqi4.o)
                              out/heater.o (__udivmodqi4)
f:/winavr-20100110/bin/../lib/gcc/avr/4.3.3/avr5\libgcc.a(_divmodhi4.o)
                              out/heater.o (__divmodhi4)
f:/winavr-20100110/bin/../lib/gcc/avr/4.3.3/avr5\libgcc.a(_exit.o)
                              f:/winavr-20100110/bin/../lib/gcc/avr/4.3.3/../../../../avr/lib/avr5/crtm328.o (exit)
f:/winavr-20100110/bin/../lib/gcc/avr/4.3.3/avr5\libgcc.a(_copy_data.o)
                              out/main.o (__do_copy_data)
f:/winavr-20100110/bin/../lib/gcc/avr/4.3.3/avr5\libgcc.a(_clear_bss.o)
                              out/main.o (__do_clear_bss)
f:/winavr-20100110/bin/../lib/gcc/avr/4.3.3/avr5\libgcc.a(_udivmodhi4.o)
                              f:/winavr-20100110/bin/../lib/gcc/avr/4.3.3/avr5\libgcc.a(_divmodhi4.o) (__udivmodhi4)
f:/winavr-20100110/bin/../lib/gcc/avr/4.3.3/../../../../avr/lib/avr5\libc.a(ltoa.o)
                              out/uart.o (ltoa)
f:/winavr-20100110/bin/../lib/gcc/avr/4.3.3/../../../../avr/lib/avr5\libc.a(ultoa.o)
                              out/uart.o (ultoa)
f:/winavr-20100110/bin/../lib/gcc/avr/4.3.3/../../../../avr/lib/avr5\libc.a(eerd_block_atmega328.o)
                              out/light.o (__eerd_block_m328)
f:/winavr-20100110/bin/../lib/gcc/avr/4.3.3/../../../../avr/lib/avr5\libc.a(eewr_block_atmega328.o)
                              out/light.o (__eewr_block_m328)
f:/winavr-20100110/bin/../lib/gcc/avr/4.3.3/../../../../avr/lib/avr5\libc.a(eewr_byte_atmega328.o)
                              f:/winavr-20100110/bin/../lib/gcc/avr/4.3.3/../../../../avr/lib/avr5\libc.a(eewr_block_atmega328.o) (__eewr_r18_m328)
f:/winavr-20100110/bin/../lib/gcc/avr/4.3.3/../../../../avr/lib/avr5\libc.a(strrev.o)
                              f:/winavr-20100110/bin/../lib/gcc/avr/4.3.3/../../../../avr/lib/avr5\libc.a(ltoa.o) (strrev)
f:/winavr-20100110/bin/../lib/gcc/avr/4.3.3/avr5\libgcc.a(_udivmodsi4.o)
                              f:/winavr-20100110/bin/../lib/gcc/avr/4.3.3/../../../../avr/lib/avr5\libc.a(ltoa.o) (__udivmodsi4)

Allocating common symbols
Common symbol       size              file

g_dimTarget         0x1               out/light.o
gTimer              0x4               out/systimer.o
lastOnTime          0x4               out/light.o
g_lightState        0x1               out/light.o
timerCallbacks      0x1c              out/systimer.o
g_dimFactor         0x1               out/light.o
g_movementPkg       0x5               out/light.o
_kbps               0x2               out/radio.o
_freqChannel        0x1               out/radio.o
g_32us              0x4               out/systimer.o
g_LightData         0x8               out/light.o
_packageSign        0x2               out/radio.o

Discarded input sections

 .data          0x00000000        0x0 f:/winavr-20100110/bin/../lib/gcc/avr/4.3.3/../../../../avr/lib/avr5/crtm328.o
 .bss           0x00000000        0x0 f:/winavr-20100110/bin/../lib/gcc/avr/4.3.3/../../../../avr/lib/avr5/crtm328.o
 .text          0x00000000        0x0 out/main.o
 .bss           0x00000000        0x0 out/main.o
 .text.mcpy     0x00000000        0x0 out/main.o
 .text.slen     0x00000000        0x0 out/main.o
 .bss.pktSecv   0x00000000        0x0 out/main.o
 .data.gColorPallette
                0x00000000        0x0 out/main.o
 .text          0x00000000        0x0 out/radio.o
 .bss           0x00000000        0x0 out/radio.o
 .text.radio_softReset
                0x00000000        0x0 out/radio.o
 .text          0x00000000        0x0 out/key.o
 .data          0x00000000        0x0 out/key.o
 .bss           0x00000000        0x0 out/key.o
 .text.keyPress
                0x00000000        0x0 out/key.o
 .bss.btnTimer.1592
                0x00000000        0x0 out/key.o
 .text          0x00000000        0x0 out/spi.o
 .data          0x00000000        0x0 out/spi.o
 .bss           0x00000000        0x0 out/spi.o
 .text          0x00000000        0x0 out/uart.o
 .data          0x00000000        0x0 out/uart.o
 .bss           0x00000000        0x0 out/uart.o
 .text.printCh  0x00000000        0x0 out/uart.o
 .text          0x00000000        0x0 out/systimer.o
 .data          0x00000000        0x0 out/systimer.o
 .bss           0x00000000        0x0 out/systimer.o
 .text.timer_addCallback
                0x00000000        0x0 out/systimer.o
 .text          0x00000000        0x0 out/led.o
 .data          0x00000000        0x0 out/led.o
 .bss           0x00000000        0x0 out/led.o
 .text          0x00000000        0x0 out/relay.o
 .data          0x00000000        0x0 out/relay.o
 .bss           0x00000000        0x0 out/relay.o
 .text.relay_init
                0x00000000        0x0 out/relay.o
 .text.startTimer1
                0x00000000        0x0 out/relay.o
 .text.stopTimer1
                0x00000000        0x0 out/relay.o
 .text.relay_setDim
                0x00000000        0x0 out/relay.o
 .text.relay_getLastPeriod
                0x00000000        0x0 out/relay.o
 .text.relay_getNumCrosses
                0x00000000        0x0 out/relay.o
 .text.relay_getNumSwitches
                0x00000000        0x0 out/relay.o
 .text.relay_getIgnoredPulses
                0x00000000        0x0 out/relay.o
 .text          0x00000000        0x0 out/light.o
 .data          0x00000000        0x0 out/light.o
 .bss           0x00000000        0x0 out/light.o
 .text.light_processPkg
                0x00000000        0x0 out/light.o
 .text.light_loop
                0x00000000        0x0 out/light.o
 .text.light_init
                0x00000000        0x0 out/light.o
 .eeprom        0x00000000        0x0 out/light.o
 COMMON         0x00000000        0x0 out/light.o
 .text          0x00000000        0x0 out/heater.o
 .bss           0x00000000        0x0 out/heater.o
 .text          0x00000000        0x0 out/ws2812.o
 .data          0x00000000        0x0 out/ws2812.o
 .bss           0x00000000        0x0 out/ws2812.o
 .text.ws2812_sendarray_mask
                0x00000000        0x0 out/ws2812.o
 .text.ws2812_sendarray
                0x00000000        0x0 out/ws2812.o
 .text.ws2812_setleds_pin
                0x00000000        0x0 out/ws2812.o
 .text.ws2812_setleds
                0x00000000        0x0 out/ws2812.o
 .text          0x00000000        0x0 f:/winavr-20100110/bin/../lib/gcc/avr/4.3.3/avr5\libgcc.a(_mulsi3.o)
 .data          0x00000000        0x0 f:/winavr-20100110/bin/../lib/gcc/avr/4.3.3/avr5\libgcc.a(_mulsi3.o)
 .bss           0x00000000        0x0 f:/winavr-20100110/bin/../lib/gcc/avr/4.3.3/avr5\libgcc.a(_mulsi3.o)
 .text.libgcc   0x00000000        0x0 f:/winavr-20100110/bin/../lib/gcc/avr/4.3.3/avr5\libgcc.a(_mulsi3.o)
 .text          0x00000000        0x0 f:/winavr-20100110/bin/../lib/gcc/avr/4.3.3/avr5\libgcc.a(_udivmodqi4.o)
 .data          0x00000000        0x0 f:/winavr-20100110/bin/../lib/gcc/avr/4.3.3/avr5\libgcc.a(_udivmodqi4.o)
 .bss           0x00000000        0x0 f:/winavr-20100110/bin/../lib/gcc/avr/4.3.3/avr5\libgcc.a(_udivmodqi4.o)
 .text          0x00000000        0x0 f:/winavr-20100110/bin/../lib/gcc/avr/4.3.3/avr5\libgcc.a(_divmodhi4.o)
 .data          0x00000000        0x0 f:/winavr-20100110/bin/../lib/gcc/avr/4.3.3/avr5\libgcc.a(_divmodhi4.o)
 .bss           0x00000000        0x0 f:/winavr-20100110/bin/../lib/gcc/avr/4.3.3/avr5\libgcc.a(_divmodhi4.o)
 .text          0x00000000        0x0 f:/winavr-20100110/bin/../lib/gcc/avr/4.3.3/avr5\libgcc.a(_exit.o)
 .data          0x00000000        0x0 f:/winavr-20100110/bin/../lib/gcc/avr/4.3.3/avr5\libgcc.a(_exit.o)
 .bss           0x00000000        0x0 f:/winavr-20100110/bin/../lib/gcc/avr/4.3.3/avr5\libgcc.a(_exit.o)
 .text.libgcc   0x00000000        0x0 f:/winavr-20100110/bin/../lib/gcc/avr/4.3.3/avr5\libgcc.a(_exit.o)
 .text          0x00000000        0x0 f:/winavr-20100110/bin/../lib/gcc/avr/4.3.3/avr5\libgcc.a(_copy_data.o)
 .data          0x00000000        0x0 f:/winavr-20100110/bin/../lib/gcc/avr/4.3.3/avr5\libgcc.a(_copy_data.o)
 .bss           0x00000000        0x0 f:/winavr-20100110/bin/../lib/gcc/avr/4.3.3/avr5\libgcc.a(_copy_data.o)
 .text.libgcc   0x00000000        0x0 f:/winavr-20100110/bin/../lib/gcc/avr/4.3.3/avr5\libgcc.a(_copy_data.o)
 .text          0x00000000        0x0 f:/winavr-20100110/bin/../lib/gcc/avr/4.3.3/avr5\libgcc.a(_clear_bss.o)
 .data          0x00000000        0x0 f:/winavr-20100110/bin/../lib/gcc/avr/4.3.3/avr5\libgcc.a(_clear_bss.o)
 .bss           0x00000000        0x0 f:/winavr-20100110/bin/../lib/gcc/avr/4.3.3/avr5\libgcc.a(_clear_bss.o)
 .text.libgcc   0x00000000        0x0 f:/winavr-20100110/bin/../lib/gcc/avr/4.3.3/avr5\libgcc.a(_clear_bss.o)
 .text          0x00000000        0x0 f:/winavr-20100110/bin/../lib/gcc/avr/4.3.3/avr5\libgcc.a(_udivmodhi4.o)
 .data          0x00000000        0x0 f:/winavr-20100110/bin/../lib/gcc/avr/4.3.3/avr5\libgcc.a(_udivmodhi4.o)
 .bss           0x00000000        0x0 f:/winavr-20100110/bin/../lib/gcc/avr/4.3.3/avr5\libgcc.a(_udivmodhi4.o)
 .text          0x00000000        0x0 f:/winavr-20100110/bin/../lib/gcc/avr/4.3.3/../../../../avr/lib/avr5\libc.a(ltoa.o)
 .data          0x00000000        0x0 f:/winavr-20100110/bin/../lib/gcc/avr/4.3.3/../../../../avr/lib/avr5\libc.a(ltoa.o)
 .bss           0x00000000        0x0 f:/winavr-20100110/bin/../lib/gcc/avr/4.3.3/../../../../avr/lib/avr5\libc.a(ltoa.o)
 .text          0x00000000        0x0 f:/winavr-20100110/bin/../lib/gcc/avr/4.3.3/../../../../avr/lib/avr5\libc.a(ultoa.o)
 .data          0x00000000        0x0 f:/winavr-20100110/bin/../lib/gcc/avr/4.3.3/../../../../avr/lib/avr5\libc.a(ultoa.o)
 .bss           0x00000000        0x0 f:/winavr-20100110/bin/../lib/gcc/avr/4.3.3/../../../../avr/lib/avr5\libc.a(ultoa.o)
 .text          0x00000000        0x0 f:/winavr-20100110/bin/../lib/gcc/avr/4.3.3/../../../../avr/lib/avr5\libc.a(eerd_block_atmega328.o)
 .data          0x00000000        0x0 f:/winavr-20100110/bin/../lib/gcc/avr/4.3.3/../../../../avr/lib/avr5\libc.a(eerd_block_atmega328.o)
 .bss           0x00000000        0x0 f:/winavr-20100110/bin/../lib/gcc/avr/4.3.3/../../../../avr/lib/avr5\libc.a(eerd_block_atmega328.o)
 .text.avr-libc
                0x00000000        0x0 f:/winavr-20100110/bin/../lib/gcc/avr/4.3.3/../../../../avr/lib/avr5\libc.a(eerd_block_atmega328.o)
 .text          0x00000000        0x0 f:/winavr-20100110/bin/../lib/gcc/avr/4.3.3/../../../../avr/lib/avr5\libc.a(eewr_block_atmega328.o)
 .data          0x00000000        0x0 f:/winavr-20100110/bin/../lib/gcc/avr/4.3.3/../../../../avr/lib/avr5\libc.a(eewr_block_atmega328.o)
 .bss           0x00000000        0x0 f:/winavr-20100110/bin/../lib/gcc/avr/4.3.3/../../../../avr/lib/avr5\libc.a(eewr_block_atmega328.o)
 .text.avr-libc
                0x00000000        0x0 f:/winavr-20100110/bin/../lib/gcc/avr/4.3.3/../../../../avr/lib/avr5\libc.a(eewr_block_atmega328.o)
 .text          0x00000000        0x0 f:/winavr-20100110/bin/../lib/gcc/avr/4.3.3/../../../../avr/lib/avr5\libc.a(eewr_byte_atmega328.o)
 .data          0x00000000        0x0 f:/winavr-20100110/bin/../lib/gcc/avr/4.3.3/../../../../avr/lib/avr5\libc.a(eewr_byte_atmega328.o)
 .bss           0x00000000        0x0 f:/winavr-20100110/bin/../lib/gcc/avr/4.3.3/../../../../avr/lib/avr5\libc.a(eewr_byte_atmega328.o)
 .text.avr-libc
                0x00000000        0x0 f:/winavr-20100110/bin/../lib/gcc/avr/4.3.3/../../../../avr/lib/avr5\libc.a(eewr_byte_atmega328.o)
 .text          0x00000000        0x0 f:/winavr-20100110/bin/../lib/gcc/avr/4.3.3/../../../../avr/lib/avr5\libc.a(strrev.o)
 .data          0x00000000        0x0 f:/winavr-20100110/bin/../lib/gcc/avr/4.3.3/../../../../avr/lib/avr5\libc.a(strrev.o)
 .bss           0x00000000        0x0 f:/winavr-20100110/bin/../lib/gcc/avr/4.3.3/../../../../avr/lib/avr5\libc.a(strrev.o)
 .text          0x00000000        0x0 f:/winavr-20100110/bin/../lib/gcc/avr/4.3.3/avr5\libgcc.a(_udivmodsi4.o)
 .data          0x00000000        0x0 f:/winavr-20100110/bin/../lib/gcc/avr/4.3.3/avr5\libgcc.a(_udivmodsi4.o)
 .bss           0x00000000        0x0 f:/winavr-20100110/bin/../lib/gcc/avr/4.3.3/avr5\libgcc.a(_udivmodsi4.o)

Memory Configuration

Name             Origin             Length             Attributes
text             0x00000000         0x00020000         xr
data             0x00800060         0x0000ffa0         rw !x
eeprom           0x00810000         0x00010000         rw !x
fuse             0x00820000         0x00000400         rw !x
lock             0x00830000         0x00000400         rw !x
signature        0x00840000         0x00000400         rw !x
*default*        0x00000000         0xffffffff

Linker script and memory map

Address of section .data set to 0x800100
LOAD f:/winavr-20100110/bin/../lib/gcc/avr/4.3.3/../../../../avr/lib/avr5/crtm328.o
LOAD out/main.o
LOAD out/radio.o
LOAD out/key.o
LOAD out/spi.o
LOAD out/uart.o
LOAD out/systimer.o
LOAD out/led.o
LOAD out/relay.o
LOAD out/light.o
LOAD out/heater.o
LOAD out/ws2812.o
LOAD f:/winavr-20100110/bin/../lib/gcc/avr/4.3.3/avr5\libgcc.a
LOAD f:/winavr-20100110/bin/../lib/gcc/avr/4.3.3/../../../../avr/lib/avr5\libc.a
LOAD f:/winavr-20100110/bin/../lib/gcc/avr/4.3.3/avr5\libgcc.a

.hash
 *(.hash)

.dynsym
 *(.dynsym)

.dynstr
 *(.dynstr)

.gnu.version
 *(.gnu.version)

.gnu.version_d
 *(.gnu.version_d)

.gnu.version_r
 *(.gnu.version_r)

.rel.init
 *(.rel.init)

.rela.init
 *(.rela.init)

.rel.text
 *(.rel.text)
 *(.rel.text.*)
 *(.rel.gnu.linkonce.t*)

.rela.text
 *(.rela.text)
 *(.rela.text.*)
 *(.rela.gnu.linkonce.t*)

.rel.fini
 *(.rel.fini)

.rela.fini
 *(.rela.fini)

.rel.rodata
 *(.rel.rodata)
 *(.rel.rodata.*)
 *(.rel.gnu.linkonce.r*)

.rela.rodata
 *(.rela.rodata)
 *(.rela.rodata.*)
 *(.rela.gnu.linkonce.r*)

.rel.data
 *(.rel.data)
 *(.rel.data.*)
 *(.rel.gnu.linkonce.d*)

.rela.data
 *(.rela.data)
 *(.rela.data.*)
 *(.rela.gnu.linkonce.d*)

.rel.ctors
 *(.rel.ctors)

.rela.ctors
 *(.rela.ctors)

.rel.dtors
 *(.rel.dtors)

.rela.dtors
 *(.rela.dtors)

.rel.got
 *(.rel.got)

.rela.got
 *(.rela.got)

.rel.bss
 *(.rel.bss)

.rela.bss
 *(.rela.bss)

.rel.plt
 *(.rel.plt)

.rela.plt
 *(.rela.plt)

.text           0x00000000     0x192c
 *(.vectors)
 .vectors       0x00000000       0x68 f:/winavr-20100110/bin/../lib/gcc/avr/4.3.3/../../../../avr/lib/avr5/crtm328.o
                0x00000000                __vectors
                0x00000000                __vector_default
 *(.vectors)
 *(.progmem.gcc*)
 *(.progmem*)
                0x00000068                . = ALIGN (0x2)
                0x00000068                __trampolines_start = .
 *(.trampolines)
 .trampolines   0x00000068        0x0 linker stubs
 *(.trampolines*)
                0x00000068                __trampolines_end = .
 *(.jumptables)
 *(.jumptables*)
 *(.lowtext)
 *(.lowtext*)
                0x00000068                __ctors_start = .
 *(.ctors)
                0x00000068                __ctors_end = .
                0x00000068                __dtors_start = .
 *(.dtors)
                0x00000068                __dtors_end = .
 SORT(*)(.ctors)
 SORT(*)(.dtors)
 *(.init0)
 .init0         0x00000068        0x0 f:/winavr-20100110/bin/../lib/gcc/avr/4.3.3/../../../../avr/lib/avr5/crtm328.o
                0x00000068                __init
 *(.init0)
 *(.init1)
 *(.init1)
 *(.init2)
 .init2         0x00000068        0xc f:/winavr-20100110/bin/../lib/gcc/avr/4.3.3/../../../../avr/lib/avr5/crtm328.o
 *(.init2)
 *(.init3)
 *(.init3)
 *(.init4)
 .init4         0x00000074       0x16 f:/winavr-20100110/bin/../lib/gcc/avr/4.3.3/avr5\libgcc.a(_copy_data.o)
                0x00000074                __do_copy_data
 .init4         0x0000008a       0x10 f:/winavr-20100110/bin/../lib/gcc/avr/4.3.3/avr5\libgcc.a(_clear_bss.o)
                0x0000008a                __do_clear_bss
 *(.init4)
 *(.init5)
 *(.init5)
 *(.init6)
 *(.init6)
 *(.init7)
 *(.init7)
 *(.init8)
 *(.init8)
 *(.init9)
 .init9         0x0000009a        0x8 f:/winavr-20100110/bin/../lib/gcc/avr/4.3.3/../../../../avr/lib/avr5/crtm328.o
 *(.init9)
 *(.text)
 .text          0x000000a2        0x4 f:/winavr-20100110/bin/../lib/gcc/avr/4.3.3/../../../../avr/lib/avr5/crtm328.o
                0x000000a2                __vector_22
                0x000000a2                __vector_1
                0x000000a2                __vector_24
                0x000000a2                __vector_12
                0x000000a2                __bad_interrupt
                0x000000a2                __vector_6
                0x000000a2                __vector_3
                0x000000a2                __vector_23
                0x000000a2                __vector_25
                0x000000a2                __vector_13
                0x000000a2                __vector_17
                0x000000a2                __vector_19
                0x000000a2                __vector_7
                0x000000a2                __vector_5
                0x000000a2                __vector_4
                0x000000a2                __vector_9
                0x000000a2                __vector_21
                0x000000a2                __vector_15
                0x000000a2                __vector_8
                0x000000a2                __vector_14
                0x000000a2                __vector_10
                0x000000a2                __vector_18
                0x000000a2                __vector_20
                0x000000a6                . = ALIGN (0x2)
 *(.text.*)
 .text.initHw   0x000000a6       0x2a out/main.o
                0x000000a6                initHw
 .text.main     0x000000d0      0x178 out/main.o
                0x000000d0                main
 .text.BurstRead
                0x00000248       0x5c out/radio.o
 .text.ReadRegister
                0x000002a4       0x24 out/radio.o
 .text.BurstWrite
                0x000002c8       0x5c out/radio.o
 .text.ChangeRegister
                0x00000324       0x20 out/radio.o
 .text.switchMode
                0x00000344        0xc out/radio.o
 .text.radio_clearFIFO
                0x00000350       0x16 out/radio.o
                0x00000350                radio_clearFIFO
 .text.radio_clearRxFIFO
                0x00000366       0x16 out/radio.o
                0x00000366                radio_clearRxFIFO
 .text.radio_isPacketReceived
                0x0000037c       0x44 out/radio.o
                0x0000037c                radio_isPacketReceived
 .text.radio_getPacketReceived
                0x000003c0       0x3a out/radio.o
                0x000003c0                radio_getPacketReceived
 .text.radio_startListening
                0x000003fa       0x30 out/radio.o
                0x000003fa                radio_startListening
 .text.radio_clearTxFIFO
                0x0000042a       0x16 out/radio.o
                0x0000042a                radio_clearTxFIFO
 .text.radio_setChannel
                0x00000440        0xc out/radio.o
                0x00000440                radio_setChannel
 .text.radio_setCommsSignature
                0x0000044c       0x38 out/radio.o
                0x0000044c                radio_setCommsSignature
 .text.radio_setBaudRateFast
                0x00000484       0x64 out/radio.o
                0x00000484                radio_setBaudRateFast
 .text.boot     0x000004e8       0xd2 out/radio.o
 .text.radio_hardReset
                0x000005ba       0x80 out/radio.o
                0x000005ba                radio_hardReset
 .text.radio_init
                0x0000063a       0x1e out/radio.o
                0x0000063a                radio_init
 .text.radio_readAll
                0x00000658      0x162 out/radio.o
                0x00000658                radio_readAll
 .text.radio_waitForPacket
                0x000007ba      0x1f0 out/radio.o
                0x000007ba                radio_waitForPacket
 .text.radio_sendPacket
                0x000009aa      0x24e out/radio.o
                0x000009aa                radio_sendPacket
 .text.radio_sendPacketSimple
                0x00000bf8       0x30 out/radio.o
                0x00000bf8                radio_sendPacketSimple
 .text.initKey  0x00000c28        0x6 out/key.o
                0x00000c28                initKey
 .text.spi_begin
                0x00000c2e       0x16 out/spi.o
                0x00000c2e                spi_begin
 .text.spi_enable
                0x00000c44        0x4 out/spi.o
                0x00000c44                spi_enable
 .text.spi_disable
                0x00000c48        0x4 out/spi.o
                0x00000c48                spi_disable
 .text.spi_send
                0x00000c4c       0x18 out/spi.o
                0x00000c4c                spi_send
 .text.spi_recv
                0x00000c64       0x20 out/spi.o
                0x00000c64                spi_recv
 .text.initUart
                0x00000c84       0x1c out/uart.o
                0x00000c84                initUart
 .text.m_vsnprintf
                0x00000ca0      0x200 out/uart.o
                0x00000ca0                m_vsnprintf
 .text.debugf   0x00000ea0       0x82 out/uart.o
                0x00000ea0                debugf
 .text.initSysTimer
                0x00000f22       0x3a out/systimer.o
                0x00000f22                initSysTimer
 .text.__vector_16
                0x00000f5c       0xc4 out/systimer.o
                0x00000f5c                __vector_16
 .text.led_init
                0x00001020        0x6 out/led.o
                0x00001020                led_init
 .text.led_set  0x00001026       0x10 out/led.o
                0x00001026                led_set
 .text.led_change
                0x00001036       0x14 out/led.o
                0x00001036                led_change
 .text.__vector_11
                0x0000104a      0x130 out/relay.o
                0x0000104a                __vector_11
 .text.__vector_2
                0x0000117a       0xf0 out/relay.o
                0x0000117a                __vector_2
 .text.heater_init
                0x0000126a       0x1a out/heater.o
                0x0000126a                heater_init
 .text.sendHeaterStatusPkg
                0x00001284       0xde out/heater.o
                0x00001284                sendHeaterStatusPkg
 .text.heater_processPkg
                0x00001362      0x1b0 out/heater.o
                0x00001362                heater_processPkg
 .text.sendHeaterRequestPkg
                0x00001512       0x96 out/heater.o
                0x00001512                sendHeaterRequestPkg
 .text.heater_loop
                0x000015a8      0x204 out/heater.o
                0x000015a8                heater_loop
 .text.libgcc   0x000017ac       0x18 f:/winavr-20100110/bin/../lib/gcc/avr/4.3.3/avr5\libgcc.a(_udivmodqi4.o)
                0x000017ac                __udivmodqi4
 .text.libgcc   0x000017c4       0x26 f:/winavr-20100110/bin/../lib/gcc/avr/4.3.3/avr5\libgcc.a(_divmodhi4.o)
                0x000017c4                __divmodhi4
                0x000017c4                _div
 .text.libgcc   0x000017ea       0x28 f:/winavr-20100110/bin/../lib/gcc/avr/4.3.3/avr5\libgcc.a(_udivmodhi4.o)
                0x000017ea                __udivmodhi4
 .text.avr-libc
                0x00001812       0x68 f:/winavr-20100110/bin/../lib/gcc/avr/4.3.3/../../../../avr/lib/avr5\libc.a(ltoa.o)
                0x00001812                ltoa
 .text.avr-libc
                0x0000187a       0x4a f:/winavr-20100110/bin/../lib/gcc/avr/4.3.3/../../../../avr/lib/avr5\libc.a(ultoa.o)
                0x0000187a                ultoa
 .text.avr-libc
                0x000018c4       0x20 f:/winavr-20100110/bin/../lib/gcc/avr/4.3.3/../../../../avr/lib/avr5\libc.a(strrev.o)
                0x000018c4                strrev
 .text.libgcc   0x000018e4       0x44 f:/winavr-20100110/bin/../lib/gcc/avr/4.3.3/avr5\libgcc.a(_udivmodsi4.o)
                0x000018e4                __udivmodsi4
                0x00001928                . = ALIGN (0x2)
 *(.fini9)
 .fini9         0x00001928        0x0 f:/winavr-20100110/bin/../lib/gcc/avr/4.3.3/avr5\libgcc.a(_exit.o)
                0x00001928                exit
                0x00001928                _exit
 *(.fini9)
 *(.fini8)
 *(.fini8)
 *(.fini7)
 *(.fini7)
 *(.fini6)
 *(.fini6)
 *(.fini5)
 *(.fini5)
 *(.fini4)
 *(.fini4)
 *(.fini3)
 *(.fini3)
 *(.fini2)
 *(.fini2)
 *(.fini1)
 *(.fini1)
 *(.fini0)
 .fini0         0x00001928        0x4 f:/winavr-20100110/bin/../lib/gcc/avr/4.3.3/avr5\libgcc.a(_exit.o)
 *(.fini0)
                0x0000192c                _etext = .

.data           0x00800100      0x14a load address 0x0000192c
                0x00800100                PROVIDE (__data_start, .)
 *(.data)
 .data          0x00800100       0x21 out/main.o
 .data          0x00800121       0x81 out/radio.o
 .data          0x008001a2       0x76 out/heater.o
 *(.data*)
 .data.g_LedStateInterval
                0x00800218        0x2 out/main.o
                0x00800218                g_LedStateInterval
 .data.BaudRates
                0x0080021a       0x24 out/radio.o
                0x0080021a                BaudRates
 .data.gLedState
                0x0080023e        0x1 out/led.o
                0x0080023e                gLedState
 .data.g_delayActivation
                0x0080023f        0x2 out/relay.o
                0x0080023f                g_delayActivation
 .data.g_heaterLowGasThresh
                0x00800241        0x2 out/heater.o
                0x00800241                g_heaterLowGasThresh
 .data.g_heaterMedGasThresh
                0x00800243        0x2 out/heater.o
                0x00800243                g_heaterMedGasThresh
 .data.g_heaterHighGasThresh
                0x00800245        0x2 out/heater.o
                0x00800245                g_heaterHighGasThresh
 .data.g_heaterStatus
                0x00800247        0x1 out/heater.o
                0x00800247                g_heaterStatus
 .data.g_heaterFault
                0x00800248        0x1 out/heater.o
                0x00800248                g_heaterFault
 *(.rodata)
 *(.rodata*)
 *(.gnu.linkonce.d*)
                0x0080024a                . = ALIGN (0x2)
 *fill*         0x00800249        0x1 00
                0x0080024a                _edata = .
                0x0080024a                PROVIDE (__data_end, .)

.bss            0x0080024a       0x48
                0x0080024a                PROVIDE (__bss_start, .)
 *(.bss)
 *(.bss*)
 .bss._intPin   0x0080024a        0x1 out/radio.o
                0x0080024a                _intPin
 .bss.whole     0x0080024b        0x1 out/systimer.o
                0x0080024b                whole
 .bss.fraction  0x0080024c        0x1 out/systimer.o
                0x0080024c                fraction
 .bss.g_lastCrossTime
                0x0080024d        0x4 out/relay.o
                0x0080024d                g_lastCrossTime
 .bss.g_lastPeriod
                0x00800251        0x2 out/relay.o
                0x00800251                g_lastPeriod
 .bss.g_numCrosses
                0x00800253        0x2 out/relay.o
                0x00800253                g_numCrosses
 .bss.g_numSwitches
                0x00800255        0x2 out/relay.o
                0x00800255                g_numSwitches
 .bss.g_ignoredPulses
                0x00800257        0x2 out/relay.o
                0x00800257                g_ignoredPulses
 .bss.g_relayState
                0x00800259        0x1 out/relay.o
                0x00800259                g_relayState
 .bss.g_heaterLastGasReading
                0x0080025a        0x2 out/heater.o
                0x0080025a                g_heaterLastGasReading
 .bss.g_heaterPkgSequence
                0x0080025c        0x1 out/heater.o
                0x0080025c                g_heaterPkgSequence
 .bss.g_heaterWarningLoopCounter
                0x0080025d        0x1 out/heater.o
                0x0080025d                g_heaterWarningLoopCounter
 .bss.g_lastHeaterDataTimestamp
                0x0080025e        0x4 out/heater.o
                0x0080025e                g_lastHeaterDataTimestamp
 .bss.g_numFailedRetries
                0x00800262        0x1 out/heater.o
                0x00800262                g_numFailedRetries
 .bss.g_lastHeaterReadGasLevel
                0x00800263        0x4 out/heater.o
                0x00800263                g_lastHeaterReadGasLevel
 .bss.app_start
                0x00800267        0x2 out/heater.o
                0x00800267                app_start
 *(COMMON)
 COMMON         0x00800269        0x5 out/radio.o
                0x00800269                _kbps
                0x0080026b                _freqChannel
                0x0080026c                _packageSign
 COMMON         0x0080026e       0x24 out/systimer.o
                0x0080026e                gTimer
                0x00800272                timerCallbacks
                0x0080028e                g_32us
                0x00800292                PROVIDE (__bss_end, .)
                0x0000192c                __data_load_start = LOADADDR (.data)
                0x00001a76                __data_load_end = (__data_load_start + SIZEOF (.data))

.noinit         0x00800292        0x0
                0x00800292                PROVIDE (__noinit_start, .)
 *(.noinit*)
                0x00800292                PROVIDE (__noinit_end, .)
                0x00800292                _end = .
                0x00800292                PROVIDE (__heap_start, .)

.eeprom         0x00810000        0x0
 *(.eeprom*)
                0x00810000                __eeprom_end = .

.fuse
 *(.fuse)
 *(.lfuse)
 *(.hfuse)
 *(.efuse)

.lock
 *(.lock*)

.signature
 *(.signature*)

.stab
 *(.stab)

.stabstr
 *(.stabstr)

.stab.excl
 *(.stab.excl)

.stab.exclstr
 *(.stab.exclstr)

.stab.index
 *(.stab.index)

.stab.indexstr
 *(.stab.indexstr)

.comment
 *(.comment)

.debug
 *(.debug)

.line
 *(.line)

.debug_srcinfo
 *(.debug_srcinfo)

.debug_sfnames
 *(.debug_sfnames)

.debug_aranges
 *(.debug_aranges)

.debug_pubnames
 *(.debug_pubnames)

.debug_info
 *(.debug_info)
 *(.gnu.linkonce.wi.*)

.debug_abbrev
 *(.debug_abbrev)

.debug_line
 *(.debug_line)

.debug_frame
 *(.debug_frame)

.debug_str
 *(.debug_str)

.debug_loc
 *(.debug_loc)

.debug_macinfo
 *(.debug_macinfo)
OUTPUT(out/main.elf elf32-avr)
LOAD linker stubs
