Archive member included because of file (symbol)

f:/winavr-20100110/bin/../lib/gcc/avr/4.3.3/avr4\libgcc.a(_mulsi3.o)
                              out/relay.o (__mulsi3)
f:/winavr-20100110/bin/../lib/gcc/avr/4.3.3/avr4\libgcc.a(_exit.o)
                              f:/winavr-20100110/bin/../lib/gcc/avr/4.3.3/../../../../avr/lib/avr4/crtm8.o (exit)
f:/winavr-20100110/bin/../lib/gcc/avr/4.3.3/avr4\libgcc.a(_copy_data.o)
                              out/main.o (__do_copy_data)
f:/winavr-20100110/bin/../lib/gcc/avr/4.3.3/avr4\libgcc.a(_clear_bss.o)
                              out/main.o (__do_clear_bss)
f:/winavr-20100110/bin/../lib/gcc/avr/4.3.3/../../../../avr/lib/avr4\libc.a(ltoa.o)
                              out/uart.o (ltoa)
f:/winavr-20100110/bin/../lib/gcc/avr/4.3.3/../../../../avr/lib/avr4\libc.a(ultoa.o)
                              out/main.o (ultoa)
f:/winavr-20100110/bin/../lib/gcc/avr/4.3.3/../../../../avr/lib/avr4\libc.a(eerd_block_atmega8.o)
                              out/light.o (__eerd_block_m8)
f:/winavr-20100110/bin/../lib/gcc/avr/4.3.3/../../../../avr/lib/avr4\libc.a(eewr_block_atmega8.o)
                              out/light.o (__eewr_block_m8)
f:/winavr-20100110/bin/../lib/gcc/avr/4.3.3/../../../../avr/lib/avr4\libc.a(eewr_byte_atmega8.o)
                              f:/winavr-20100110/bin/../lib/gcc/avr/4.3.3/../../../../avr/lib/avr4\libc.a(eewr_block_atmega8.o) (__eewr_r18_m8)
f:/winavr-20100110/bin/../lib/gcc/avr/4.3.3/../../../../avr/lib/avr4\libc.a(strrev.o)
                              f:/winavr-20100110/bin/../lib/gcc/avr/4.3.3/../../../../avr/lib/avr4\libc.a(ltoa.o) (strrev)
f:/winavr-20100110/bin/../lib/gcc/avr/4.3.3/avr4\libgcc.a(_udivmodsi4.o)
                              f:/winavr-20100110/bin/../lib/gcc/avr/4.3.3/../../../../avr/lib/avr4\libc.a(ltoa.o) (__udivmodsi4)

Allocating common symbols
Common symbol       size              file

g_dimTarget         0x1               out/light.o
gTimer              0x4               out/systimer.o
lastOnTime          0x4               out/light.o
g_lightState        0x1               out/light.o
timerCallbacks      0x1c              out/systimer.o
g_dimFactor         0x1               out/light.o
g_movementPkg       0x5               out/light.o
_kbps               0x2               out/radio.o
_freqChannel        0x1               out/radio.o
g_32us              0x4               out/systimer.o
g_LightData         0x8               out/light.o
_packageSign        0x2               out/radio.o

Discarded input sections

 .data          0x00000000        0x0 f:/winavr-20100110/bin/../lib/gcc/avr/4.3.3/../../../../avr/lib/avr4/crtm8.o
 .bss           0x00000000        0x0 f:/winavr-20100110/bin/../lib/gcc/avr/4.3.3/../../../../avr/lib/avr4/crtm8.o
 .text          0x00000000        0x0 out/main.o
 .bss           0x00000000        0x0 out/main.o
 .text.mcpy     0x00000000        0x0 out/main.o
 .text.slen     0x00000000        0x0 out/main.o
 .text.sendColorIndex
                0x00000000        0x0 out/main.o
 .bss.pktSecv   0x00000000        0x0 out/main.o
 .text          0x00000000        0x0 out/radio.o
 .bss           0x00000000        0x0 out/radio.o
 .text.radio_softReset
                0x00000000        0x0 out/radio.o
 .text          0x00000000        0x0 out/key.o
 .data          0x00000000        0x0 out/key.o
 .bss           0x00000000        0x0 out/key.o
 .text.keyPress
                0x00000000        0x0 out/key.o
 .bss.btnTimer.1590
                0x00000000        0x0 out/key.o
 .text          0x00000000        0x0 out/ws2812.o
 .data          0x00000000        0x0 out/ws2812.o
 .bss           0x00000000        0x0 out/ws2812.o
 .text.ws2812_sendarray
                0x00000000        0x0 out/ws2812.o
 .text          0x00000000        0x0 out/spi.o
 .data          0x00000000        0x0 out/spi.o
 .bss           0x00000000        0x0 out/spi.o
 .text          0x00000000        0x0 out/uart.o
 .data          0x00000000        0x0 out/uart.o
 .bss           0x00000000        0x0 out/uart.o
 .text.printCh  0x00000000        0x0 out/uart.o
 .text          0x00000000        0x0 out/systimer.o
 .data          0x00000000        0x0 out/systimer.o
 .bss           0x00000000        0x0 out/systimer.o
 .text.timer_addCallback
                0x00000000        0x0 out/systimer.o
 .text          0x00000000        0x0 out/led.o
 .data          0x00000000        0x0 out/led.o
 .bss           0x00000000        0x0 out/led.o
 .text          0x00000000        0x0 out/relay.o
 .data          0x00000000        0x0 out/relay.o
 .bss           0x00000000        0x0 out/relay.o
 .text.relay_init
                0x00000000        0x0 out/relay.o
 .text.startTimer1
                0x00000000        0x0 out/relay.o
 .text.stopTimer1
                0x00000000        0x0 out/relay.o
 .text.relay_setDim
                0x00000000        0x0 out/relay.o
 .text.relay_getLastPeriod
                0x00000000        0x0 out/relay.o
 .text.relay_getNumCrosses
                0x00000000        0x0 out/relay.o
 .text.relay_getNumSwitches
                0x00000000        0x0 out/relay.o
 .text.relay_getIgnoredPulses
                0x00000000        0x0 out/relay.o
 .text          0x00000000        0x0 out/light.o
 .data          0x00000000        0x0 out/light.o
 .bss           0x00000000        0x0 out/light.o
 .text.light_processPkg
                0x00000000        0x0 out/light.o
 .text.light_loop
                0x00000000        0x0 out/light.o
 .text.light_init
                0x00000000        0x0 out/light.o
 .eeprom        0x00000000        0x0 out/light.o
 COMMON         0x00000000        0x0 out/light.o
 .text          0x00000000        0x0 out/heater.o
 .bss           0x00000000        0x0 out/heater.o
 .text          0x00000000        0x0 f:/winavr-20100110/bin/../lib/gcc/avr/4.3.3/avr4\libgcc.a(_mulsi3.o)
 .data          0x00000000        0x0 f:/winavr-20100110/bin/../lib/gcc/avr/4.3.3/avr4\libgcc.a(_mulsi3.o)
 .bss           0x00000000        0x0 f:/winavr-20100110/bin/../lib/gcc/avr/4.3.3/avr4\libgcc.a(_mulsi3.o)
 .text.libgcc   0x00000000        0x0 f:/winavr-20100110/bin/../lib/gcc/avr/4.3.3/avr4\libgcc.a(_mulsi3.o)
 .text          0x00000000        0x0 f:/winavr-20100110/bin/../lib/gcc/avr/4.3.3/avr4\libgcc.a(_exit.o)
 .data          0x00000000        0x0 f:/winavr-20100110/bin/../lib/gcc/avr/4.3.3/avr4\libgcc.a(_exit.o)
 .bss           0x00000000        0x0 f:/winavr-20100110/bin/../lib/gcc/avr/4.3.3/avr4\libgcc.a(_exit.o)
 .text.libgcc   0x00000000        0x0 f:/winavr-20100110/bin/../lib/gcc/avr/4.3.3/avr4\libgcc.a(_exit.o)
 .text          0x00000000        0x0 f:/winavr-20100110/bin/../lib/gcc/avr/4.3.3/avr4\libgcc.a(_copy_data.o)
 .data          0x00000000        0x0 f:/winavr-20100110/bin/../lib/gcc/avr/4.3.3/avr4\libgcc.a(_copy_data.o)
 .bss           0x00000000        0x0 f:/winavr-20100110/bin/../lib/gcc/avr/4.3.3/avr4\libgcc.a(_copy_data.o)
 .text.libgcc   0x00000000        0x0 f:/winavr-20100110/bin/../lib/gcc/avr/4.3.3/avr4\libgcc.a(_copy_data.o)
 .text          0x00000000        0x0 f:/winavr-20100110/bin/../lib/gcc/avr/4.3.3/avr4\libgcc.a(_clear_bss.o)
 .data          0x00000000        0x0 f:/winavr-20100110/bin/../lib/gcc/avr/4.3.3/avr4\libgcc.a(_clear_bss.o)
 .bss           0x00000000        0x0 f:/winavr-20100110/bin/../lib/gcc/avr/4.3.3/avr4\libgcc.a(_clear_bss.o)
 .text.libgcc   0x00000000        0x0 f:/winavr-20100110/bin/../lib/gcc/avr/4.3.3/avr4\libgcc.a(_clear_bss.o)
 .text          0x00000000        0x0 f:/winavr-20100110/bin/../lib/gcc/avr/4.3.3/../../../../avr/lib/avr4\libc.a(ltoa.o)
 .data          0x00000000        0x0 f:/winavr-20100110/bin/../lib/gcc/avr/4.3.3/../../../../avr/lib/avr4\libc.a(ltoa.o)
 .bss           0x00000000        0x0 f:/winavr-20100110/bin/../lib/gcc/avr/4.3.3/../../../../avr/lib/avr4\libc.a(ltoa.o)
 .text          0x00000000        0x0 f:/winavr-20100110/bin/../lib/gcc/avr/4.3.3/../../../../avr/lib/avr4\libc.a(ultoa.o)
 .data          0x00000000        0x0 f:/winavr-20100110/bin/../lib/gcc/avr/4.3.3/../../../../avr/lib/avr4\libc.a(ultoa.o)
 .bss           0x00000000        0x0 f:/winavr-20100110/bin/../lib/gcc/avr/4.3.3/../../../../avr/lib/avr4\libc.a(ultoa.o)
 .text          0x00000000        0x0 f:/winavr-20100110/bin/../lib/gcc/avr/4.3.3/../../../../avr/lib/avr4\libc.a(eerd_block_atmega8.o)
 .data          0x00000000        0x0 f:/winavr-20100110/bin/../lib/gcc/avr/4.3.3/../../../../avr/lib/avr4\libc.a(eerd_block_atmega8.o)
 .bss           0x00000000        0x0 f:/winavr-20100110/bin/../lib/gcc/avr/4.3.3/../../../../avr/lib/avr4\libc.a(eerd_block_atmega8.o)
 .text.avr-libc
                0x00000000        0x0 f:/winavr-20100110/bin/../lib/gcc/avr/4.3.3/../../../../avr/lib/avr4\libc.a(eerd_block_atmega8.o)
 .text          0x00000000        0x0 f:/winavr-20100110/bin/../lib/gcc/avr/4.3.3/../../../../avr/lib/avr4\libc.a(eewr_block_atmega8.o)
 .data          0x00000000        0x0 f:/winavr-20100110/bin/../lib/gcc/avr/4.3.3/../../../../avr/lib/avr4\libc.a(eewr_block_atmega8.o)
 .bss           0x00000000        0x0 f:/winavr-20100110/bin/../lib/gcc/avr/4.3.3/../../../../avr/lib/avr4\libc.a(eewr_block_atmega8.o)
 .text.avr-libc
                0x00000000        0x0 f:/winavr-20100110/bin/../lib/gcc/avr/4.3.3/../../../../avr/lib/avr4\libc.a(eewr_block_atmega8.o)
 .text          0x00000000        0x0 f:/winavr-20100110/bin/../lib/gcc/avr/4.3.3/../../../../avr/lib/avr4\libc.a(eewr_byte_atmega8.o)
 .data          0x00000000        0x0 f:/winavr-20100110/bin/../lib/gcc/avr/4.3.3/../../../../avr/lib/avr4\libc.a(eewr_byte_atmega8.o)
 .bss           0x00000000        0x0 f:/winavr-20100110/bin/../lib/gcc/avr/4.3.3/../../../../avr/lib/avr4\libc.a(eewr_byte_atmega8.o)
 .text.avr-libc
                0x00000000        0x0 f:/winavr-20100110/bin/../lib/gcc/avr/4.3.3/../../../../avr/lib/avr4\libc.a(eewr_byte_atmega8.o)
 .text          0x00000000        0x0 f:/winavr-20100110/bin/../lib/gcc/avr/4.3.3/../../../../avr/lib/avr4\libc.a(strrev.o)
 .data          0x00000000        0x0 f:/winavr-20100110/bin/../lib/gcc/avr/4.3.3/../../../../avr/lib/avr4\libc.a(strrev.o)
 .bss           0x00000000        0x0 f:/winavr-20100110/bin/../lib/gcc/avr/4.3.3/../../../../avr/lib/avr4\libc.a(strrev.o)
 .text          0x00000000        0x0 f:/winavr-20100110/bin/../lib/gcc/avr/4.3.3/avr4\libgcc.a(_udivmodsi4.o)
 .data          0x00000000        0x0 f:/winavr-20100110/bin/../lib/gcc/avr/4.3.3/avr4\libgcc.a(_udivmodsi4.o)
 .bss           0x00000000        0x0 f:/winavr-20100110/bin/../lib/gcc/avr/4.3.3/avr4\libgcc.a(_udivmodsi4.o)

Memory Configuration

Name             Origin             Length             Attributes
text             0x00000000         0x00002000         xr
data             0x00800060         0x0000ffa0         rw !x
eeprom           0x00810000         0x00010000         rw !x
fuse             0x00820000         0x00000400         rw !x
lock             0x00830000         0x00000400         rw !x
signature        0x00840000         0x00000400         rw !x
*default*        0x00000000         0xffffffff

Linker script and memory map

LOAD f:/winavr-20100110/bin/../lib/gcc/avr/4.3.3/../../../../avr/lib/avr4/crtm8.o
LOAD out/main.o
LOAD out/radio.o
LOAD out/key.o
LOAD out/ws2812.o
LOAD out/spi.o
LOAD out/uart.o
LOAD out/systimer.o
LOAD out/led.o
LOAD out/relay.o
LOAD out/light.o
LOAD out/heater.o
LOAD f:/winavr-20100110/bin/../lib/gcc/avr/4.3.3/avr4\libgcc.a
LOAD f:/winavr-20100110/bin/../lib/gcc/avr/4.3.3/../../../../avr/lib/avr4\libc.a
LOAD f:/winavr-20100110/bin/../lib/gcc/avr/4.3.3/avr4\libgcc.a

.hash
 *(.hash)

.dynsym
 *(.dynsym)

.dynstr
 *(.dynstr)

.gnu.version
 *(.gnu.version)

.gnu.version_d
 *(.gnu.version_d)

.gnu.version_r
 *(.gnu.version_r)

.rel.init
 *(.rel.init)

.rela.init
 *(.rela.init)

.rel.text
 *(.rel.text)
 *(.rel.text.*)
 *(.rel.gnu.linkonce.t*)

.rela.text
 *(.rela.text)
 *(.rela.text.*)
 *(.rela.gnu.linkonce.t*)

.rel.fini
 *(.rel.fini)

.rela.fini
 *(.rela.fini)

.rel.rodata
 *(.rel.rodata)
 *(.rel.rodata.*)
 *(.rel.gnu.linkonce.r*)

.rela.rodata
 *(.rela.rodata)
 *(.rela.rodata.*)
 *(.rela.gnu.linkonce.r*)

.rel.data
 *(.rel.data)
 *(.rel.data.*)
 *(.rel.gnu.linkonce.d*)

.rela.data
 *(.rela.data)
 *(.rela.data.*)
 *(.rela.gnu.linkonce.d*)

.rel.ctors
 *(.rel.ctors)

.rela.ctors
 *(.rela.ctors)

.rel.dtors
 *(.rel.dtors)

.rela.dtors
 *(.rela.dtors)

.rel.got
 *(.rel.got)

.rela.got
 *(.rela.got)

.rel.bss
 *(.rel.bss)

.rela.bss
 *(.rela.bss)

.rel.plt
 *(.rel.plt)

.rela.plt
 *(.rela.plt)

.text           0x00000000     0x14de
 *(.vectors)
 .vectors       0x00000000       0x26 f:/winavr-20100110/bin/../lib/gcc/avr/4.3.3/../../../../avr/lib/avr4/crtm8.o
                0x00000000                __vectors
                0x00000000                __vector_default
 *(.vectors)
 *(.progmem.gcc*)
 *(.progmem*)
                0x00000026                . = ALIGN (0x2)
                0x00000026                __trampolines_start = .
 *(.trampolines)
 .trampolines   0x00000026        0x0 linker stubs
 *(.trampolines*)
                0x00000026                __trampolines_end = .
 *(.jumptables)
 *(.jumptables*)
 *(.lowtext)
 *(.lowtext*)
                0x00000026                __ctors_start = .
 *(.ctors)
                0x00000026                __ctors_end = .
                0x00000026                __dtors_start = .
 *(.dtors)
                0x00000026                __dtors_end = .
 SORT(*)(.ctors)
 SORT(*)(.dtors)
 *(.init0)
 .init0         0x00000026        0x0 f:/winavr-20100110/bin/../lib/gcc/avr/4.3.3/../../../../avr/lib/avr4/crtm8.o
                0x00000026                __init
 *(.init0)
 *(.init1)
 *(.init1)
 *(.init2)
 .init2         0x00000026        0xc f:/winavr-20100110/bin/../lib/gcc/avr/4.3.3/../../../../avr/lib/avr4/crtm8.o
 *(.init2)
 *(.init3)
 *(.init3)
 *(.init4)
 .init4         0x00000032       0x16 f:/winavr-20100110/bin/../lib/gcc/avr/4.3.3/avr4\libgcc.a(_copy_data.o)
                0x00000032                __do_copy_data
 .init4         0x00000048       0x10 f:/winavr-20100110/bin/../lib/gcc/avr/4.3.3/avr4\libgcc.a(_clear_bss.o)
                0x00000048                __do_clear_bss
 *(.init4)
 *(.init5)
 *(.init5)
 *(.init6)
 *(.init6)
 *(.init7)
 *(.init7)
 *(.init8)
 *(.init8)
 *(.init9)
 .init9         0x00000058        0x4 f:/winavr-20100110/bin/../lib/gcc/avr/4.3.3/../../../../avr/lib/avr4/crtm8.o
 *(.init9)
 *(.text)
 .text          0x0000005c        0x2 f:/winavr-20100110/bin/../lib/gcc/avr/4.3.3/../../../../avr/lib/avr4/crtm8.o
                0x0000005c                __vector_1
                0x0000005c                __vector_12
                0x0000005c                __bad_interrupt
                0x0000005c                __vector_3
                0x0000005c                __vector_11
                0x0000005c                __vector_13
                0x0000005c                __vector_17
                0x0000005c                __vector_7
                0x0000005c                __vector_5
                0x0000005c                __vector_4
                0x0000005c                __vector_15
                0x0000005c                __vector_8
                0x0000005c                __vector_14
                0x0000005c                __vector_10
                0x0000005c                __vector_16
                0x0000005c                __vector_18
                0x0000005e                . = ALIGN (0x2)
 *(.text.*)
 .text.initHw   0x0000005e       0x26 out/main.o
                0x0000005e                initHw
 .text.main     0x00000084      0x15e out/main.o
                0x00000084                main
 .text.BurstRead
                0x000001e2       0x54 out/radio.o
 .text.ReadRegister
                0x00000236       0x22 out/radio.o
 .text.BurstWrite
                0x00000258       0x54 out/radio.o
 .text.ChangeRegister
                0x000002ac       0x1e out/radio.o
 .text.switchMode
                0x000002ca        0xa out/radio.o
 .text.radio_clearFIFO
                0x000002d4       0x12 out/radio.o
                0x000002d4                radio_clearFIFO
 .text.radio_clearRxFIFO
                0x000002e6       0x12 out/radio.o
                0x000002e6                radio_clearRxFIFO
 .text.radio_isPacketReceived
                0x000002f8       0x38 out/radio.o
                0x000002f8                radio_isPacketReceived
 .text.radio_getPacketReceived
                0x00000330       0x34 out/radio.o
                0x00000330                radio_getPacketReceived
 .text.radio_startListening
                0x00000364       0x24 out/radio.o
                0x00000364                radio_startListening
 .text.radio_clearTxFIFO
                0x00000388       0x12 out/radio.o
                0x00000388                radio_clearTxFIFO
 .text.radio_setChannel
                0x0000039a        0xa out/radio.o
                0x0000039a                radio_setChannel
 .text.radio_setCommsSignature
                0x000003a4       0x30 out/radio.o
                0x000003a4                radio_setCommsSignature
 .text.radio_setBaudRateFast
                0x000003d4       0x5e out/radio.o
                0x000003d4                radio_setBaudRateFast
 .text.boot     0x00000432       0xa8 out/radio.o
 .text.radio_hardReset
                0x000004da       0x76 out/radio.o
                0x000004da                radio_hardReset
 .text.radio_init
                0x00000550       0x1c out/radio.o
                0x00000550                radio_init
 .text.radio_readAll
                0x0000056c      0x15c out/radio.o
                0x0000056c                radio_readAll
 .text.radio_waitForPacket
                0x000006c8      0x1e6 out/radio.o
                0x000006c8                radio_waitForPacket
 .text.radio_sendPacket
                0x000008ae      0x22c out/radio.o
                0x000008ae                radio_sendPacket
 .text.radio_sendPacketSimple
                0x00000ada       0x2e out/radio.o
                0x00000ada                radio_sendPacketSimple
 .text.initKey  0x00000b08        0x6 out/key.o
                0x00000b08                initKey
 .text.ws2812_sendarray_mask
                0x00000b0e       0x38 out/ws2812.o
                0x00000b0e                ws2812_sendarray_mask
 .text.ws2812_setleds_pin
                0x00000b46       0x1a out/ws2812.o
                0x00000b46                ws2812_setleds_pin
 .text.ws2812_setleds
                0x00000b60        0x6 out/ws2812.o
                0x00000b60                ws2812_setleds
 .text.spi_begin
                0x00000b66       0x16 out/spi.o
                0x00000b66                spi_begin
 .text.spi_enable
                0x00000b7c        0x4 out/spi.o
                0x00000b7c                spi_enable
 .text.spi_disable
                0x00000b80        0x4 out/spi.o
                0x00000b80                spi_disable
 .text.spi_send
                0x00000b84       0x16 out/spi.o
                0x00000b84                spi_send
 .text.spi_recv
                0x00000b9a       0x1e out/spi.o
                0x00000b9a                spi_recv
 .text.initUart
                0x00000bb8       0x14 out/uart.o
                0x00000bb8                initUart
 .text.m_vsnprintf
                0x00000bcc      0x1fc out/uart.o
                0x00000bcc                m_vsnprintf
 .text.debugf   0x00000dc8       0x7a out/uart.o
                0x00000dc8                debugf
 .text.initSysTimer
                0x00000e42       0x38 out/systimer.o
                0x00000e42                initSysTimer
 .text.__vector_9
                0x00000e7a       0xc4 out/systimer.o
                0x00000e7a                __vector_9
 .text.led_init
                0x00000f3e        0x6 out/led.o
                0x00000f3e                led_init
 .text.led_set  0x00000f44       0x10 out/led.o
                0x00000f44                led_set
 .text.led_change
                0x00000f54       0x12 out/led.o
                0x00000f54                led_change
 .text.__vector_6
                0x00000f66       0xfc out/relay.o
                0x00000f66                __vector_6
 .text.__vector_2
                0x00001062       0xe0 out/relay.o
                0x00001062                __vector_2
 .text.heater_init
                0x00001142        0x6 out/heater.o
                0x00001142                heater_init
 .text.sendHeaterStatusPkg
                0x00001148       0xf2 out/heater.o
                0x00001148                sendHeaterStatusPkg
 .text.heater_processPkg
                0x0000123a      0x148 out/heater.o
                0x0000123a                heater_processPkg
 .text.heater_loop
                0x00001382       0x4a out/heater.o
                0x00001382                heater_loop
 .text.avr-libc
                0x000013cc       0x64 f:/winavr-20100110/bin/../lib/gcc/avr/4.3.3/../../../../avr/lib/avr4\libc.a(ltoa.o)
                0x000013cc                ltoa
 .text.avr-libc
                0x00001430       0x46 f:/winavr-20100110/bin/../lib/gcc/avr/4.3.3/../../../../avr/lib/avr4\libc.a(ultoa.o)
                0x00001430                ultoa
 .text.avr-libc
                0x00001476       0x20 f:/winavr-20100110/bin/../lib/gcc/avr/4.3.3/../../../../avr/lib/avr4\libc.a(strrev.o)
                0x00001476                strrev
 .text.libgcc   0x00001496       0x44 f:/winavr-20100110/bin/../lib/gcc/avr/4.3.3/avr4\libgcc.a(_udivmodsi4.o)
                0x00001496                __udivmodsi4
                0x000014da                . = ALIGN (0x2)
 *(.fini9)
 .fini9         0x000014da        0x0 f:/winavr-20100110/bin/../lib/gcc/avr/4.3.3/avr4\libgcc.a(_exit.o)
                0x000014da                exit
                0x000014da                _exit
 *(.fini9)
 *(.fini8)
 *(.fini8)
 *(.fini7)
 *(.fini7)
 *(.fini6)
 *(.fini6)
 *(.fini5)
 *(.fini5)
 *(.fini4)
 *(.fini4)
 *(.fini3)
 *(.fini3)
 *(.fini2)
 *(.fini2)
 *(.fini1)
 *(.fini1)
 *(.fini0)
 .fini0         0x000014da        0x4 f:/winavr-20100110/bin/../lib/gcc/avr/4.3.3/avr4\libgcc.a(_exit.o)
 *(.fini0)
                0x000014de                _etext = .

.data           0x00800060      0x150 load address 0x000014de
                0x00800060                PROVIDE (__data_start, .)
 *(.data)
 .data          0x00800060       0x6d out/main.o
 .data          0x008000cd       0x81 out/radio.o
 .data          0x0080014e       0x2d out/heater.o
 *(.data*)
 .data.gColorPallette
                0x0080017b        0xc out/main.o
                0x0080017b                gColorPallette
 .data.BaudRates
                0x00800187       0x24 out/radio.o
                0x00800187                BaudRates
 .data.gLedState
                0x008001ab        0x1 out/led.o
                0x008001ab                gLedState
 .data.g_delayActivation
                0x008001ac        0x2 out/relay.o
                0x008001ac                g_delayActivation
 .data.g_heaterStatus
                0x008001ae        0x1 out/heater.o
                0x008001ae                g_heaterStatus
 .data.g_heaterFault
                0x008001af        0x1 out/heater.o
                0x008001af                g_heaterFault
 *(.rodata)
 *(.rodata*)
 *(.gnu.linkonce.d*)
                0x008001b0                . = ALIGN (0x2)
                0x008001b0                _edata = .
                0x008001b0                PROVIDE (__data_end, .)

.bss            0x008001b0       0x43
                0x008001b0                PROVIDE (__bss_start, .)
 *(.bss)
 *(.bss*)
 .bss._intPin   0x008001b0        0x1 out/radio.o
                0x008001b0                _intPin
 .bss.whole     0x008001b1        0x1 out/systimer.o
                0x008001b1                whole
 .bss.fraction  0x008001b2        0x1 out/systimer.o
                0x008001b2                fraction
 .bss.g_lastCrossTime
                0x008001b3        0x4 out/relay.o
                0x008001b3                g_lastCrossTime
 .bss.g_lastPeriod
                0x008001b7        0x2 out/relay.o
                0x008001b7                g_lastPeriod
 .bss.g_numCrosses
                0x008001b9        0x2 out/relay.o
                0x008001b9                g_numCrosses
 .bss.g_numSwitches
                0x008001bb        0x2 out/relay.o
                0x008001bb                g_numSwitches
 .bss.g_ignoredPulses
                0x008001bd        0x2 out/relay.o
                0x008001bd                g_ignoredPulses
 .bss.g_relayState
                0x008001bf        0x1 out/relay.o
                0x008001bf                g_relayState
 .bss.g_heaterLastGasReading
                0x008001c0        0x2 out/heater.o
                0x008001c0                g_heaterLastGasReading
 .bss.g_heaterLowGasThresh
                0x008001c2        0x2 out/heater.o
                0x008001c2                g_heaterLowGasThresh
 .bss.g_heaterMedGasThresh
                0x008001c4        0x2 out/heater.o
                0x008001c4                g_heaterMedGasThresh
 .bss.g_heaterHighGasThresh
                0x008001c6        0x2 out/heater.o
                0x008001c6                g_heaterHighGasThresh
 .bss.g_heaterPkgSequence
                0x008001c8        0x1 out/heater.o
                0x008001c8                g_heaterPkgSequence
 .bss.g_heaterWarningLoopCounter
                0x008001c9        0x1 out/heater.o
                0x008001c9                g_heaterWarningLoopCounter
 *(COMMON)
 COMMON         0x008001ca        0x5 out/radio.o
                0x008001ca                _kbps
                0x008001cc                _freqChannel
                0x008001cd                _packageSign
 COMMON         0x008001cf       0x24 out/systimer.o
                0x008001cf                gTimer
                0x008001d3                timerCallbacks
                0x008001ef                g_32us
                0x008001f3                PROVIDE (__bss_end, .)
                0x000014de                __data_load_start = LOADADDR (.data)
                0x0000162e                __data_load_end = (__data_load_start + SIZEOF (.data))

.noinit         0x008001f3        0x0
                0x008001f3                PROVIDE (__noinit_start, .)
 *(.noinit*)
                0x008001f3                PROVIDE (__noinit_end, .)
                0x008001f3                _end = .
                0x008001f3                PROVIDE (__heap_start, .)

.eeprom         0x00810000        0x0
 *(.eeprom*)
                0x00810000                __eeprom_end = .

.fuse
 *(.fuse)
 *(.lfuse)
 *(.hfuse)
 *(.efuse)

.lock
 *(.lock*)

.signature
 *(.signature*)

.stab
 *(.stab)

.stabstr
 *(.stabstr)

.stab.excl
 *(.stab.excl)

.stab.exclstr
 *(.stab.exclstr)

.stab.index
 *(.stab.index)

.stab.indexstr
 *(.stab.indexstr)

.comment
 *(.comment)

.debug
 *(.debug)

.line
 *(.line)

.debug_srcinfo
 *(.debug_srcinfo)

.debug_sfnames
 *(.debug_sfnames)

.debug_aranges
 *(.debug_aranges)

.debug_pubnames
 *(.debug_pubnames)

.debug_info
 *(.debug_info)
 *(.gnu.linkonce.wi.*)

.debug_abbrev
 *(.debug_abbrev)

.debug_line
 *(.debug_line)

.debug_frame
 *(.debug_frame)

.debug_str
 *(.debug_str)

.debug_loc
 *(.debug_loc)

.debug_macinfo
 *(.debug_macinfo)
OUTPUT(out/main.elf elf32-avr)
LOAD linker stubs
