Archive member included because of file (symbol)

c:/winavr-20100110/bin/../lib/gcc/avr/4.3.3/avr5\libgcc.a(_mulsi3.o)
                              out/relay.o (__mulsi3)
c:/winavr-20100110/bin/../lib/gcc/avr/4.3.3/avr5\libgcc.a(_exit.o)
                              c:/winavr-20100110/bin/../lib/gcc/avr/4.3.3/../../../../avr/lib/avr5/crtm328.o (exit)
c:/winavr-20100110/bin/../lib/gcc/avr/4.3.3/avr5\libgcc.a(_copy_data.o)
                              out/main.o (__do_copy_data)
c:/winavr-20100110/bin/../lib/gcc/avr/4.3.3/avr5\libgcc.a(_clear_bss.o)
                              out/main.o (__do_clear_bss)
c:/winavr-20100110/bin/../lib/gcc/avr/4.3.3/../../../../avr/lib/avr5\libc.a(ltoa.o)
                              out/uart.o (ltoa)
c:/winavr-20100110/bin/../lib/gcc/avr/4.3.3/../../../../avr/lib/avr5\libc.a(ultoa.o)
                              out/uart.o (ultoa)
c:/winavr-20100110/bin/../lib/gcc/avr/4.3.3/../../../../avr/lib/avr5\libc.a(eerd_block_atmega328.o)
                              out/light.o (__eerd_block_m328)
c:/winavr-20100110/bin/../lib/gcc/avr/4.3.3/../../../../avr/lib/avr5\libc.a(eewr_block_atmega328.o)
                              out/light.o (__eewr_block_m328)
c:/winavr-20100110/bin/../lib/gcc/avr/4.3.3/../../../../avr/lib/avr5\libc.a(eewr_byte_atmega328.o)
                              c:/winavr-20100110/bin/../lib/gcc/avr/4.3.3/../../../../avr/lib/avr5\libc.a(eewr_block_atmega328.o) (__eewr_r18_m328)
c:/winavr-20100110/bin/../lib/gcc/avr/4.3.3/../../../../avr/lib/avr5\libc.a(strrev.o)
                              c:/winavr-20100110/bin/../lib/gcc/avr/4.3.3/../../../../avr/lib/avr5\libc.a(ltoa.o) (strrev)
c:/winavr-20100110/bin/../lib/gcc/avr/4.3.3/avr5\libgcc.a(_udivmodsi4.o)
                              c:/winavr-20100110/bin/../lib/gcc/avr/4.3.3/../../../../avr/lib/avr5\libc.a(ltoa.o) (__udivmodsi4)

Allocating common symbols
Common symbol       size              file

g_dimTarget         0x1               out/light.o
gTimer              0x4               out/systimer.o
lastOnTime          0x4               out/light.o
g_lightState        0x1               out/light.o
timerCallbacks      0x1c              out/systimer.o
g_dimFactor         0x1               out/light.o
g_movementPkg       0x5               out/light.o
_kbps               0x2               out/radio.o
_freqChannel        0x1               out/radio.o
g_32us              0x4               out/systimer.o
g_LightData         0x8               out/light.o
_packageSign        0x2               out/radio.o

Discarded input sections

 .data          0x00000000        0x0 c:/winavr-20100110/bin/../lib/gcc/avr/4.3.3/../../../../avr/lib/avr5/crtm328.o
 .bss           0x00000000        0x0 c:/winavr-20100110/bin/../lib/gcc/avr/4.3.3/../../../../avr/lib/avr5/crtm328.o
 .text          0x00000000        0x0 out/main.o
 .bss           0x00000000        0x0 out/main.o
 .text.mcpy     0x00000000        0x0 out/main.o
 .text.slen     0x00000000        0x0 out/main.o
 .bss.pktSecv   0x00000000        0x0 out/main.o
 .data.gColorPallette
                0x00000000        0x0 out/main.o
 .text          0x00000000        0x0 out/radio.o
 .bss           0x00000000        0x0 out/radio.o
 .text.radio_softReset
                0x00000000        0x0 out/radio.o
 .text          0x00000000        0x0 out/key.o
 .data          0x00000000        0x0 out/key.o
 .bss           0x00000000        0x0 out/key.o
 .text.keyPress
                0x00000000        0x0 out/key.o
 .bss.btnTimer.1591
                0x00000000        0x0 out/key.o
 .text          0x00000000        0x0 out/spi.o
 .data          0x00000000        0x0 out/spi.o
 .bss           0x00000000        0x0 out/spi.o
 .text          0x00000000        0x0 out/uart.o
 .data          0x00000000        0x0 out/uart.o
 .bss           0x00000000        0x0 out/uart.o
 .text.printCh  0x00000000        0x0 out/uart.o
 .text          0x00000000        0x0 out/systimer.o
 .data          0x00000000        0x0 out/systimer.o
 .bss           0x00000000        0x0 out/systimer.o
 .text.timer_addCallback
                0x00000000        0x0 out/systimer.o
 .text          0x00000000        0x0 out/led.o
 .data          0x00000000        0x0 out/led.o
 .bss           0x00000000        0x0 out/led.o
 .text          0x00000000        0x0 out/relay.o
 .data          0x00000000        0x0 out/relay.o
 .bss           0x00000000        0x0 out/relay.o
 .text.relay_init
                0x00000000        0x0 out/relay.o
 .text.startTimer1
                0x00000000        0x0 out/relay.o
 .text.stopTimer1
                0x00000000        0x0 out/relay.o
 .text.relay_setDim
                0x00000000        0x0 out/relay.o
 .text.relay_getLastPeriod
                0x00000000        0x0 out/relay.o
 .text.relay_getNumCrosses
                0x00000000        0x0 out/relay.o
 .text.relay_getNumSwitches
                0x00000000        0x0 out/relay.o
 .text.relay_getIgnoredPulses
                0x00000000        0x0 out/relay.o
 .text          0x00000000        0x0 out/light.o
 .data          0x00000000        0x0 out/light.o
 .bss           0x00000000        0x0 out/light.o
 .text.light_processPkg
                0x00000000        0x0 out/light.o
 .text.light_loop
                0x00000000        0x0 out/light.o
 .text.light_init
                0x00000000        0x0 out/light.o
 .eeprom        0x00000000        0x0 out/light.o
 COMMON         0x00000000        0x0 out/light.o
 .text          0x00000000        0x0 out/heater.o
 .bss           0x00000000        0x0 out/heater.o
 .text          0x00000000        0x0 out/ws2812.o
 .data          0x00000000        0x0 out/ws2812.o
 .bss           0x00000000        0x0 out/ws2812.o
 .text.ws2812_sendarray_mask
                0x00000000        0x0 out/ws2812.o
 .text.ws2812_sendarray
                0x00000000        0x0 out/ws2812.o
 .text.ws2812_setleds_pin
                0x00000000        0x0 out/ws2812.o
 .text.ws2812_setleds
                0x00000000        0x0 out/ws2812.o
 .text          0x00000000        0x0 c:/winavr-20100110/bin/../lib/gcc/avr/4.3.3/avr5\libgcc.a(_mulsi3.o)
 .data          0x00000000        0x0 c:/winavr-20100110/bin/../lib/gcc/avr/4.3.3/avr5\libgcc.a(_mulsi3.o)
 .bss           0x00000000        0x0 c:/winavr-20100110/bin/../lib/gcc/avr/4.3.3/avr5\libgcc.a(_mulsi3.o)
 .text.libgcc   0x00000000        0x0 c:/winavr-20100110/bin/../lib/gcc/avr/4.3.3/avr5\libgcc.a(_mulsi3.o)
 .text          0x00000000        0x0 c:/winavr-20100110/bin/../lib/gcc/avr/4.3.3/avr5\libgcc.a(_exit.o)
 .data          0x00000000        0x0 c:/winavr-20100110/bin/../lib/gcc/avr/4.3.3/avr5\libgcc.a(_exit.o)
 .bss           0x00000000        0x0 c:/winavr-20100110/bin/../lib/gcc/avr/4.3.3/avr5\libgcc.a(_exit.o)
 .text.libgcc   0x00000000        0x0 c:/winavr-20100110/bin/../lib/gcc/avr/4.3.3/avr5\libgcc.a(_exit.o)
 .text          0x00000000        0x0 c:/winavr-20100110/bin/../lib/gcc/avr/4.3.3/avr5\libgcc.a(_copy_data.o)
 .data          0x00000000        0x0 c:/winavr-20100110/bin/../lib/gcc/avr/4.3.3/avr5\libgcc.a(_copy_data.o)
 .bss           0x00000000        0x0 c:/winavr-20100110/bin/../lib/gcc/avr/4.3.3/avr5\libgcc.a(_copy_data.o)
 .text.libgcc   0x00000000        0x0 c:/winavr-20100110/bin/../lib/gcc/avr/4.3.3/avr5\libgcc.a(_copy_data.o)
 .text          0x00000000        0x0 c:/winavr-20100110/bin/../lib/gcc/avr/4.3.3/avr5\libgcc.a(_clear_bss.o)
 .data          0x00000000        0x0 c:/winavr-20100110/bin/../lib/gcc/avr/4.3.3/avr5\libgcc.a(_clear_bss.o)
 .bss           0x00000000        0x0 c:/winavr-20100110/bin/../lib/gcc/avr/4.3.3/avr5\libgcc.a(_clear_bss.o)
 .text.libgcc   0x00000000        0x0 c:/winavr-20100110/bin/../lib/gcc/avr/4.3.3/avr5\libgcc.a(_clear_bss.o)
 .text          0x00000000        0x0 c:/winavr-20100110/bin/../lib/gcc/avr/4.3.3/../../../../avr/lib/avr5\libc.a(ltoa.o)
 .data          0x00000000        0x0 c:/winavr-20100110/bin/../lib/gcc/avr/4.3.3/../../../../avr/lib/avr5\libc.a(ltoa.o)
 .bss           0x00000000        0x0 c:/winavr-20100110/bin/../lib/gcc/avr/4.3.3/../../../../avr/lib/avr5\libc.a(ltoa.o)
 .text          0x00000000        0x0 c:/winavr-20100110/bin/../lib/gcc/avr/4.3.3/../../../../avr/lib/avr5\libc.a(ultoa.o)
 .data          0x00000000        0x0 c:/winavr-20100110/bin/../lib/gcc/avr/4.3.3/../../../../avr/lib/avr5\libc.a(ultoa.o)
 .bss           0x00000000        0x0 c:/winavr-20100110/bin/../lib/gcc/avr/4.3.3/../../../../avr/lib/avr5\libc.a(ultoa.o)
 .text          0x00000000        0x0 c:/winavr-20100110/bin/../lib/gcc/avr/4.3.3/../../../../avr/lib/avr5\libc.a(eerd_block_atmega328.o)
 .data          0x00000000        0x0 c:/winavr-20100110/bin/../lib/gcc/avr/4.3.3/../../../../avr/lib/avr5\libc.a(eerd_block_atmega328.o)
 .bss           0x00000000        0x0 c:/winavr-20100110/bin/../lib/gcc/avr/4.3.3/../../../../avr/lib/avr5\libc.a(eerd_block_atmega328.o)
 .text.avr-libc
                0x00000000        0x0 c:/winavr-20100110/bin/../lib/gcc/avr/4.3.3/../../../../avr/lib/avr5\libc.a(eerd_block_atmega328.o)
 .text          0x00000000        0x0 c:/winavr-20100110/bin/../lib/gcc/avr/4.3.3/../../../../avr/lib/avr5\libc.a(eewr_block_atmega328.o)
 .data          0x00000000        0x0 c:/winavr-20100110/bin/../lib/gcc/avr/4.3.3/../../../../avr/lib/avr5\libc.a(eewr_block_atmega328.o)
 .bss           0x00000000        0x0 c:/winavr-20100110/bin/../lib/gcc/avr/4.3.3/../../../../avr/lib/avr5\libc.a(eewr_block_atmega328.o)
 .text.avr-libc
                0x00000000        0x0 c:/winavr-20100110/bin/../lib/gcc/avr/4.3.3/../../../../avr/lib/avr5\libc.a(eewr_block_atmega328.o)
 .text          0x00000000        0x0 c:/winavr-20100110/bin/../lib/gcc/avr/4.3.3/../../../../avr/lib/avr5\libc.a(eewr_byte_atmega328.o)
 .data          0x00000000        0x0 c:/winavr-20100110/bin/../lib/gcc/avr/4.3.3/../../../../avr/lib/avr5\libc.a(eewr_byte_atmega328.o)
 .bss           0x00000000        0x0 c:/winavr-20100110/bin/../lib/gcc/avr/4.3.3/../../../../avr/lib/avr5\libc.a(eewr_byte_atmega328.o)
 .text.avr-libc
                0x00000000        0x0 c:/winavr-20100110/bin/../lib/gcc/avr/4.3.3/../../../../avr/lib/avr5\libc.a(eewr_byte_atmega328.o)
 .text          0x00000000        0x0 c:/winavr-20100110/bin/../lib/gcc/avr/4.3.3/../../../../avr/lib/avr5\libc.a(strrev.o)
 .data          0x00000000        0x0 c:/winavr-20100110/bin/../lib/gcc/avr/4.3.3/../../../../avr/lib/avr5\libc.a(strrev.o)
 .bss           0x00000000        0x0 c:/winavr-20100110/bin/../lib/gcc/avr/4.3.3/../../../../avr/lib/avr5\libc.a(strrev.o)
 .text          0x00000000        0x0 c:/winavr-20100110/bin/../lib/gcc/avr/4.3.3/avr5\libgcc.a(_udivmodsi4.o)
 .data          0x00000000        0x0 c:/winavr-20100110/bin/../lib/gcc/avr/4.3.3/avr5\libgcc.a(_udivmodsi4.o)
 .bss           0x00000000        0x0 c:/winavr-20100110/bin/../lib/gcc/avr/4.3.3/avr5\libgcc.a(_udivmodsi4.o)

Memory Configuration

Name             Origin             Length             Attributes
text             0x00000000         0x00020000         xr
data             0x00800060         0x0000ffa0         rw !x
eeprom           0x00810000         0x00010000         rw !x
fuse             0x00820000         0x00000400         rw !x
lock             0x00830000         0x00000400         rw !x
signature        0x00840000         0x00000400         rw !x
*default*        0x00000000         0xffffffff

Linker script and memory map

Address of section .data set to 0x800100
LOAD c:/winavr-20100110/bin/../lib/gcc/avr/4.3.3/../../../../avr/lib/avr5/crtm328.o
LOAD out/main.o
LOAD out/radio.o
LOAD out/key.o
LOAD out/spi.o
LOAD out/uart.o
LOAD out/systimer.o
LOAD out/led.o
LOAD out/relay.o
LOAD out/light.o
LOAD out/heater.o
LOAD out/ws2812.o
LOAD c:/winavr-20100110/bin/../lib/gcc/avr/4.3.3/avr5\libgcc.a
LOAD c:/winavr-20100110/bin/../lib/gcc/avr/4.3.3/../../../../avr/lib/avr5\libc.a
LOAD c:/winavr-20100110/bin/../lib/gcc/avr/4.3.3/avr5\libgcc.a

.hash
 *(.hash)

.dynsym
 *(.dynsym)

.dynstr
 *(.dynstr)

.gnu.version
 *(.gnu.version)

.gnu.version_d
 *(.gnu.version_d)

.gnu.version_r
 *(.gnu.version_r)

.rel.init
 *(.rel.init)

.rela.init
 *(.rela.init)

.rel.text
 *(.rel.text)
 *(.rel.text.*)
 *(.rel.gnu.linkonce.t*)

.rela.text
 *(.rela.text)
 *(.rela.text.*)
 *(.rela.gnu.linkonce.t*)

.rel.fini
 *(.rel.fini)

.rela.fini
 *(.rela.fini)

.rel.rodata
 *(.rel.rodata)
 *(.rel.rodata.*)
 *(.rel.gnu.linkonce.r*)

.rela.rodata
 *(.rela.rodata)
 *(.rela.rodata.*)
 *(.rela.gnu.linkonce.r*)

.rel.data
 *(.rel.data)
 *(.rel.data.*)
 *(.rel.gnu.linkonce.d*)

.rela.data
 *(.rela.data)
 *(.rela.data.*)
 *(.rela.gnu.linkonce.d*)

.rel.ctors
 *(.rel.ctors)

.rela.ctors
 *(.rela.ctors)

.rel.dtors
 *(.rel.dtors)

.rela.dtors
 *(.rela.dtors)

.rel.got
 *(.rel.got)

.rela.got
 *(.rela.got)

.rel.bss
 *(.rel.bss)

.rela.bss
 *(.rela.bss)

.rel.plt
 *(.rel.plt)

.rela.plt
 *(.rela.plt)

.text           0x00000000     0x1610
 *(.vectors)
 .vectors       0x00000000       0x68 c:/winavr-20100110/bin/../lib/gcc/avr/4.3.3/../../../../avr/lib/avr5/crtm328.o
                0x00000000                __vectors
                0x00000000                __vector_default
 *(.vectors)
 *(.progmem.gcc*)
 *(.progmem*)
                0x00000068                . = ALIGN (0x2)
                0x00000068                __trampolines_start = .
 *(.trampolines)
 .trampolines   0x00000068        0x0 linker stubs
 *(.trampolines*)
                0x00000068                __trampolines_end = .
 *(.jumptables)
 *(.jumptables*)
 *(.lowtext)
 *(.lowtext*)
                0x00000068                __ctors_start = .
 *(.ctors)
                0x00000068                __ctors_end = .
                0x00000068                __dtors_start = .
 *(.dtors)
                0x00000068                __dtors_end = .
 SORT(*)(.ctors)
 SORT(*)(.dtors)
 *(.init0)
 .init0         0x00000068        0x0 c:/winavr-20100110/bin/../lib/gcc/avr/4.3.3/../../../../avr/lib/avr5/crtm328.o
                0x00000068                __init
 *(.init0)
 *(.init1)
 *(.init1)
 *(.init2)
 .init2         0x00000068        0xc c:/winavr-20100110/bin/../lib/gcc/avr/4.3.3/../../../../avr/lib/avr5/crtm328.o
 *(.init2)
 *(.init3)
 *(.init3)
 *(.init4)
 .init4         0x00000074       0x16 c:/winavr-20100110/bin/../lib/gcc/avr/4.3.3/avr5\libgcc.a(_copy_data.o)
                0x00000074                __do_copy_data
 .init4         0x0000008a       0x10 c:/winavr-20100110/bin/../lib/gcc/avr/4.3.3/avr5\libgcc.a(_clear_bss.o)
                0x0000008a                __do_clear_bss
 *(.init4)
 *(.init5)
 *(.init5)
 *(.init6)
 *(.init6)
 *(.init7)
 *(.init7)
 *(.init8)
 *(.init8)
 *(.init9)
 .init9         0x0000009a        0x8 c:/winavr-20100110/bin/../lib/gcc/avr/4.3.3/../../../../avr/lib/avr5/crtm328.o
 *(.init9)
 *(.text)
 .text          0x000000a2        0x4 c:/winavr-20100110/bin/../lib/gcc/avr/4.3.3/../../../../avr/lib/avr5/crtm328.o
                0x000000a2                __vector_22
                0x000000a2                __vector_1
                0x000000a2                __vector_24
                0x000000a2                __vector_12
                0x000000a2                __bad_interrupt
                0x000000a2                __vector_6
                0x000000a2                __vector_3
                0x000000a2                __vector_23
                0x000000a2                __vector_25
                0x000000a2                __vector_13
                0x000000a2                __vector_17
                0x000000a2                __vector_19
                0x000000a2                __vector_7
                0x000000a2                __vector_5
                0x000000a2                __vector_4
                0x000000a2                __vector_9
                0x000000a2                __vector_21
                0x000000a2                __vector_15
                0x000000a2                __vector_8
                0x000000a2                __vector_14
                0x000000a2                __vector_10
                0x000000a2                __vector_18
                0x000000a2                __vector_20
                0x000000a6                . = ALIGN (0x2)
 *(.text.*)
 .text.initHw   0x000000a6       0x2a out/main.o
                0x000000a6                initHw
 .text.main     0x000000d0      0x16c out/main.o
                0x000000d0                main
 .text.BurstRead
                0x0000023c       0x5c out/radio.o
 .text.ReadRegister
                0x00000298       0x24 out/radio.o
 .text.BurstWrite
                0x000002bc       0x5c out/radio.o
 .text.ChangeRegister
                0x00000318       0x20 out/radio.o
 .text.switchMode
                0x00000338        0xc out/radio.o
 .text.radio_clearFIFO
                0x00000344       0x16 out/radio.o
                0x00000344                radio_clearFIFO
 .text.radio_clearRxFIFO
                0x0000035a       0x16 out/radio.o
                0x0000035a                radio_clearRxFIFO
 .text.radio_isPacketReceived
                0x00000370       0x44 out/radio.o
                0x00000370                radio_isPacketReceived
 .text.radio_getPacketReceived
                0x000003b4       0x3a out/radio.o
                0x000003b4                radio_getPacketReceived
 .text.radio_startListening
                0x000003ee       0x30 out/radio.o
                0x000003ee                radio_startListening
 .text.radio_clearTxFIFO
                0x0000041e       0x16 out/radio.o
                0x0000041e                radio_clearTxFIFO
 .text.radio_setChannel
                0x00000434        0xc out/radio.o
                0x00000434                radio_setChannel
 .text.radio_setCommsSignature
                0x00000440       0x38 out/radio.o
                0x00000440                radio_setCommsSignature
 .text.radio_setBaudRateFast
                0x00000478       0x64 out/radio.o
                0x00000478                radio_setBaudRateFast
 .text.boot     0x000004dc       0xd2 out/radio.o
 .text.radio_hardReset
                0x000005ae       0x80 out/radio.o
                0x000005ae                radio_hardReset
 .text.radio_init
                0x0000062e       0x1e out/radio.o
                0x0000062e                radio_init
 .text.radio_readAll
                0x0000064c      0x162 out/radio.o
                0x0000064c                radio_readAll
 .text.radio_waitForPacket
                0x000007ae      0x1f0 out/radio.o
                0x000007ae                radio_waitForPacket
 .text.radio_sendPacket
                0x0000099e      0x24e out/radio.o
                0x0000099e                radio_sendPacket
 .text.radio_sendPacketSimple
                0x00000bec       0x30 out/radio.o
                0x00000bec                radio_sendPacketSimple
 .text.initKey  0x00000c1c        0x6 out/key.o
                0x00000c1c                initKey
 .text.spi_begin
                0x00000c22       0x16 out/spi.o
                0x00000c22                spi_begin
 .text.spi_enable
                0x00000c38        0x4 out/spi.o
                0x00000c38                spi_enable
 .text.spi_disable
                0x00000c3c        0x4 out/spi.o
                0x00000c3c                spi_disable
 .text.spi_send
                0x00000c40       0x18 out/spi.o
                0x00000c40                spi_send
 .text.spi_recv
                0x00000c58       0x20 out/spi.o
                0x00000c58                spi_recv
 .text.initUart
                0x00000c78       0x1c out/uart.o
                0x00000c78                initUart
 .text.m_vsnprintf
                0x00000c94      0x200 out/uart.o
                0x00000c94                m_vsnprintf
 .text.debugf   0x00000e94       0x82 out/uart.o
                0x00000e94                debugf
 .text.initSysTimer
                0x00000f16       0x3a out/systimer.o
                0x00000f16                initSysTimer
 .text.__vector_16
                0x00000f50       0xc4 out/systimer.o
                0x00000f50                __vector_16
 .text.led_init
                0x00001014        0x6 out/led.o
                0x00001014                led_init
 .text.led_set  0x0000101a       0x10 out/led.o
                0x0000101a                led_set
 .text.led_change
                0x0000102a       0x14 out/led.o
                0x0000102a                led_change
 .text.__vector_11
                0x0000103e      0x130 out/relay.o
                0x0000103e                __vector_11
 .text.__vector_2
                0x0000116e       0xf0 out/relay.o
                0x0000116e                __vector_2
 .text.heater_init
                0x0000125e        0x6 out/heater.o
                0x0000125e                heater_init
 .text.sendHeaterStatusPkg
                0x00001264       0xfa out/heater.o
                0x00001264                sendHeaterStatusPkg
 .text.heater_processPkg
                0x0000135e      0x14c out/heater.o
                0x0000135e                heater_processPkg
 .text.heater_loop
                0x000014aa       0x4c out/heater.o
                0x000014aa                heater_loop
 .text.avr-libc
                0x000014f6       0x68 c:/winavr-20100110/bin/../lib/gcc/avr/4.3.3/../../../../avr/lib/avr5\libc.a(ltoa.o)
                0x000014f6                ltoa
 .text.avr-libc
                0x0000155e       0x4a c:/winavr-20100110/bin/../lib/gcc/avr/4.3.3/../../../../avr/lib/avr5\libc.a(ultoa.o)
                0x0000155e                ultoa
 .text.avr-libc
                0x000015a8       0x20 c:/winavr-20100110/bin/../lib/gcc/avr/4.3.3/../../../../avr/lib/avr5\libc.a(strrev.o)
                0x000015a8                strrev
 .text.libgcc   0x000015c8       0x44 c:/winavr-20100110/bin/../lib/gcc/avr/4.3.3/avr5\libgcc.a(_udivmodsi4.o)
                0x000015c8                __udivmodsi4
                0x0000160c                . = ALIGN (0x2)
 *(.fini9)
 .fini9         0x0000160c        0x0 c:/winavr-20100110/bin/../lib/gcc/avr/4.3.3/avr5\libgcc.a(_exit.o)
                0x0000160c                exit
                0x0000160c                _exit
 *(.fini9)
 *(.fini8)
 *(.fini8)
 *(.fini7)
 *(.fini7)
 *(.fini6)
 *(.fini6)
 *(.fini5)
 *(.fini5)
 *(.fini4)
 *(.fini4)
 *(.fini3)
 *(.fini3)
 *(.fini2)
 *(.fini2)
 *(.fini1)
 *(.fini1)
 *(.fini0)
 .fini0         0x0000160c        0x4 c:/winavr-20100110/bin/../lib/gcc/avr/4.3.3/avr5\libgcc.a(_exit.o)
 *(.fini0)
                0x00001610                _etext = .

.data           0x00800100       0xfc load address 0x00001610
                0x00800100                PROVIDE (__data_start, .)
 *(.data)
 .data          0x00800100       0x21 out/main.o
 .data          0x00800121       0x81 out/radio.o
 .data          0x008001a2       0x31 out/heater.o
 *(.data*)
 .data.BaudRates
                0x008001d3       0x24 out/radio.o
                0x008001d3                BaudRates
 .data.gLedState
                0x008001f7        0x1 out/led.o
                0x008001f7                gLedState
 .data.g_delayActivation
                0x008001f8        0x2 out/relay.o
                0x008001f8                g_delayActivation
 .data.g_heaterStatus
                0x008001fa        0x1 out/heater.o
                0x008001fa                g_heaterStatus
 .data.g_heaterFault
                0x008001fb        0x1 out/heater.o
                0x008001fb                g_heaterFault
 *(.rodata)
 *(.rodata*)
 *(.gnu.linkonce.d*)
                0x008001fc                . = ALIGN (0x2)
                0x008001fc                _edata = .
                0x008001fc                PROVIDE (__data_end, .)

.bss            0x008001fc       0x43
                0x008001fc                PROVIDE (__bss_start, .)
 *(.bss)
 *(.bss*)
 .bss._intPin   0x008001fc        0x1 out/radio.o
                0x008001fc                _intPin
 .bss.whole     0x008001fd        0x1 out/systimer.o
                0x008001fd                whole
 .bss.fraction  0x008001fe        0x1 out/systimer.o
                0x008001fe                fraction
 .bss.g_lastCrossTime
                0x008001ff        0x4 out/relay.o
                0x008001ff                g_lastCrossTime
 .bss.g_lastPeriod
                0x00800203        0x2 out/relay.o
                0x00800203                g_lastPeriod
 .bss.g_numCrosses
                0x00800205        0x2 out/relay.o
                0x00800205                g_numCrosses
 .bss.g_numSwitches
                0x00800207        0x2 out/relay.o
                0x00800207                g_numSwitches
 .bss.g_ignoredPulses
                0x00800209        0x2 out/relay.o
                0x00800209                g_ignoredPulses
 .bss.g_relayState
                0x0080020b        0x1 out/relay.o
                0x0080020b                g_relayState
 .bss.g_heaterLastGasReading
                0x0080020c        0x2 out/heater.o
                0x0080020c                g_heaterLastGasReading
 .bss.g_heaterLowGasThresh
                0x0080020e        0x2 out/heater.o
                0x0080020e                g_heaterLowGasThresh
 .bss.g_heaterMedGasThresh
                0x00800210        0x2 out/heater.o
                0x00800210                g_heaterMedGasThresh
 .bss.g_heaterHighGasThresh
                0x00800212        0x2 out/heater.o
                0x00800212                g_heaterHighGasThresh
 .bss.g_heaterPkgSequence
                0x00800214        0x1 out/heater.o
                0x00800214                g_heaterPkgSequence
 .bss.g_heaterWarningLoopCounter
                0x00800215        0x1 out/heater.o
                0x00800215                g_heaterWarningLoopCounter
 *(COMMON)
 COMMON         0x00800216        0x5 out/radio.o
                0x00800216                _kbps
                0x00800218                _freqChannel
                0x00800219                _packageSign
 COMMON         0x0080021b       0x24 out/systimer.o
                0x0080021b                gTimer
                0x0080021f                timerCallbacks
                0x0080023b                g_32us
                0x0080023f                PROVIDE (__bss_end, .)
                0x00001610                __data_load_start = LOADADDR (.data)
                0x0000170c                __data_load_end = (__data_load_start + SIZEOF (.data))

.noinit         0x0080023f        0x0
                0x0080023f                PROVIDE (__noinit_start, .)
 *(.noinit*)
                0x0080023f                PROVIDE (__noinit_end, .)
                0x0080023f                _end = .
                0x0080023f                PROVIDE (__heap_start, .)

.eeprom         0x00810000        0x0
 *(.eeprom*)
                0x00810000                __eeprom_end = .

.fuse
 *(.fuse)
 *(.lfuse)
 *(.hfuse)
 *(.efuse)

.lock
 *(.lock*)

.signature
 *(.signature*)

.stab
 *(.stab)

.stabstr
 *(.stabstr)

.stab.excl
 *(.stab.excl)

.stab.exclstr
 *(.stab.exclstr)

.stab.index
 *(.stab.index)

.stab.indexstr
 *(.stab.indexstr)

.comment
 *(.comment)

.debug
 *(.debug)

.line
 *(.line)

.debug_srcinfo
 *(.debug_srcinfo)

.debug_sfnames
 *(.debug_sfnames)

.debug_aranges
 *(.debug_aranges)

.debug_pubnames
 *(.debug_pubnames)

.debug_info
 *(.debug_info)
 *(.gnu.linkonce.wi.*)

.debug_abbrev
 *(.debug_abbrev)

.debug_line
 *(.debug_line)

.debug_frame
 *(.debug_frame)

.debug_str
 *(.debug_str)

.debug_loc
 *(.debug_loc)

.debug_macinfo
 *(.debug_macinfo)
OUTPUT(out/main.elf elf32-avr)
LOAD linker stubs
