Archive member included because of file (symbol)

c:/Espressif/ESP8266_SDK/lib\libmain.a(debug-vector.o)
                              (_DebugExceptionVector)
c:/Espressif/ESP8266_SDK/lib\libmain.a(double-vector.o)
                              (_DoubleExceptionVector)
c:/Espressif/ESP8266_SDK/lib\libmain.a(kernel-vector.o)
                              (_KernelExceptionVector)
c:/Espressif/ESP8266_SDK/lib\libmain.a(nmi-vector.o)
                              (_NMIExceptionVector)
c:/Espressif/ESP8266_SDK/lib\libmain.a(user-vector.o)
                              (_UserExceptionVector)
c:/Espressif/ESP8266_SDK/lib\libmain.a(vector.o)
                              (call_user_start)
c:/Espressif/ESP8266_SDK/lib\libmain.a(app_main.o)
                              c:/Espressif/ESP8266_SDK/lib\libmain.a(nmi-vector.o) (NMI_Handler)
c:/Espressif/ESP8266_SDK/lib\libmain.a(ets_timer.o)
                              c:/Espressif/ESP8266_SDK/lib\libmain.a(app_main.o) (ets_timer_setfn)
c:/Espressif/ESP8266_SDK/lib\libmain.a(mem_manager.o)
                              c:/Espressif/ESP8266_SDK/lib\libmain.a(app_main.o) (pvPortMalloc)
c:/Espressif/ESP8266_SDK/lib\libmain.a(spi_flash.o)
                              c:/Espressif/ESP8266_SDK/lib\libmain.a(app_main.o) (spi_flash_read)
c:/Espressif/ESP8266_SDK/lib\libmain.a(user_interface.o)
                              c:/Espressif/ESP8266_SDK/lib\libmain.a(app_main.o) (done_cb)
c:/Espressif/ESP8266_SDK/lib\libmain.a(eagle_lib.o)
                              c:/Espressif/ESP8266_SDK/lib\libmain.a(user_interface.o) (ets_sprintf)
c:/Espressif/ESP8266_SDK/lib\libmain.a(eagle_lwip_if.o)
                              c:/Espressif/ESP8266_SDK/lib\libmain.a(user_interface.o) (hostname)
c:/prj/homa/Sming/Sming/compiler/lib/\libsming.a(user_main.o)
                              c:/Espressif/ESP8266_SDK/lib\libmain.a(app_main.o) (user_init)
c:/prj/homa/Sming/Sming/compiler/lib/\libsming.a(System.o)
                              c:/prj/homa/Sming/Sming/compiler/lib/\libsming.a(user_main.o) (SystemClass::initialize())
c:/prj/homa/Sming/Sming/compiler/lib/\libsming.a(spiffs.o)
                              c:/prj/homa/Sming/Sming/compiler/lib/\libsming.a(user_main.o) (spiffs_mount)
c:/prj/homa/Sming/Sming/compiler/lib/\libsming.a(spiffs_hydrogen.o)
                              c:/prj/homa/Sming/Sming/compiler/lib/\libsming.a(spiffs.o) (SPIFFS_mount)
c:/prj/homa/Sming/Sming/compiler/lib/\libsming.a(spiffs_nucleus.o)
                              c:/prj/homa/Sming/Sming/compiler/lib/\libsming.a(spiffs_hydrogen.o) (spiffs_obj_lu_find_entry_visitor)
c:/prj/homa/Sming/Sming/compiler/lib/\libsming.a(esp_cplusplus.o)
                              c:/prj/homa/Sming/Sming/compiler/lib/\libsming.a(user_main.o) (cpp_core_initialize)
c:/prj/homa/Sming/Sming/compiler/lib/\libsming.a(IPAddress.o)
                              c:/prj/homa/Sming/Sming/compiler/lib/\libsming.a(user_main.o) (IPAddress::IPAddress(unsigned char, unsigned char, unsigned char, unsigned char))
c:/prj/homa/Sming/Sming/compiler/lib/\libsming.a(Print.o)
                              c:/prj/homa/Sming/Sming/compiler/lib/\libsming.a(IPAddress.o) (Print::print(char))
c:/prj/homa/Sming/Sming/compiler/lib/\libsming.a(WString.o)
                              c:/prj/homa/Sming/Sming/compiler/lib/\libsming.a(IPAddress.o) (String::~String())
c:/prj/homa/Sming/Sming/compiler/lib/\libsming.a(Interrupts.o)
                              c:/prj/homa/Sming/Sming/compiler/lib/\libsming.a(System.o) (noInterrupts())
c:/prj/homa/Sming/Sming/compiler/lib/\libsming.a(flashmem.o)
                              c:/prj/homa/Sming/Sming/compiler/lib/\libsming.a(spiffs.o) (flashmem_erase_sector)
c:/prj/homa/Sming/Sming/compiler/lib/\libsming.a(spiffs_cache.o)
                              c:/prj/homa/Sming/Sming/compiler/lib/\libsming.a(spiffs_hydrogen.o) (spiffs_phys_rd)
c:/prj/homa/Sming/Sming/compiler/lib/\libsming.a(spiffs_check.o)
                              c:/prj/homa/Sming/Sming/compiler/lib/\libsming.a(spiffs_hydrogen.o) (spiffs_lookup_consistency_check)
c:/prj/homa/Sming/Sming/compiler/lib/\libsming.a(spiffs_gc.o)
                              c:/prj/homa/Sming/Sming/compiler/lib/\libsming.a(spiffs_nucleus.o) (spiffs_gc_quick)
c:/prj/homa/Sming/Sming/compiler/lib/\libsming.a(stringconversion.o)
                              c:/prj/homa/Sming/Sming/compiler/lib/\libsming.a(WString.o) (ltoa)
c:/prj/homa/Sming/Sming/compiler/lib/\libsming.a(Digital.o)
                              c:/prj/homa/Sming/Sming/compiler/lib/\libsming.a(Interrupts.o) (pinMode(unsigned short, unsigned char))
out/build/app_app.a(application.o)
                              c:/prj/homa/Sming/Sming/compiler/lib/\libsming.a(user_main.o) (init())
out/build/app_app.a(device.o)
                              out/build/app_app.a(application.o) (enableDev(unsigned short, unsigned char))
out/build/app_app.a(drvDHT22.o)
[...]
Memory Configuration

Name             Origin             Length             Attributes
dport0_0_seg     0x3ff00000         0x00000010
dram0_0_seg      0x3ffe8000         0x00014000
iram1_0_seg      0x40100000         0x00008000
irom0_0_seg      0x40209000         0x00042000
*default*        0x00000000         0xffffffff

Linker script and memory map

START GROUP
LOAD c:/prj/homa/Sming/Sming/compiler/lib/\libmicroc.a
LOAD c:/prj/homa/Sming/Sming/compiler/lib/\libmicrogcc.a
LOAD c:/espressif/xtensa-lx106-elf/bin/../lib/gcc/xtensa-lx106-elf/4.8.2/../../../../xtensa-lx106-elf/lib\libhal.a
LOAD c:/Espressif/ESP8266_SDK/lib\libphy.a
LOAD c:/Espressif/ESP8266_SDK/lib\libpp.a
LOAD c:/Espressif/ESP8266_SDK/lib\libnet80211.a
LOAD c:/Espressif/ESP8266_SDK/lib\liblwip.a
LOAD c:/Espressif/ESP8266_SDK/lib\libwpa.a
LOAD c:/Espressif/ESP8266_SDK/lib\libmain.a
LOAD c:/prj/homa/Sming/Sming/compiler/lib/\libsming.a
LOAD out/build/app_app.a
END GROUP
                0x40000000                PROVIDE (_memmap_vecbase_reset, 0x40000000)
                0x00000110                _memmap_cacheattr_wb_base = 0x110
                0x00000110                _memmap_cacheattr_wt_base = 0x110
                0x00000220                _memmap_cacheattr_bp_base = 0x220
                0xfffff00f                _memmap_cacheattr_unused_mask = 0xfffff00f
                0x2222211f                _memmap_cacheattr_wb_trapnull = 0x2222211f
                0x2222211f                _memmap_cacheattr_wba_trapnull = 0x2222211f
                0x2222211f                _memmap_cacheattr_wbna_trapnull = 0x2222211f
                0x2222211f                _memmap_cacheattr_wt_trapnull = 0x2222211f
                0x2222222f                _memmap_cacheattr_bp_trapnull = 0x2222222f
                0xfffff11f                _memmap_cacheattr_wb_strict = 0xfffff11f
                0xfffff11f                _memmap_cacheattr_wt_strict = 0xfffff11f
                0xfffff22f                _memmap_cacheattr_bp_strict = 0xfffff22f
                0x22222112                _memmap_cacheattr_wb_allvalid = 0x22222112
                0x22222112                _memmap_cacheattr_wt_allvalid = 0x22222112
                0x22222222                _memmap_cacheattr_bp_allvalid = 0x22222222
                0x2222211f                PROVIDE (_memmap_cacheattr_reset, _memmap_cacheattr_wb_trapnull)

.dport0.rodata  0x3ff00000        0x0
                0x3ff00000                _dport0_rodata_start = ABSOLUTE (.)
 *(.dport0.rodata)
 *(.dport.rodata)
                0x3ff00000                _dport0_rodata_end = ABSOLUTE (.)

.dport0.literal
                0x3ff00000        0x0
                0x3ff00000                _dport0_literal_start = ABSOLUTE (.)
 *(.dport0.literal)
 *(.dport.literal)
                0x3ff00000                _dport0_literal_end = ABSOLUTE (.)

.dport0.data    0x3ff00000        0x0
                0x3ff00000                _dport0_data_start = ABSOLUTE (.)
 *(.dport0.data)
 *(.dport.data)
                0x3ff00000                _dport0_data_end = ABSOLUTE (.)

.data           0x3ffe8000      0x595
                0x3ffe8000                _data_start = ABSOLUTE (.)
 *(.data)
 .data          0x3ffe8000        0x4 c:/Espressif/ESP8266_SDK/lib\libmain.a(nmi-vector.o)
                0x3ffe8000                _Pri_3_HandlerAddress
 .data          0x3ffe8004        0x1 c:/Espressif/ESP8266_SDK/lib\libmain.a(app_main.o)
 *fill*         0x3ffe8005        0x3 
 .data          0x3ffe8008        0x5 c:/Espressif/ESP8266_SDK/lib\libmain.a(user_interface.o)
                0x3ffe8009                timer2_ms_flag
                0x3ffe800a                dhcps_flag
                0x3ffe800b                dhcpc_flag
                0x3ffe800c                reconnect_internal
 *fill*         0x3ffe800d        0x3 
 .data          0x3ffe8010        0x1 c:/Espressif/ESP8266_SDK/lib\libmain.a(eagle_lwip_if.o)
                0x3ffe8010                default_hostname
 *fill*         0x3ffe8011        0xf 
 .data          0x3ffe8020       0x53 c:/Espressif/ESP8266_SDK/lib\libphy.a(phy_chip_v6.o)
                0x3ffe8022                tx_rf_ana_gain
                0x3ffe8044                tx_pwctrl_atten_init_en
                0x3ffe8050                rx_gain_swp
                0x3ffe8070                test_rffreq_txcap
 *fill*         0x3ffe8073        0x1 
 .data          0x3ffe8074        0x4 c:/Espressif/ESP8266_SDK/lib\libphy.a(phy_sleep.o)
                0x3ffe8074                chip_version
 .data          0x3ffe8078        0x1 c:/Espressif/ESP8266_SDK/lib\libpp.a(pm.o)
 *fill*         0x3ffe8079        0x3 
 .data          0x3ffe807c       0x1c c:/Espressif/ESP8266_SDK/lib\libpp.a(pp.o)
                0x3ffe807c                soft_wdt_interval
                0x3ffe8080                NoiseTimerInterval
                0x3ffe8088                sleep_start_wait_time
                0x3ffe8094                tcb
 *fill*         0x3ffe8098        0x8 
 .data          0x3ffe80a0       0x40 c:/Espressif/ESP8266_SDK/lib\libpp.a(rate_control.o)
 .data          0x3ffe80e0      0x22c c:/Espressif/ESP8266_SDK/lib\libpp.a(trc.o)
 *fill*         0x3ffe830c        0x4 
 .data          0x3ffe8310       0x10 c:/Espressif/ESP8266_SDK/lib\libpp.a(wdev.o)
 .data          0x3ffe8320      0x1a8 c:/Espressif/ESP8266_SDK/lib\libnet80211.a(ieee80211_phy.o)
 .data          0x3ffe84c8        0x6 c:/Espressif/ESP8266_SDK/lib\libnet80211.a(ieee80211_proto.o)
                0x3ffe84c8                ieee80211_addr_bcast
 *fill*         0x3ffe84ce        0x2 
 .data          0x3ffe84d0       0x1c c:/Espressif/ESP8266_SDK/lib\libnet80211.a(ieee80211_action.o)
 .data          0x3ffe84ec        0x4 c:/Espressif/ESP8266_SDK/lib\liblwip.a(dhcp.o)
 .data          0x3ffe84f0        0x8 c:/Espressif/ESP8266_SDK/lib\liblwip.a(dhcpserver.o)
 .data          0x3ffe84f8        0x8 c:/Espressif/ESP8266_SDK/lib\liblwip.a(tcp.o)
 .data          0x3ffe8500       0x18 c:/Espressif/ESP8266_SDK/lib\libnet80211.a(ieee80211_crypto_ccmp.o)
                0x3ffe8500                ccmp
 .data          0x3ffe8518       0x18 c:/Espressif/ESP8266_SDK/lib\libnet80211.a(ieee80211_crypto_tkip.o)
                0x3ffe8518                tkip
 .data          0x3ffe8530       0x18 c:/Espressif/ESP8266_SDK/lib\libnet80211.a(ieee80211_crypto_wep.o)
                0x3ffe8530                wep
 *(.data.*)
 .data.gDevices
                0x3ffe8548       0x40 out/build/app_app.a(device.o)
                0x3ffe8548                gDevices
 .data.COLOR_GREEN
                0x3ffe8588        0x4 out/build/app_app.a(drvRGB.o)
                0x3ffe8588                COLOR_GREEN
 .data.COLOR_RED
                0x3ffe858c        0x4 out/build/app_app.a(drvRGB.o)
                0x3ffe858c                COLOR_RED
 .data.cbc_printchar
                0x3ffe8590        0x4 c:/prj/homa/Sming/Sming/compiler/lib/\libsming.a(m_printf.o)
                0x3ffe8590                cbc_printchar
 .data._ZL4Stat
                0x3ffe8594        0x1 c:/prj/homa/Sming/Sming/compiler/lib/\libsming.a(SDCard.o)
 *(.gnu.linkonce.d.*)
 *(.data1)
 *(.sdata)
 *(.sdata.*)
 *(.gnu.linkonce.s.*)
 *(.sdata2)
 *(.sdata2.*)
 *(.gnu.linkonce.s2.*)
 *(.jcr)
                0x3ffe8595                _data_end = ABSOLUTE (.)

.rodata         0x3ffe85a0     0x20f8
                0x3ffe85a0                _rodata_start = ABSOLUTE (.)
 *(.rodata)
 .rodata        0x3ffe85a0        0x2 c:/Espressif/ESP8266_SDK/lib\libmain.a(mem_manager.o)
 *fill*         0x3ffe85a2        0x2 
 .rodata        0x3ffe85a4        0x8 c:/Espressif/ESP8266_SDK/lib\libmain.a(eagle_lib.o)
 .rodata        0x3ffe85ac        0x8 c:/Espressif/ESP8266_SDK/lib\libphy.a(phy_chip_v6.o)
 .rodata        0x3ffe85b4        0x3 c:/Espressif/ESP8266_SDK/lib\libpp.a(pp.o)
 *fill*         0x3ffe85b7        0x1 
 .rodata        0x3ffe85b8        0x4 c:/Espressif/ESP8266_SDK/lib\libnet80211.a(ieee80211_hostap.o)
 .rodata        0x3ffe85bc        0x4 c:/Espressif/ESP8266_SDK/lib\libnet80211.a(ieee80211_output.o)
 .rodata        0x3ffe85c0       0x70 c:/Espressif/ESP8266_SDK/lib\libnet80211.a(ieee80211_proto.o)
 .rodata        0x3ffe8630        0x8 c:/Espressif/ESP8266_SDK/lib\libnet80211.a(wl_cnx.o)
 .rodata        0x3ffe8638        0x8 c:/Espressif/ESP8266_SDK/lib\liblwip.a(dhcpserver.o)
 .rodata        0x3ffe8640        0xc c:/Espressif/ESP8266_SDK/lib\liblwip.a(etharp.o)
                0x3ffe8640                ethbroadcast
                0x3ffe8646                ethzero
 .rodata        0x3ffe864c        0x8 c:/Espressif/ESP8266_SDK/lib\liblwip.a(ip_addr.o)
                0x3ffe864c                ip_addr_any
                0x3ffe8650                ip_addr_broadcast
 *fill*         0x3ffe8654        0xc 
 .rodata        0x3ffe8660       0x14 c:/Espressif/ESP8266_SDK/lib\liblwip.a(memp.o)
                0x3ffe8660                memp_sizes
 *fill*         0x3ffe8674        0xc 
 .rodata        0x3ffe8680       0x2d c:/Espressif/ESP8266_SDK/lib\liblwip.a(tcp.o)
                0x3ffe8680                tcp_pcb_lists
                0x3ffe8690                tcp_persist_backoff
                0x3ffe86a0                tcp_backoff
 *fill*         0x3ffe86ad        0x3 
 .rodata        0x3ffe86b0        0x6 c:/Espressif/ESP8266_SDK/lib\libwpa.a(ap_config.o)
 *fill*         0x3ffe86b6        0x2 
 .rodata        0x3ffe86b8        0x8 c:/Espressif/ESP8266_SDK/lib\libwpa.a(wpa.o)
 .rodata        0x3ffe86c0        0xc c:/Espressif/ESP8266_SDK/lib\libwpa.a(wpa_common.o)
 .rodata        0x3ffe86cc       0x14 c:/prj/homa/Sming/Sming/compiler/lib/\libsming.a(WebSocket.o)
 .rodata        0x3ffe86e0      0x100 c:/prj/homa/Sming/Sming/compiler/lib/\libmicrogcc.a(_popcount_tab.o)
                0x3ffe86e0                __popcount_tab
 *(.rodata.*)
 .rodata.str1.4
                0x3ffe87e0       0x73 c:/Espressif/ESP8266_SDK/lib\libmain.a(app_main.o)
 *fill*         0x3ffe8853        0x1 
 .rodata.str1.4
                0x3ffe8854       0x14 c:/Espressif/ESP8266_SDK/lib\libmain.a(ets_timer.o)
 .rodata.str1.4
                0x3ffe8868       0x28 c:/Espressif/ESP8266_SDK/lib\libmain.a(mem_manager.o)
 .rodata.str1.4
                0x3ffe8890       0x1b c:/Espressif/ESP8266_SDK/lib\libmain.a(user_interface.o)
                                 0x22 (size before relaxing)
 *fill*         0x3ffe88ab        0x1 
 .rodata._ZL14EspDigitalPins
                0x3ffe88ac       0xc0 c:/prj/homa/Sming/Sming/compiler/lib/\libsming.a(user_main.o)
 *fill*         0x3ffe896c        0x4 
 .rodata._ZTV6VectorI8DelegateIFvvEEE
                0x3ffe8970       0x1c c:/prj/homa/Sming/Sming/compiler/lib/\libsming.a(System.o)
                0x3ffe8970                vtable for Vector<Delegate<void ()> >
 *fill*         0x3ffe898c        0x4 
 .rodata._ZTV6VectorIP19ISystemReadyHandlerE
                0x3ffe8990       0x1c c:/prj/homa/Sming/Sming/compiler/lib/\libsming.a(System.o)
                0x3ffe8990                vtable for Vector<ISystemReadyHandler*>
 .rodata.str1.1
                0x3ffe89ac      0x165 c:/prj/homa/Sming/Sming/compiler/lib/\libsming.a(spiffs.o)
 .rodata.str1.1
                0x3ffe8b11       0x41 c:/prj/homa/Sming/Sming/compiler/lib/\libsming.a(esp_cplusplus.o)
 .rodata.str1.1
                0x3ffe8b52        0xf c:/prj/homa/Sming/Sming/compiler/lib/\libsming.a(IPAddress.o)
                                 0x10 (size before relaxing)
 *fill*         0x3ffe8b61        0x7 
 .rodata._ZTV9IPAddress
                0x3ffe8b68        0xc c:/prj/homa/Sming/Sming/compiler/lib/\libsming.a(IPAddress.o)
                0x3ffe8b68                vtable for IPAddress
 .rodata.str1.1
                0x00000000        0x1 c:/prj/homa/Sming/Sming/compiler/lib/\libsming.a(WString.o)
 .rodata.str1.1
                0x3ffe8b74       0x59 c:/prj/homa/Sming/Sming/compiler/lib/\libsming.a(flashmem.o)
 *fill*         0x3ffe8bcd        0x3 
 .rodata.CSWTCH$10
                0x3ffe8bd0       0x14 c:/prj/homa/Sming/Sming/compiler/lib/\libsming.a(flashmem.o)
 .rodata.str1.1
                0x3ffe8be4       0x21 c:/prj/homa/Sming/Sming/compiler/lib/\libsming.a(stringconversion.o)
 .rodata.str1.1
                0x3ffe8c05       0x23 c:/prj/homa/Sming/Sming/compiler/lib/\libsming.a(Digital.o)
 .rodata._ZL14EspDigitalPins
                0x3ffe8c28       0xc0 c:/prj/homa/Sming/Sming/compiler/lib/\libsming.a(Digital.o)
 .rodata.str1.1
                0x3ffe8ce8      0x380 out/build/app_app.a(application.o)
                                0x382 (size before relaxing)
 .rodata._Z11startSystemv
                0x3ffe9068       0x18 out/build/app_app.a(application.o)
 .rodata._ZTV15IDelegateCallerIvIEE
                0x3ffe9080       0x14 out/build/app_app.a(application.o)
                0x3ffe9080                vtable for IDelegateCaller<void>
 *fill*         0x3ffe9094        0x4 
 .rodata._ZTV14FunctionCallerIPFvvEvIEE
                0x3ffe9098       0x14 out/build/app_app.a(application.o)
                0x3ffe9098                vtable for FunctionCaller<void (*)(), void>
 .rodata.str1.1
                0x3ffe90ac       0x42 out/build/app_app.a(device.o)
 .rodata.str1.1
                0x3ffe90ee       0xa3 out/build/app_app.a(drvDHT22.o)
                                 0xaa (size before relaxing)
 *fill*         0x3ffe9191        0x3 
 .rodata._Z21devDHT22_comfortRatiov
                0x3ffe9194       0x2c out/build/app_app.a(drvDHT22.o)
 .rodata.str1.1
                0x3ffe91c0        0xc c:/prj/homa/Sming/Sming/compiler/lib/\libmicroc.a(abort.o)
 .rodata.str1.4
                0x3ffe91cc        0x7 c:/Espressif/ESP8266_SDK/lib\libpp.a(lmac.o)
                                  0xf (size before relaxing)
 *fill*         0x3ffe91d3        0x1 
 .rodata.str1.4
                0x3ffe91d4       0x17 c:/Espressif/ESP8266_SDK/lib\libpp.a(pm.o)
                                 0x1f (size before relaxing)
 *fill*         0x3ffe91eb        0x1 
 .rodata.str1.4
                0x3ffe91ec        0x5 c:/Espressif/ESP8266_SDK/lib\libpp.a(pp.o)
                                  0xd (size before relaxing)
 *fill*         0x3ffe91f1        0x3 
 .rodata.str1.4
                0x3ffe91f4        0x7 c:/Espressif/ESP8266_SDK/lib\libpp.a(wdev.o)
                                  0xf (size before relaxing)
 .rodata.str1.4
                0x00000000        0x7 c:/Espressif/ESP8266_SDK/lib\libnet80211.a(ieee80211.o)
 .rodata.str1.4
                0x00000000        0x7 c:/Espressif/ESP8266_SDK/lib\libnet80211.a(ieee80211_output.o)
 *fill*         0x3ffe91fb        0x1 
 .rodata.str1.4
                0x3ffe91fc        0x4 c:/Espressif/ESP8266_SDK/lib\libnet80211.a(ieee80211_scan.o)
 .rodata.str1.4
                0x3ffe9200        0xf c:/Espressif/ESP8266_SDK/lib\liblwip.a(dns.o)
 .rodata.str1.4
                0x00000000        0xf c:/Espressif/ESP8266_SDK/lib\liblwip.a(espconn_tcp.o)
                                  0x1 (size before relaxing)
 *fill*         0x3ffe920f        0x1 
 .rodata.str1.4
                0x3ffe9210       0x88 c:/Espressif/ESP8266_SDK/lib\liblwip.a(mdns.o)
 .rodata.str1.4
                0x3ffe9298       0x3c c:/Espressif/ESP8266_SDK/lib\libwpa.a(wpa_auth.o)
                                 0x43 (size before relaxing)
 .rodata.str1.4
                0x00000000       0x17 c:/Espressif/ESP8266_SDK/lib\libwpa.a(wpa.o)
 .rodata.str1.4
                0x3ffe92d4        0xc c:/Espressif/ESP8266_SDK/lib\libwpa.a(wpa_common.o)
                                  0x9 (size before relaxing)
 .rodata._Z8m_printfPKcz
                0x3ffe92e0       0x58 c:/prj/homa/Sming/Sming/compiler/lib/\libsming.a(m_printf.o)
 .rodata.str1.1
                0x3ffe9338      0x156 c:/prj/homa/Sming/Sming/compiler/lib/\libsming.a(DataSourceStream.o)
                                0x157 (size before relaxing)
 *fill*         0x3ffe948e        0x2 
 .rodata._ZTV6VectorI6StringE
                0x3ffe9490       0x1c c:/prj/homa/Sming/Sming/compiler/lib/\libsming.a(FileSystem.o)
                0x3ffe9490                vtable for Vector<String>
 .rodata.str1.1
                0x3ffe94ac       0x13 c:/prj/homa/Sming/Sming/compiler/lib/\libsming.a(SystemClock.o)
 .rodata.str1.1
                0x3ffe94bf      0x1c4 c:/prj/homa/Sming/Sming/compiler/lib/\libsming.a(HttpResponse.o)
                                0x1e1 (size before relaxing)
 *fill*         0x3ffe9683        0x5 
 .rodata._ZTV12HttpResponse
                0x3ffe9688       0x10 c:/prj/homa/Sming/Sming/compiler/lib/\libsming.a(HttpResponse.o)
                0x3ffe9688                vtable for HttpResponse
 .rodata.str1.1
                0x3ffe9698      0x102 c:/prj/homa/Sming/Sming/compiler/lib/\libsming.a(HttpServer.o)
                                0x117 (size before relaxing)
 *fill*         0x3ffe979a        0x6 
 .rodata._ZTV6VectorI9WebSocketE
                0x3ffe97a0       0x1c c:/prj/homa/Sming/Sming/compiler/lib/\libsming.a(HttpServer.o)
                0x3ffe97a0                vtable for Vector<WebSocket>
 *fill*         0x3ffe97bc        0x4 
 .rodata._ZTV10HttpServer
                0x3ffe97c0       0x5c c:/prj/homa/Sming/Sming/compiler/lib/\libsming.a(HttpServer.o)
                0x3ffe97c0                vtable for HttpServer
 *fill*         0x3ffe981c        0x4 
 .rodata._ZTV15IDelegateCallerIvIR20HttpServerConnectionEE
                0x3ffe9820       0x14 c:/prj/homa/Sming/Sming/compiler/lib/\libsming.a(HttpServer.o)
                0x3ffe9820                vtable for IDelegateCaller<void, HttpServerConnection&>
 *fill*         0x3ffe9834        0x4 
 .rodata._ZTV12MethodCallerIM10HttpServerFvR20HttpServerConnectionEE
                0x3ffe9838       0x14 c:/prj/homa/Sming/Sming/compiler/lib/\libsming.a(HttpServer.o)
                0x3ffe9838                vtable for MethodCaller<void (HttpServer::*)(HttpServerConnection&)>
 .rodata.str1.1
                0x3ffe984c      0x10e c:/prj/homa/Sming/Sming/compiler/lib/\libsming.a(HttpServerConnection.o)
                                0x118 (size before relaxing)
 *fill*         0x3ffe995a        0x6 
 .rodata._ZTV20HttpServerConnection
                0x3ffe9960       0x40 c:/prj/homa/Sming/Sming/compiler/lib/\libsming.a(HttpServerConnection.o)
                0x3ffe9960                vtable for HttpServerConnection
 .rodata.str1.1
                0x3ffe99a0       0x1d c:/prj/homa/Sming/Sming/compiler/lib/\libsming.a(NtpClient.o)
                                 0x2a (size before relaxing)
 *fill*         0x3ffe99bd        0x3 
 .rodata._ZTV9NtpClient
                0x3ffe99c0       0x28 c:/prj/homa/Sming/Sming/compiler/lib/\libsming.a(NtpClient.o)
                0x3ffe99c0                vtable for NtpClient
 .rodata._ZTV12MethodCallerIM9NtpClientFvvEE
                0x3ffe99e8       0x14 c:/prj/homa/Sming/Sming/compiler/lib/\libsming.a(NtpClient.o)
                0x3ffe99e8                vtable for MethodCaller<void (NtpClient::*)()>
 .rodata.str1.1
                0x3ffe99fc      0x203 c:/prj/homa/Sming/Sming/compiler/lib/\libsming.a(TcpConnection.o)
                                0x220 (size before relaxing)
 *fill*         0x3ffe9bff        0x1 
 .rodata._ZTV13TcpConnection
                0x3ffe9c00       0x38 c:/prj/homa/Sming/Sming/compiler/lib/\libsming.a(TcpConnection.o)
                0x3ffe9c00                vtable for TcpConnection
 .rodata.str1.1
                0x3ffe9c38      0x16a c:/prj/homa/Sming/Sming/compiler/lib/\libsming.a(TcpServer.o)
 *fill*         0x3ffe9da2        0x6 
 .rodata._ZTV9TcpServer
                0x3ffe9da8       0x50 c:/prj/homa/Sming/Sming/compiler/lib/\libsming.a(TcpServer.o)
                0x3ffe9da8                vtable for TcpServer
 .rodata._ZTV15IDelegateCallerIvIR9TcpClientbEE
                0x3ffe9df8       0x14 c:/prj/homa/Sming/Sming/compiler/lib/\libsming.a(TcpServer.o)
                0x3ffe9df8                vtable for IDelegateCaller<void, TcpClient&, bool>
 *fill*         0x3ffe9e0c        0x4 
 .rodata._ZTV15IDelegateCallerIbIR9TcpClientPciEE
                0x3ffe9e10       0x14 c:/prj/homa/Sming/Sming/compiler/lib/\libsming.a(TcpServer.o)
                0x3ffe9e10                vtable for IDelegateCaller<bool, TcpClient&, char*, int>
 *fill*         0x3ffe9e24        0x4 
 .rodata._ZTV12MethodCallerIM9TcpServerFbR9TcpClientPciEE
                0x3ffe9e28       0x14 c:/prj/homa/Sming/Sming/compiler/lib/\libsming.a(TcpServer.o)
                0x3ffe9e28                vtable for MethodCaller<bool (TcpServer::*)(TcpClient&, char*, int)>
 *fill*         0x3ffe9e3c        0x4 
 .rodata._ZTV12MethodCallerIM9TcpServerFvR9TcpClientbEE
                0x3ffe9e40       0x14 c:/prj/homa/Sming/Sming/compiler/lib/\libsming.a(TcpServer.o)
                0x3ffe9e40                vtable for MethodCaller<void (TcpServer::*)(TcpClient&, bool)>
 .rodata.str1.1
                0x3ffe9e54       0x59 c:/prj/homa/Sming/Sming/compiler/lib/\libsming.a(UdpConnection.o)
 *fill*         0x3ffe9ead        0x3 
 .rodata._ZTV13UdpConnection
                0x3ffe9eb0       0x28 c:/prj/homa/Sming/Sming/compiler/lib/\libsming.a(UdpConnection.o)
                0x3ffe9eb0                vtable for UdpConnection
 .rodata.str1.1
                0x3ffe9ed8       0x1f c:/prj/homa/Sming/Sming/compiler/lib/\libsming.a(WebSocket.o)
                                 0x5b (size before relaxing)
 *fill*         0x3ffe9ef7        0x1 
 .rodata._ZTV9WebSocket
                0x3ffe9ef8        0xc c:/prj/homa/Sming/Sming/compiler/lib/\libsming.a(WebSocket.o)
                0x3ffe9ef8                vtable for WebSocket
 .rodata.str1.1
                0x3ffe9f04       0xf0 c:/prj/homa/Sming/Sming/compiler/lib/\libsming.a(AccessPoint.o)
                                 0xf1 (size before relaxing)
 *fill*         0x3ffe9ff4        0x4 
 .rodata._ZTV19ISystemReadyHandler
                0x3ffe9ff8       0x14 c:/prj/homa/Sming/Sming/compiler/lib/\libsming.a(AccessPoint.o)
                0x3ffe9ff8                vtable for ISystemReadyHandler
 *fill*         0x3ffea00c        0x4 
 .rodata._ZTV16AccessPointClass
                0x3ffea010       0x14 c:/prj/homa/Sming/Sming/compiler/lib/\libsming.a(AccessPoint.o)
                0x3ffea010                vtable for AccessPointClass
 .rodata.str1.1
                0x3ffea024       0x13 c:/prj/homa/Sming/Sming/compiler/lib/\libsming.a(RTC.o)
 .rodata.str1.1
                0x3ffea037      0x1d9 c:/prj/homa/Sming/Sming/compiler/lib/\libsming.a(Station.o)
                                0x20f (size before relaxing)
 .rodata._ZTV12StationClass
                0x3ffea210       0x14 c:/prj/homa/Sming/Sming/compiler/lib/\libsming.a(Station.o)
                0x3ffea210                vtable for StationClass
 *fill*         0x3ffea224        0x4 
 .rodata._ZTV6VectorI7BssInfoE
                0x3ffea228       0x1c c:/prj/homa/Sming/Sming/compiler/lib/\libsming.a(Station.o)
                0x3ffea228                vtable for Vector<BssInfo>
 *fill*         0x3ffea244        0x4 
 .rodata._ZTV8WDTClass
                0x3ffea248       0x14 c:/prj/homa/Sming/Sming/compiler/lib/\libsming.a(WDT.o)
                0x3ffea248                vtable for WDTClass
 .rodata.str1.1
                0x3ffea25c       0x10 c:/prj/homa/Sming/Sming/compiler/lib/\libsming.a(ArduinoJson.o)
                                 0x11 (size before relaxing)
 .rodata.str1.1
                0x3ffea26c       0x4c c:/prj/homa/Sming/Sming/compiler/lib/\libsming.a(DateTime.o)
                                 0x58 (size before relaxing)
 .rodata._ZL9monthDays
                0x3ffea2b8        0xc c:/prj/homa/Sming/Sming/compiler/lib/\libsming.a(DateTime.o)
 .rodata._ZL13base64enc_tab
                0x3ffea2c4       0x41 c:/prj/homa/Sming/Sming/compiler/lib/\libsming.a(base64.o)
 .rodata.str1.1
                0x3ffea305       0x17 c:/prj/homa/Sming/Sming/compiler/lib/\libsming.a(websocket.o)
 .rodata._ZZ17wsParseInputFramePhjPS_PjE12__FUNCTION__
                0x3ffea31c       0x12 c:/prj/homa/Sming/Sming/compiler/lib/\libsming.a(websocket.o)
 .rodata._ZZ11wsMakeFramePKhjPhPj11wsFrameTypeE12__FUNCTION__
                0x3ffea32e        0xc c:/prj/homa/Sming/Sming/compiler/lib/\libsming.a(websocket.o)
 .rodata.str1.1
                0x3ffea33a       0x80 c:/prj/homa/Sming/Sming/compiler/lib/\libsming.a(DHT.o)
 .rodata.str1.1
                0x3ffea3ba       0xad c:/prj/homa/Sming/Sming/compiler/lib/\libsming.a(SDCard.o)
                                 0xae (size before relaxing)
 .rodata.str1.1
                0x3ffea467        0xf c:/prj/homa/Sming/Sming/compiler/lib/\libsming.a(ff.o)
 .rodata.str1.1
                0x3ffea476       0x22 c:/prj/homa/Sming/Sming/compiler/lib/\libsming.a(SPISoft.o)
 .rodata.str1.1
                0x3ffea498       0x9b c:/prj/homa/Sming/Sming/compiler/lib/\libsming.a(HttpRequest.o)
                                 0xdb (size before relaxing)
 *fill*         0x3ffea533        0x5 
 .rodata._ZTV11HttpRequest
                0x3ffea538       0x10 c:/prj/homa/Sming/Sming/compiler/lib/\libsming.a(HttpRequest.o)
                0x3ffea538                vtable for HttpRequest
 .rodata.str1.1
                0x3ffea548       0x1e c:/prj/homa/Sming/Sming/compiler/lib/\libsming.a(TcpClient.o)
 *fill*         0x3ffea566        0x2 
 .rodata._ZTV9TcpClient
                0x3ffea568       0x3c c:/prj/homa/Sming/Sming/compiler/lib/\libsming.a(TcpClient.o)
                0x3ffea568                vtable for TcpClient
 .rodata.str1.1
                0x3ffea5a4       0x1e c:/prj/homa/Sming/Sming/compiler/lib/\libsming.a(escape.o)
                                 0x35 (size before relaxing)
 .rodata._ZZ12uri_unescapeE12__FUNCTION__
                0x3ffea5c2        0xd c:/prj/homa/Sming/Sming/compiler/lib/\libsming.a(escape.o)
 *(.gnu.linkonce.r.*)
 *(.rodata1)
                0x3ffea5cf                __XT_EXCEPTION_TABLE__ = ABSOLUTE (.)
 *(.xt_except_table)
 *(.gcc_except_table)
 *(.gnu.linkonce.e.*)
 *(.gnu.version_r)
 *(.eh_frame)
                0x3ffea5d0                . = ((. + 0x3) & 0xfffffffc)
 *fill*         0x3ffea5cf        0x1 
                0x3ffea5d0                __dso_handle = ABSOLUTE (.)
                0x3ffea5d0                __init_array_start = ABSOLUTE (.)
 *crtbegin.o(.ctors)
 *(EXCLUDE_FILE(*crtend.o) .ctors)
 .ctors         0x3ffea5d0        0x4 c:/prj/homa/Sming/Sming/compiler/lib/\libsming.a(user_main.o)
 .ctors         0x3ffea5d4        0x4 c:/prj/homa/Sming/Sming/compiler/lib/\libsming.a(System.o)
 .ctors         0x3ffea5d8        0x4 c:/prj/homa/Sming/Sming/compiler/lib/\libsming.a(IPAddress.o)
 .ctors         0x3ffea5dc        0x4 c:/prj/homa/Sming/Sming/compiler/lib/\libsming.a(Print.o)
 .ctors         0x3ffea5e0        0x4 c:/prj/homa/Sming/Sming/compiler/lib/\libsming.a(WString.o)
 .ctors         0x3ffea5e4        0x4 c:/prj/homa/Sming/Sming/compiler/lib/\libsming.a(Interrupts.o)
 .ctors         0x3ffea5e8        0x4 c:/prj/homa/Sming/Sming/compiler/lib/\libsming.a(Digital.o)
 .ctors         0x3ffea5ec        0x4 out/build/app_app.a(application.o)
 .ctors         0x3ffea5f0        0x4 out/build/app_app.a(device.o)
 .ctors         0x3ffea5f4        0x4 out/build/app_app.a(drvDHT22.o)
 .ctors         0x3ffea5f8        0x4 out/build/app_app.a(drvDS18B20.o)
 .ctors         0x3ffea5fc        0x4 out/build/app_app.a(drvMQ135.o)
 .ctors         0x3ffea600        0x4 out/build/app_app.a(drvRGB.o)
 .ctors         0x3ffea604        0x4 out/build/app_app.a(drvRadio.o)
 .ctors         0x3ffea608        0x4 out/build/app_app.a(drvSDCard.o)
 .ctors         0x3ffea60c        0x4 out/build/app_app.a(drvUART.o)
 .ctors         0x3ffea610        0x4 out/build/app_app.a(drvWiFi.o)
 .ctors         0x3ffea614        0x4 c:/prj/homa/Sming/Sming/compiler/lib/\libsming.a(m_printf.o)
 .ctors         0x3ffea618        0x4 c:/prj/homa/Sming/Sming/compiler/lib/\libsming.a(DataSourceStream.o)
 .ctors         0x3ffea61c        0x4 c:/prj/homa/Sming/Sming/compiler/lib/\libsming.a(SystemClock.o)
 .ctors         0x3ffea620        0x4 c:/prj/homa/Sming/Sming/compiler/lib/\libsming.a(HttpResponse.o)
 .ctors         0x3ffea624        0x4 c:/prj/homa/Sming/Sming/compiler/lib/\libsming.a(HttpServer.o)
 .ctors         0x3ffea628        0x4 c:/prj/homa/Sming/Sming/compiler/lib/\libsming.a(HttpServerConnection.o)
 .ctors         0x3ffea62c        0x4 c:/prj/homa/Sming/Sming/compiler/lib/\libsming.a(NtpClient.o)
 .ctors         0x3ffea630        0x4 c:/prj/homa/Sming/Sming/compiler/lib/\libsming.a(TcpConnection.o)
 .ctors         0x3ffea634        0x4 c:/prj/homa/Sming/Sming/compiler/lib/\libsming.a(TcpServer.o)
 .ctors         0x3ffea638        0x4 c:/prj/homa/Sming/Sming/compiler/lib/\libsming.a(UdpConnection.o)
 .ctors         0x3ffea63c        0x4 c:/prj/homa/Sming/Sming/compiler/lib/\libsming.a(WebSocket.o)
 .ctors         0x3ffea640        0x4 c:/prj/homa/Sming/Sming/compiler/lib/\libsming.a(AccessPoint.o)
 .ctors         0x3ffea644        0x4 c:/prj/homa/Sming/Sming/compiler/lib/\libsming.a(RTC.o)
 .ctors         0x3ffea648        0x4 c:/prj/homa/Sming/Sming/compiler/lib/\libsming.a(Station.o)
 .ctors         0x3ffea64c        0x4 c:/prj/homa/Sming/Sming/compiler/lib/\libsming.a(WDT.o)
 .ctors         0x3ffea650        0x4 c:/prj/homa/Sming/Sming/compiler/lib/\libsming.a(ArduinoJson.o)
 .ctors         0x3ffea654        0x4 c:/prj/homa/Sming/Sming/compiler/lib/\libsming.a(DateTime.o)
 .ctors         0x3ffea658        0x4 c:/prj/homa/Sming/Sming/compiler/lib/\libsming.a(DHT.o)
 .ctors         0x3ffea65c        0x4 c:/prj/homa/Sming/Sming/compiler/lib/\libsming.a(SDCard.o)
 .ctors         0x3ffea660        0x4 c:/prj/homa/Sming/Sming/compiler/lib/\libsming.a(WS2812.o)
 .ctors         0x3ffea664        0x4 c:/prj/homa/Sming/Sming/compiler/lib/\libsming.a(Clock.o)
 .ctors         0x3ffea668        0x4 c:/prj/homa/Sming/Sming/compiler/lib/\libsming.a(SPISoft.o)
 .ctors         0x3ffea66c        0x4 c:/prj/homa/Sming/Sming/compiler/lib/\libsming.a(HttpRequest.o)
 .ctors         0x3ffea670        0x4 c:/prj/homa/Sming/Sming/compiler/lib/\libsming.a(TcpClient.o)
 *(SORT(.ctors.*))
 *(.ctors)
                0x3ffea674                __init_array_end = ABSOLUTE (.)
 *crtbegin.o(.dtors)
 *(EXCLUDE_FILE(*crtend.o) .dtors)
 .dtors         0x3ffea674        0x4 c:/prj/homa/Sming/Sming/compiler/lib/\libsming.a(System.o)
 .dtors         0x3ffea678        0x4 c:/prj/homa/Sming/Sming/compiler/lib/\libsming.a(Interrupts.o)
 .dtors         0x3ffea67c        0x4 out/build/app_app.a(application.o)
 .dtors         0x3ffea680        0x4 c:/prj/homa/Sming/Sming/compiler/lib/\libsming.a(AccessPoint.o)
 .dtors         0x3ffea684        0x4 c:/prj/homa/Sming/Sming/compiler/lib/\libsming.a(Station.o)
 .dtors         0x3ffea688        0x4 c:/prj/homa/Sming/Sming/compiler/lib/\libsming.a(WDT.o)
 .dtors         0x3ffea68c        0x4 c:/prj/homa/Sming/Sming/compiler/lib/\libsming.a(ArduinoJson.o)
 *(SORT(.dtors.*))
 *(.dtors)
                0x3ffea690                __XT_EXCEPTION_DESCS__ = ABSOLUTE (.)
 *(.xt_except_desc)
 *(.gnu.linkonce.h.*)
                0x3ffea690                __XT_EXCEPTION_DESCS_END__ = ABSOLUTE (.)
 *(.xt_except_desc_end)
 *(.dynamic)
 *(.gnu.version_d)
                0x3ffea690                . = ALIGN (0x4)
                0x3ffea690                _bss_table_start = ABSOLUTE (.)
                0x3ffea690        0x4 LONG 0x3ffea698 _bss_start
                0x3ffea694        0x4 LONG 0x3fff4648 _bss_end
                0x3ffea698                _bss_table_end = ABSOLUTE (.)
                0x3ffea698                _rodata_end = ABSOLUTE (.)

.bss            0x3ffea698     0x9fb0
                0x3ffea698                . = ALIGN (0x8)
                0x3ffea698                _bss_start = ABSOLUTE (.)
 *(.dynsbss)
 *(.sbss)
 *(.sbss.*)
 *(.gnu.linkonce.sb.*)
 *(.scommon)
 *(.sbss2)
 *(.sbss2.*)
 *(.gnu.linkonce.sb2.*)
 *(.dynbss)
 *(.bss)
 *fill*         0x3ffea698        0x8 
 .bss           0x3ffea6a0      0x1c0 c:/Espressif/ESP8266_SDK/lib\libmain.a(nmi-vector.o)
 .bss           0x3ffea860       0x3d c:/Espressif/ESP8266_SDK/lib\libmain.a(app_main.o)
                0x3ffea864                info
                0x3ffea888                check_timeouts_timer
                0x3ffea89c                user_init_flag
 *fill*         0x3ffea89d        0x3 
 .bss           0x3ffea8a0       0x30 c:/Espressif/ESP8266_SDK/lib\libmain.a(ets_timer.o)
                0x3ffea8a0                timer_list
                0x3ffea8a4                debug_timer
                0x3ffea8a8                debug_timerfn
 .bss           0x3ffea8d0       0x18 c:/Espressif/ESP8266_SDK/lib\libmain.a(mem_manager.o)
 .bss           0x3ffea8e8        0x4 c:/Espressif/ESP8266_SDK/lib\libmain.a(spi_flash.o)
                0x3ffea8e8                flash_read
 *fill*         0x3ffea8ec        0x4 
 .bss           0x3ffea8f0      0x141 c:/Espressif/ESP8266_SDK/lib\libmain.a(user_interface.o)
                0x3ffea9e7                deep_sleep_flag
                0x3ffea9e8                cpu_overclock
                0x3ffea9ec                event_cb
                0x3ffea9f0                status_led_output_level
                0x3ffea9f4                done_cb
                0x3ffea9f8                rst_if
                0x3ffeaa14                default_interface
                0x3ffeaa15                OpmodChgIsOnGoing
                0x3ffeaa18                promiscuous_cb
 *fill*         0x3ffeaa31        0x3 
 .bss           0x3ffeaa34        0xc c:/Espressif/ESP8266_SDK/lib\libmain.a(eagle_lwip_if.o)
                0x3ffeaa34                hostname
 .bss           0x3ffeaa40        0x4 c:/Espressif/ESP8266_SDK/lib\libphy.a(phy.o)
 *fill*         0x3ffeaa44        0xc 
 .bss           0x3ffeaa50      0x3ab c:/Espressif/ESP8266_SDK/lib\libphy.a(phy_chip_v6.o)
                0x3ffeaa50                g_phyFuns
                0x3ffeaa54                rxiq_compute_num
                0x3ffeaa58                rxdc_init_flag
                0x3ffeaa5c                check_result
                0x3ffeaa60                chip6_sleep_params
                0x3ffeac44                chip6_phy_init_ctrl
                0x3ffeacb8                phy_freq_offset
                0x3ffeacba                do_pwctrl_flag
                0x3ffeacbb                pwctrl_debug
                0x3ffeacbc                txbk_dpdby_flag
                0x3ffeacbe                sw_scan_mode
                0x3ffeacd0                periodic_cal_dc_num
                0x3ffeacd4                periodic_cal_flag
                0x3ffeacd5                bbpll_cal_flag
                0x3ffeacd6                phy_in_most_power
                0x3ffeacd7                deep_sleep_en
                0x3ffeacd8                rtc_mem_check_fail
                0x3ffeacd9                rtc_recovery_en
                0x3ffeacda                phy_in_vdd33_offset
                0x3ffeacdb                phy_set_most_tpw_disbg
                0x3ffeacdc                phy_set_most_tpw_index
                0x3ffeace0                adc_rand_noise
                0x3ffeace4                dpd_bypass_original
                0x3ffeace8                noise_array
                0x3ffeadf0                tx_pwctrl_atten_init
 *fill*         0x3ffeadfb        0x1 
 .bss           0x3ffeadfc        0x6 c:/Espressif/ESP8266_SDK/lib\libphy.a(phy_chip_v6_cal.o)
                0x3ffeadfc                loop_pwctrl_pwdet_error_accum_high_power
                0x3ffeadfe                tx_pwctrl_pk_num
                0x3ffeadff                loop_pwctrl_correct_atten_high_power
                0x3ffeae00                tx_pwctrl_set_chan_flag
                0x3ffeae01                rxiq_cover_fail_num
 *fill*         0x3ffeae02        0x2 
 .bss           0x3ffeae04        0x7 c:/Espressif/ESP8266_SDK/lib\libphy.a(phy_sleep.o)
                0x3ffeae04                periodic_cal_sat
                0x3ffeae06                lslp_mem_opt_8266
                0x3ffeae08                software_slp_reject
                0x3ffeae09                SDIO_slp_reject
                0x3ffeae0a                hardware_reject
 *fill*         0x3ffeae0b        0x5 
 .bss           0x3ffeae10       0x30 c:/Espressif/ESP8266_SDK/lib\libpp.a(if_hwctrl.o)
                0x3ffeae10                interface_mask
                0x3ffeae20                if_ctrl
 .bss           0x3ffeae40      0x150 c:/Espressif/ESP8266_SDK/lib\libpp.a(lmac.o)
                0x3ffeae44                lmacConfMib
 .bss           0x3ffeaf90      0x11a c:/Espressif/ESP8266_SDK/lib\libpp.a(pm.o)
 *fill*         0x3ffeb0aa        0x6 
 .bss           0x3ffeb0b0      0x2e2 c:/Espressif/ESP8266_SDK/lib\libpp.a(pp.o)
                0x3ffeb0c8                pend_flag_noise_check
                0x3ffeb0d0                pend_flag_periodic_cal
                0x3ffeb0e8                idle_timer_reopen_flag
                0x3ffeb0e9                dbg_stop_sw_wdt
                0x3ffeb0ea                dbg_stop_hw_wdt
                0x3ffeb100                HighestFreqOffsetInOneChk
 *fill*         0x3ffeb392        0xe 
 .bss           0x3ffeb3a0      0x100 c:/Espressif/ESP8266_SDK/lib\libpp.a(rate_control.o)
 .bss           0x3ffeb4a0      0x448 c:/Espressif/ESP8266_SDK/lib\libpp.a(trc.o)
 *fill*         0x3ffeb8e8        0x8 
 .bss           0x3ffeb8f0     0x4e80 c:/Espressif/ESP8266_SDK/lib\libpp.a(wdev.o)
                0x3ffeb8f0                wDevCtrl
                0x3ffeba94                WdevTimOffSet
 .bss           0x3fff0770     0x1294 c:/Espressif/ESP8266_SDK/lib\libpp.a(esf_buf.o)
 .bss           0x3fff1a04      0x558 c:/Espressif/ESP8266_SDK/lib\libnet80211.a(ieee80211.o)
                0x3fff1a04                g_ic
 .bss           0x3fff1f5c       0x38 c:/Espressif/ESP8266_SDK/lib\libnet80211.a(ieee80211_hostap.o)
                0x3fff1f74                TmpSTAAPCloseAP
                0x3fff1f75                PendFreeBcnEb
                0x3fff1f80                ApFreqCalTimer
 .bss           0x3fff1f94       0xd0 c:/Espressif/ESP8266_SDK/lib\libnet80211.a(ieee80211_scan.o)
                0x3fff1f94                gScanStruct
                0x3fff2048                FreqCalCntForScan
                0x3fff204a                TestStaFreqCalValInput
                0x3fff204c                auth_type
                0x3fff204e                scannum
 .bss           0x3fff2064       0x3c c:/Espressif/ESP8266_SDK/lib\libnet80211.a(wl_chm.o)
 .bss           0x3fff20a0      0x418 c:/Espressif/ESP8266_SDK/lib\libnet80211.a(wl_cnx.o)
                0x3fff24a0                sta_con_timer
                0x3fff24b4                g_cnx_probe_rc_list_cb
 *fill*         0x3fff24b8        0x8 
 .bss           0x3fff24c0       0x38 c:/Espressif/ESP8266_SDK/lib\liblwip.a(dhcp.o)
                0x3fff24c0                dhcp_rx_options_given
                0x3fff24d0                dhcp_rx_options_val
 .bss           0x3fff24f8      0x248 c:/Espressif/ESP8266_SDK/lib\liblwip.a(dhcpserver.o)
                0x3fff2508                s
 .bss           0x3fff2740      0x690 c:/Espressif/ESP8266_SDK/lib\liblwip.a(dns.o)
 .bss           0x3fff2dd0       0x78 c:/Espressif/ESP8266_SDK/lib\liblwip.a(espconn_tcp.o)
                0x3fff2dd0                espconn_TaskQueue
 *fill*         0x3fff2e48        0x8 
 .bss           0x3fff2e50      0x100 c:/Espressif/ESP8266_SDK/lib\liblwip.a(etharp.o)
 .bss           0x3fff2f50       0x10 c:/Espressif/ESP8266_SDK/lib\liblwip.a(ip_addr.o)
 .bss           0x3fff2f60       0x12 c:/Espressif/ESP8266_SDK/lib\liblwip.a(ip.o)
                0x3fff2f60                current_iphdr_dest
                0x3fff2f64                current_iphdr_src
                0x3fff2f68                current_netif
                0x3fff2f6c                current_header
 *fill*         0x3fff2f72        0x2 
 .bss           0x3fff2f74        0x9 c:/Espressif/ESP8266_SDK/lib\liblwip.a(netif.o)
                0x3fff2f74                netif_list
                0x3fff2f78                netif_default
 *fill*         0x3fff2f7d        0x3 
 .bss           0x3fff2f80        0x4 c:/Espressif/ESP8266_SDK/lib\liblwip.a(raw.o)
 .bss           0x3fff2f84       0x34 c:/Espressif/ESP8266_SDK/lib\liblwip.a(tcp_in.o)
                0x3fff2fb4                tcp_input_pcb
 .bss           0x3fff2fb8       0x1c c:/Espressif/ESP8266_SDK/lib\liblwip.a(tcp.o)
                0x3fff2fbc                tcp_active_pcbs
                0x3fff2fc0                tcp_tmp_pcb
                0x3fff2fc4                tcp_tw_pcbs
                0x3fff2fc8                tcp_bound_pcbs
                0x3fff2fcc                tcp_listen_pcbs
                0x3fff2fd0                tcp_ticks
 .bss           0x3fff2fd4        0xc c:/Espressif/ESP8266_SDK/lib\liblwip.a(timers.o)
 .bss           0x3fff2fe0        0x4 c:/Espressif/ESP8266_SDK/lib\liblwip.a(udp.o)
                0x3fff2fe0                udp_pcbs
 *fill*         0x3fff2fe4        0xc 
 .bss           0x3fff2ff0      0x104 c:/Espressif/ESP8266_SDK/lib\liblwip.a(espconn.o)
                0x3fff2ff0                plink_active
                0x3fff2ff4                pserver_list
                0x3fff3000                premot
                0x3fff30c0                pktinfo
 .bss           0x3fff30f4        0xc c:/Espressif/ESP8266_SDK/lib\liblwip.a(igmp.o)
 .bss           0x3fff3100      0x421 c:/Espressif/ESP8266_SDK/lib\liblwip.a(mdns.o)
                0x3fff3104                PUCK_SERVICE
                0x3fff310c                PUCK_PORT
                0x3fff3118                mdns_timer
 *fill*         0x3fff3521        0xf 
 .bss           0x3fff3530      0x27a c:/Espressif/ESP8266_SDK/lib\libwpa.a(wpa.o)
 *fill*         0x3fff37aa        0x6 
 .bss           0x3fff37b0        0x8 c:/Espressif/ESP8266_SDK/lib\libnet80211.a(ieee80211_crypto_tkip.o)
 *(.bss.*)
 .bss._ZL5ESP01
                0x3fff37b8       0x30 c:/prj/homa/Sming/Sming/compiler/lib/\libsming.a(user_main.o)
 .bss._ZL11INADDR_NONE
                0x3fff37e8        0x8 c:/prj/homa/Sming/Sming/compiler/lib/\libsming.a(user_main.o)
 .bss.System    0x3fff37f0       0x2c c:/prj/homa/Sming/Sming/compiler/lib/\libsming.a(System.o)
                0x3fff37f0                System
 .bss.spiffs_cache
                0x3fff381c      0x480 c:/prj/homa/Sming/Sming/compiler/lib/\libsming.a(spiffs.o)
 .bss.spiffs_fds
                0x3fff3c9c       0xe0 c:/prj/homa/Sming/Sming/compiler/lib/\libsming.a(spiffs.o)
 .bss.spiffs_work_buf
                0x3fff3d7c      0x200 c:/prj/homa/Sming/Sming/compiler/lib/\libsming.a(spiffs.o)
 .bss._ZL5ESP01
                0x3fff3f7c       0x30 c:/prj/homa/Sming/Sming/compiler/lib/\libsming.a(IPAddress.o)
 .bss._ZL11INADDR_NONE
                0x3fff3fac        0x8 c:/prj/homa/Sming/Sming/compiler/lib/\libsming.a(IPAddress.o)
 .bss._ZL11INADDR_NONE
                0x3fff3fb4        0x8 c:/prj/homa/Sming/Sming/compiler/lib/\libsming.a(Print.o)
 .bss._ZZN6StringixEjE19dummy_writable_char
                0x3fff3fbc        0x1 c:/prj/homa/Sming/Sming/compiler/lib/\libsming.a(WString.o)
 *fill*         0x3fff3fbd        0x3 
 .bss._ZL11INADDR_NONE
                0x3fff3fc0        0x8 c:/prj/homa/Sming/Sming/compiler/lib/\libsming.a(WString.o)
 .bss._delegateFunctionList
                0x3fff3fc8       0x40 c:/prj/homa/Sming/Sming/compiler/lib/\libsming.a(Interrupts.o)
                0x3fff3fc8                _delegateFunctionList
 .bss._ZL11INADDR_NONE
                0x3fff4008        0x8 c:/prj/homa/Sming/Sming/compiler/lib/\libsming.a(Interrupts.o)
 .bss._ZL11INADDR_NONE
                0x3fff4010        0x8 c:/prj/homa/Sming/Sming/compiler/lib/\libsming.a(Digital.o)
 .bss.tmrHeartBeat
                0x3fff4018       0x30 out/build/app_app.a(application.o)
                0x3fff4018                tmrHeartBeat
 .bss.tmrMainLoop
                0x3fff4048       0x30 out/build/app_app.a(application.o)
                0x3fff4048                tmrMainLoop
 .bss.server    0x3fff4078       0x74 out/build/app_app.a(application.o)
                0x3fff4078                server
 .bss.gNTPClient
                0x3fff40ec        0x4 out/build/app_app.a(application.o)
                0x3fff40ec                gNTPClient
 .bss.gLastTempHumid
                0x3fff40f0        0x8 out/build/app_app.a(application.o)
                0x3fff40f0                gLastTempHumid
 .bss._ZL5ESP01
                0x3fff40f8       0x30 out/build/app_app.a(application.o)
 .bss._ZL11INADDR_NONE
                0x3fff4128        0x8 out/build/app_app.a(application.o)
 .bss.gDevicesState
                0x3fff4130        0x2 out/build/app_app.a(device.o)
                0x3fff4130                gDevicesState
 *fill*         0x3fff4132        0x2 
 .bss._ZL5ESP01
                0x3fff4134       0x30 out/build/app_app.a(device.o)
 .bss._ZL11INADDR_NONE
                0x3fff4164        0x8 out/build/app_app.a(device.o)
 .bss.dht       0x3fff416c        0x4 out/build/app_app.a(drvDHT22.o)
                0x3fff416c                dht
 .bss._ZL5ESP01
                0x3fff4170       0x30 out/build/app_app.a(drvDHT22.o)
 .bss._ZL11INADDR_NONE
                0x3fff41a0        0x8 out/build/app_app.a(drvDHT22.o)
 .bss._ZL5ESP01
                0x3fff41a8       0x30 out/build/app_app.a(drvDS18B20.o)
 .bss._ZL11INADDR_NONE
                0x3fff41d8        0x8 out/build/app_app.a(drvDS18B20.o)
 .bss._ZL5ESP01
                0x3fff41e0       0x30 out/build/app_app.a(drvMQ135.o)
 .bss._ZL11INADDR_NONE
                0x3fff4210        0x8 out/build/app_app.a(drvMQ135.o)
 .bss._ZL5ESP01
                0x3fff4218       0x30 out/build/app_app.a(drvRGB.o)
 .bss._ZL11INADDR_NONE
                0x3fff4248        0x8 out/build/app_app.a(drvRGB.o)
 .bss._ZL5ESP01
                0x3fff4250       0x30 out/build/app_app.a(drvRadio.o)
 .bss._ZL11INADDR_NONE
                0x3fff4280        0x8 out/build/app_app.a(drvRadio.o)
 .bss._ZL5ESP01
                0x3fff4288       0x30 out/build/app_app.a(drvSDCard.o)
 .bss._ZL11INADDR_NONE
                0x3fff42b8        0x8 out/build/app_app.a(drvSDCard.o)
 .bss._ZL5ESP01
                0x3fff42c0       0x30 out/build/app_app.a(drvUART.o)
 .bss._ZL11INADDR_NONE
                0x3fff42f0        0x8 out/build/app_app.a(drvUART.o)
 .bss._ZL5ESP01
                0x3fff42f8       0x30 out/build/app_app.a(drvWiFi.o)
 .bss._ZL11INADDR_NONE
                0x3fff4328        0x8 out/build/app_app.a(drvWiFi.o)
 .bss._ZL5ESP01
                0x3fff4330       0x30 c:/prj/homa/Sming/Sming/compiler/lib/\libsming.a(m_printf.o)
 .bss._ZL11INADDR_NONE
                0x3fff4360        0x8 c:/prj/homa/Sming/Sming/compiler/lib/\libsming.a(m_printf.o)
 .bss._ZL11INADDR_NONE
                0x3fff4368        0x8 c:/prj/homa/Sming/Sming/compiler/lib/\libsming.a(DataSourceStream.o)
 .bss.SystemClock
                0x3fff4370       0x18 c:/prj/homa/Sming/Sming/compiler/lib/\libsming.a(SystemClock.o)
                0x3fff4370                SystemClock
 .bss._ZL11INADDR_NONE
                0x3fff4388        0x8 c:/prj/homa/Sming/Sming/compiler/lib/\libsming.a(SystemClock.o)
 .bss._ZL11INADDR_NONE
                0x3fff4390        0x8 c:/prj/homa/Sming/Sming/compiler/lib/\libsming.a(HttpResponse.o)
 .bss._ZL11INADDR_NONE
                0x3fff4398        0x8 c:/prj/homa/Sming/Sming/compiler/lib/\libsming.a(HttpServer.o)
 .bss._ZL11INADDR_NONE
                0x3fff43a0        0x8 c:/prj/homa/Sming/Sming/compiler/lib/\libsming.a(HttpServerConnection.o)
 .bss._ZL11INADDR_NONE
                0x3fff43a8        0x8 c:/prj/homa/Sming/Sming/compiler/lib/\libsming.a(NtpClient.o)
 .bss._ZL11INADDR_NONE
                0x3fff43b0        0x8 c:/prj/homa/Sming/Sming/compiler/lib/\libsming.a(TcpConnection.o)
 .bss._ZN9TcpServer16totalConnectionsE
                0x3fff43b8        0x2 c:/prj/homa/Sming/Sming/compiler/lib/\libsming.a(TcpServer.o)
                0x3fff43b8                TcpServer::totalConnections
 *fill*         0x3fff43ba        0x2 
 .bss._ZL11INADDR_NONE
                0x3fff43bc        0x8 c:/prj/homa/Sming/Sming/compiler/lib/\libsming.a(TcpServer.o)
 .bss._ZL11INADDR_NONE
                0x3fff43c4        0x8 c:/prj/homa/Sming/Sming/compiler/lib/\libsming.a(UdpConnection.o)
 .bss._ZL11INADDR_NONE
                0x3fff43cc        0x8 c:/prj/homa/Sming/Sming/compiler/lib/\libsming.a(WebSocket.o)
 .bss.WifiAccessPoint
                0x3fff43d4        0x8 c:/prj/homa/Sming/Sming/compiler/lib/\libsming.a(AccessPoint.o)
                0x3fff43d4                WifiAccessPoint
 .bss._ZL5ESP01
                0x3fff43dc       0x30 c:/prj/homa/Sming/Sming/compiler/lib/\libsming.a(AccessPoint.o)
 .bss._ZL11INADDR_NONE
                0x3fff440c        0x8 c:/prj/homa/Sming/Sming/compiler/lib/\libsming.a(AccessPoint.o)
 .bss.RTC       0x3fff4414        0x1 c:/prj/homa/Sming/Sming/compiler/lib/\libsming.a(RTC.o)
                0x3fff4414                RTC
 *fill*         0x3fff4415        0x3 
 .bss.WifiStation
                0x3fff4418       0x20 c:/prj/homa/Sming/Sming/compiler/lib/\libsming.a(Station.o)
                0x3fff4418                WifiStation
 .bss._ZL5ESP01
                0x3fff4438       0x30 c:/prj/homa/Sming/Sming/compiler/lib/\libsming.a(Station.o)
 .bss._ZL11INADDR_NONE
                0x3fff4468        0x8 c:/prj/homa/Sming/Sming/compiler/lib/\libsming.a(Station.o)
 .bss.WDT       0x3fff4470        0x8 c:/prj/homa/Sming/Sming/compiler/lib/\libsming.a(WDT.o)
                0x3fff4470                WDT
 .bss._ZN11ArduinoJson11JsonVariant8_invalidE
                0x3fff4478       0x10 c:/prj/homa/Sming/Sming/compiler/lib/\libsming.a(ArduinoJson.o)
                0x3fff4478                ArduinoJson::JsonVariant::_invalid
 .bss._ZN11ArduinoJson10JsonObject8_invalidE
                0x3fff4488        0x8 c:/prj/homa/Sming/Sming/compiler/lib/\libsming.a(ArduinoJson.o)
                0x3fff4488                ArduinoJson::JsonObject::_invalid
 .bss._ZN11ArduinoJson17JsonStringStorage8_invalidE
                0x3fff4490        0x8 c:/prj/homa/Sming/Sming/compiler/lib/\libsming.a(ArduinoJson.o)
                0x3fff4490                ArduinoJson::JsonStringStorage::_invalid
 .bss._ZN11ArduinoJson9JsonArray8_invalidE
                0x3fff4498        0x8 c:/prj/homa/Sming/Sming/compiler/lib/\libsming.a(ArduinoJson.o)
                0x3fff4498                ArduinoJson::JsonArray::_invalid
 .bss._ZL5ESP01
                0x3fff44a0       0x30 c:/prj/homa/Sming/Sming/compiler/lib/\libsming.a(DateTime.o)
 .bss._ZL11INADDR_NONE
                0x3fff44d0        0x8 c:/prj/homa/Sming/Sming/compiler/lib/\libsming.a(DateTime.o)
 .bss._ZL5ESP01
                0x3fff44d8       0x30 c:/prj/homa/Sming/Sming/compiler/lib/\libsming.a(DHT.o)
 .bss._ZL11INADDR_NONE
                0x3fff4508        0x8 c:/prj/homa/Sming/Sming/compiler/lib/\libsming.a(DHT.o)
 .bss._ZL8CardType
                0x3fff4510        0x1 c:/prj/homa/Sming/Sming/compiler/lib/\libsming.a(SDCard.o)
 *fill*         0x3fff4511        0x3 
 .bss.SDCardSPI
                0x3fff4514        0x4 c:/prj/homa/Sming/Sming/compiler/lib/\libsming.a(SDCard.o)
                0x3fff4514                SDCardSPI
 .bss.pFatFs    0x3fff4518        0x4 c:/prj/homa/Sming/Sming/compiler/lib/\libsming.a(SDCard.o)
                0x3fff4518                pFatFs
 .bss._ZL5ESP01
                0x3fff451c       0x30 c:/prj/homa/Sming/Sming/compiler/lib/\libsming.a(SDCard.o)
 .bss._ZL11INADDR_NONE
                0x3fff454c        0x8 c:/prj/homa/Sming/Sming/compiler/lib/\libsming.a(SDCard.o)
 .bss._ZL5ESP01
                0x3fff4554       0x30 c:/prj/homa/Sming/Sming/compiler/lib/\libsming.a(WS2812.o)
 .bss._ZL11INADDR_NONE
                0x3fff4584        0x8 c:/prj/homa/Sming/Sming/compiler/lib/\libsming.a(WS2812.o)
 .bss.Fsid      0x3fff458c        0x2 c:/prj/homa/Sming/Sming/compiler/lib/\libsming.a(ff.o)
 *fill*         0x3fff458e        0x2 
 .bss.FatFs     0x3fff4590        0x4 c:/prj/homa/Sming/Sming/compiler/lib/\libsming.a(ff.o)
 .bss._ZL11INADDR_NONE
                0x3fff4594        0x8 c:/prj/homa/Sming/Sming/compiler/lib/\libsming.a(Clock.o)
 .bss._ZL5ESP01
                0x3fff459c       0x30 c:/prj/homa/Sming/Sming/compiler/lib/\libsming.a(SPISoft.o)
 .bss._ZL11INADDR_NONE
                0x3fff45cc        0x8 c:/prj/homa/Sming/Sming/compiler/lib/\libsming.a(SPISoft.o)
 .bss._ZL11INADDR_NONE
                0x3fff45d4        0x8 c:/prj/homa/Sming/Sming/compiler/lib/\libsming.a(HttpRequest.o)
 .bss._ZL11INADDR_NONE
                0x3fff45dc        0x8 c:/prj/homa/Sming/Sming/compiler/lib/\libsming.a(TcpClient.o)
 *(.gnu.linkonce.b.*)
 *(COMMON)
 COMMON         0x3fff45e4       0x64 c:/prj/homa/Sming/Sming/compiler/lib/\libsming.a(spiffs.o)
                0x3fff45e4                _filesystemStorageHandle
                0x3fff4648                . = ALIGN (0x8)
                0x3fff4648                _bss_end = ABSOLUTE (.)
                0x3fff4648                _heap_start = ABSOLUTE (.)

.irom0.text     0x40209000    0x35ff7
                0x40209000                _irom0_text_start = ABSOLUTE (.)
 *(.irom0.literal .irom.literal .irom.text.literal .irom0.text .irom.text)
 .irom0.text    0x40209000      0x66d c:/Espressif/ESP8266_SDK/lib\libmain.a(app_main.o)
                                0x78d (size before relaxing)
                0x40209200                wdt_init
                0x40209290                user_uart_wait_tx_fifo_empty
 *fill*         0x4020966d        0x3 
 .irom0.text    0x40209670      0x15e c:/Espressif/ESP8266_SDK/lib\libmain.a(ets_timer.o)
                                0x192 (size before relaxing)
                0x40209678                ets_timer_done
                0x402096bc                ets_timer_handler_isr
                0x4020976c                ets_timer_init
 *fill*         0x402097ce        0x2 
 .irom0.text    0x402097d0       0x54 c:/Espressif/ESP8266_SDK/lib\libmain.a(mem_manager.o)
                                 0x58 (size before relaxing)
                0x402097d4                xPortGetFreeHeapSize
 .irom0.text    0x40209824     0x2845 c:/Espressif/ESP8266_SDK/lib\libmain.a(user_interface.o)
                               0x2fdd (size before relaxing)
                0x40209828                system_set_os_print
                0x40209838                system_get_os_print
                0x40209a00                system_pp_recycle_rx_pkt
                0x40209a14                system_adc_read
                0x40209a2c                system_get_vdd33
                0x40209a48                system_restart
                0x40209aa4                system_restore
                0x40209b00                system_get_flash_size_map
                0x40209b24                system_get_boot_version
                0x40209b5c                system_get_test_result
                0x40209b84                system_get_userbin_addr
                0x40209c1c                system_get_boot_mode
                0x40209c4c                system_restart_enhance
                0x40209d88                system_upgrade_userbin_set
                0x40209dd0                system_upgrade_userbin_check
                0x40209e10                system_upgrade_flag_set
                0x40209e24                system_upgrade_flag_check
                0x40209e48                system_upgrade_reboot
                0x40209f68                system_deep_sleep
                0x40209fc8                system_deep_sleep_set_option
                0x40209fe4                system_phy_set_max_tpw
                0x40209ff8                system_phy_set_tpw_via_vdd33
                0x4020a00c                system_phy_set_rfoption
                0x4020a024                system_update_cpu_freq
                0x4020a080                system_get_cpu_freq
                0x4020a098                system_overclock
                0x4020a0c4                system_restoreclock
                0x4020a0f4                system_timer_reinit
                0x4020a110                system_relative_time
                0x4020a130                system_station_got_ip_set
                0x4020a234                system_print_meminfo
                0x4020a294                system_get_free_heap_size
                0x4020a2ac                system_get_chip_id
                0x4020a2d0                system_rtc_clock_cali_proc
                0x4020a2e4                system_get_rtc_time
                0x4020a2f8                system_mktime
                0x4020a3c8                system_init_done_cb
                0x4020a3d0                system_get_rst_info
                0x4020a3d8                wifi_softap_dhcps_start
                0x4020a420                wifi_softap_dhcps_stop
                0x4020a464                wifi_softap_dhcps_status
                0x4020a46c                wifi_station_dhcpc_start
                0x4020a4c0                wifi_station_dhcpc_stop
                0x4020a504                wifi_station_dhcpc_status
                0x4020a574                wifi_get_opmode
                0x4020a588                wifi_get_opmode_default
                0x4020a604                wifi_get_broadcast_if
                0x4020a640                wifi_set_broadcast_if
                0x4020a758                wifi_set_opmode
                0x4020a76c                wifi_set_opmode_current
                0x4020a780                system_get_checksum
                0x4020a848                system_param_save_with_protect
                0x4020a8ec                system_param_load
                0x4020aa18                wifi_station_get_config
                0x4020aa2c                wifi_station_get_config_default
                0x4020aa4c                wifi_station_get_ap_info
                0x4020ab08                wifi_station_ap_number_set
                0x4020adac                wifi_station_set_config
                0x4020adc0                wifi_station_set_config_current
                0x4020add4                wifi_station_get_current_ap_id
                0x4020ade8                wifi_station_ap_check
                0x4020ae20                wifi_station_ap_change
                0x4020af14                wifi_station_scan
                0x4020af60                wifi_station_get_auto_connect
                0x4020af74                wifi_station_set_auto_connect
                0x4020afc8                wifi_station_connect
                0x4020b060                wifi_station_disconnect
                0x4020b108                wifi_station_get_connect_status
                0x4020b138                wifi_station_set_reconnect_policy
                0x4020b150                wifi_station_get_reconnect_policy
                0x4020b158                wifi_station_get_rssi
                0x4020b1a0                wifi_station_set_default_hostname
                0x4020b1e8                wifi_station_get_hostname
                0x4020b210                wifi_station_set_hostname
                0x4020b29c                wifi_softap_cacl_mac
                0x4020b308                wifi_softap_set_default_ssid
                0x4020b4b0                wifi_softap_get_config
                0x4020b4c4                wifi_softap_get_config_default
                0x4020b728                wifi_softap_set_config
                0x4020b73c                wifi_softap_set_config_current
                0x4020b750                wifi_softap_set_station_info
                0x4020b7c0                wifi_softap_get_station_info
                0x4020b860                wifi_softap_free_station_info
                0x4020b894                wifi_softap_get_station_num
                0x4020b8e8                wifi_softap_deauth
                0x4020b9a4                wifi_get_phy_mode
                0x4020b9ac                wifi_set_phy_mode
                0x4020ba70                wifi_set_sleep_type
                0x4020ba90                wifi_get_sleep_type
                0x4020baa8                wifi_get_channel
                0x4020bac0                wifi_set_channel
                0x4020baf0                wifi_promiscuous_set_mac
                0x4020bb50                wifi_promiscuous_enable
                0x4020bc34                wifi_set_promiscuous_rx_cb
                0x4020bc58                wifi_get_ip_info
                0x4020bd30                wifi_set_ip_info
                0x4020bde0                wifi_get_macaddr
                0x4020be40                wifi_set_macaddr
                0x4020bf0c                wifi_status_led_install
                0x4020bf40                wifi_status_led_uninstall
                0x4020bf64                wifi_set_status_led_output_level
                0x4020bf78                wifi_set_event_handler_cb
                0x4020bf88                system_os_task
                0x4020bfcc                system_uart_swap
                0x4020c02c                system_uart_de_swap
                0x4020c064                system_get_sdk_version
 *fill*         0x4020c069        0x3 
 .irom0.text    0x4020c06c      0x5cf c:/Espressif/ESP8266_SDK/lib\libmain.a(eagle_lib.o)
                                0x5df (size before relaxing)
                0x4020c070                divide
                0x4020c0ac                skip_atoi
                0x4020c22c                ets_vsnprintf
                0x4020c58c                ets_vsprintf
                0x4020c5b0                ets_sprintf
                0x4020c5d8                ets_strcat
                0x4020c5f8                ets_strrchr
                0x4020c624                ets_strchr
 *fill*         0x4020c63b        0x1 
 .irom0.text    0x4020c63c      0x2f2 c:/Espressif/ESP8266_SDK/lib\libmain.a(eagle_lwip_if.o)
                                0x3ae (size before relaxing)
                0x4020c6ec                eagle_lwip_if_alloc
                0x4020c8b0                eagle_lwip_if_free
                0x4020c90c                eagle_lwip_getif
 *fill*         0x4020c92e        0x2 
 .irom0.literal
                0x4020c930        0x0 c:/prj/homa/Sming/Sming/compiler/lib/\libmicroc.a(strchr.o)
                                  0x4 (size before relaxing)
 .irom0.literal
                0x4020c930        0xc c:/prj/homa/Sming/Sming/compiler/lib/\libmicroc.a(strchrnul.o)
 .irom0.literal
                0x4020c93c        0x4 c:/prj/homa/Sming/Sming/compiler/lib/\libmicroc.a(malloc.o)
                                 0x14 (size before relaxing)
 .irom0.literal
                0x4020c940        0x4 c:/prj/homa/Sming/Sming/compiler/lib/\libmicroc.a(abort.o)
                                  0x8 (size before relaxing)
 .irom0.literal
                0x4020c944        0x0 c:/prj/homa/Sming/Sming/compiler/lib/\libmicroc.a(sprintf.o)
                                  0x4 (size before relaxing)
 .irom0.literal
                0x4020c944        0x0 c:/prj/homa/Sming/Sming/compiler/lib/\libmicroc.a(vsprintf.o)
                                  0x4 (size before relaxing)
 .irom0.literal
                0x4020c944        0x8 c:/prj/homa/Sming/Sming/compiler/lib/\libmicrogcc.a(_divsf3.o)
                                 0x10 (size before relaxing)
 .irom0.text    0x4020c94c       0x25 c:/prj/homa/Sming/Sming/compiler/lib/\libmicroc.a(strchr.o)
                                 0x29 (size before relaxing)
                0x4020c94c                strchr
 *fill*         0x4020c971        0x3 
 .irom0.text    0x4020c974       0x75 c:/prj/homa/Sming/Sming/compiler/lib/\libmicroc.a(strchrnul.o)
                0x4020c974                strchrnul
                0x4020c974                __strchrnul
 *fill*         0x4020c9e9        0x3 
 .irom0.text    0x4020c9ec       0x65 c:/prj/homa/Sming/Sming/compiler/lib/\libmicroc.a(malloc.o)
                0x4020c9ec                malloc
                0x4020ca00                free
                0x4020ca14                realloc
                0x4020ca28                zalloc
                0x4020ca3c                calloc
 *fill*         0x4020ca51        0x3 
 .irom0.text    0x4020ca54       0x11 c:/prj/homa/Sming/Sming/compiler/lib/\libmicroc.a(abort.o)
                0x4020ca54                abort
 *fill*         0x4020ca65        0x3 
 .irom0.text    0x4020ca68       0xfa c:/Espressif/ESP8266_SDK/lib\libphy.a(phy.o)
                                0x11e (size before relaxing)
                0x4020ca6c                rf_init
                0x4020ca88                bb_init
                0x4020caa0                phy_init
                0x4020cad0                RFChannelSel
                0x4020caec                phy_delete_channel
                0x4020cb04                phy_enable_agc
                0x4020cb1c                phy_disable_agc
                0x4020cb34                phy_initialize_bb
                0x4020cb4c                phy_set_sense
 *fill*         0x4020cb62        0x2 
 .irom0.text    0x4020cb64     0x18dc c:/Espressif/ESP8266_SDK/lib\libphy.a(phy_chip_v6_ana.o)
                               0x1b00 (size before relaxing)
                0x4020cb68                ram_pbus_set_rxgain
                0x4020cc44                ram_pbus_debugmode
                0x4020ccf8                ram_pbus_xpd_tx_on
                0x4020cd64                set_rf_freq_offset
                0x4020cdd8                chip_v6_rxmax_ext_ana
                0x4020cf28                ram_chip_v6_rx_init
                0x4020cf5c                tsen_meas
                0x4020d00c                readvdd33
                0x4020d1a0                txpwr_offset
                0x4020d260                set_txcap_reg
                0x4020d2e0                ram_ana_inf_gating_en
                0x4020d440                ram_restart_cal
                0x4020d4ac                wait_rfpll_cal_end
                0x4020d540                ram_rfpll_set_freq
                0x4020d64c                ram_set_channel_freq
                0x4020d984                chip_60_set_channel
                0x4020db4c                chip_v6_set_chan_offset
                0x4020db84                chip_v6_set_chan
                0x4020dbfc                chip_v6_set_chan_wakeup
                0x4020dc7c                chip_v6_rf_init
                0x4020de88                low_power_set
                0x4020deec                test_tout
                0x4020e130                check_data_flag
                0x4020e154                phy_get_check_flag
                0x4020e2c4                phy_get_vdd33
 .irom0.text    0x4020e440     0x3958 c:/Espressif/ESP8266_SDK/lib\libphy.a(phy_chip_v6.o)
                               0x3f50 (size before relaxing)
                0x4020e440                ram_tx_mac_enable
                0x4020e444                rtc_mem_backup
                0x4020e474                rtc_mem_recovery
                0x4020e4a4                set_cal_rxdc
                0x4020e55c                set_rx_gain_cal_iq
                0x4020e8b8                gen_rx_gain_table
                0x4020e9f8                pbus_set_rxbbgain
                0x4020ea78                set_rx_gain_testchip_50
                0x4020ed88                ram_get_corr_power
                0x4020ee78                check_data_func
                0x4020ee98                do_noisefloor_lsleep_v50
                0x4020eecc                do_noisefloor
                0x4020ef3c                start_dig_rx
                0x4020ef80                stop_dig_rx
                0x4020efac                chip_v6_set_chanfreq
                0x4020efe4                tx_cap_init
                0x4020f1a4                target_power_add_backoff
                0x4020f1f4                tx_pwctrl_init_cal
                0x4020f35c                tx_atten_set_interp
                0x4020f5d8                tx_pwctrl_init
                0x4020f6cc                ram_get_noisefloor
                0x4020f6e8                get_noisefloor_sat
                0x4020f718                ram_set_noise_floor
                0x4020f774                ram_start_noisefloor
                0x4020f7c0                read_hw_noisefloor
                0x4020f7ec                noise_check_loop
                0x4020f948                noise_init
                0x4020fb44                target_power_backoff
                0x4020fb98                sdt_on_noise_start
                0x4020fc1c                chip_v6_set_chan_rx_cmp
                0x4020fda4                chip_v6_set_chan_misc
                0x4020fe34                phy_dig_spur_set
                0x40210194                phy_dig_spur_prot
                0x402103cc                chip_v6_rxmax_ext_dig
                0x40210418                chip_v6_rxmax_ext
                0x402104d0                phy_bb_rx_cfg
                0x402108d0                uart_wait_idle
                0x40210908                phy_pbus_soc_cfg
                0x402109cc                phy_gpio_cfg
                0x40210d14                tx_cont_en
                0x40210dbc                tx_cont_dis
                0x40210e10                tx_cont_cfg
                0x40210e30                chip_v6_initialize_bb
                0x40210f9c                periodic_cal
                0x402110a8                bbpll_cal
                0x40211140                periodic_cal_top
                0x402111a0                register_chipv6_phy_init_param
                0x40211440                change_bbpll160_sleep
                0x40211530                change_bbpll160
                0x40211568                set_crystal_uart
                0x402115e0                ant_switch_init
                0x4021168c                reduce_current_init
                0x402116f4                rtc_mem_check
                0x4021172c                phy_afterwake_set_rfoption
                0x40211758                deep_sleep_set_option
                0x402117d4                register_chipv6_phy
                0x40211a94                set_dpd_bypass
                0x40211aec                set_rf_gain_stage10
                0x40211b1c                get_vdd33_offset
                0x40211b90                get_phy_target_power
                0x40211c40                set_most_pwr_reg
                0x40211d14                phy_set_most_tpw
                0x40211d38                phy_vdd33_set_tpw
                0x40211d50                get_adc_rand
                0x40211d84                phy_get_rand
 .irom0.text    0x40211d98     0x214c c:/Espressif/ESP8266_SDK/lib\libphy.a(phy_chip_v6_cal.o)
                               0x2388 (size before relaxing)
                0x40211d98                txbbgain2dcoindex
                0x40211db8                dcoindex2txbbgain
                0x40211ddc                init_cal_dcoffset
                0x40211ea0                set_rfanagain_dc_reg
                0x40211f3c                set_txdc_pbus
                0x40211fa8                get_rf_gain_qdb
                0x40211fd0                correct_rf_ana_gain
                0x402120d8                get_sar_dout
                0x40212170                cal_rf_ana_gain
                0x40212248                meas_tone_pwr_db
                0x402122b8                tx_pwr_backoff
                0x40212404                get_fcc_1m2m_pwr_offset
                0x40212440                ram_set_txbb_atten
                0x402124d4                txiq_get_mis_pwr
                0x40212578                txiq_cover
                0x40212794                ram_rfcal_txiq
                0x40212a04                rc_cal
                0x40212bc4                get_target_power_offset
                0x40212ccc                get_pwctrl_correct
                0x40212d24                tx_pwctrl_cal
                0x40213064                tx_pwctrl_bg_init
                0x402130e0                tx_pwctrl_background
                0x40213198                read_sar_dout
                0x402131fc                ram_get_fm_sar_dout
                0x402132a0                ram_cal_tos_v60
                0x40213480                ram_get_bb_atten
                0x402134b0                ram_rfcal_txcap
                0x40213674                ram_rfcal_pwrctrl
                0x402138a0                ram_rxiq_get_mis
                0x40213a70                ram_rxiq_cover_mg_mp
                0x40213c14                ram_rfcal_rxiq
                0x40213e20                dpd_scale_set
                0x40213e68                dpd_mem_write
 .irom0.text    0x40213ee4      0x271 c:/Espressif/ESP8266_SDK/lib\libphy.a(phy_chip_v6_unused.o)
                                0x2fd (size before relaxing)
                0x40213ee4                chip_v6_set_sense
                0x40213ee8                chip_v6_get_sense
                0x40213eec                chip_v6_unset_chanfreq
                0x40213ef8                data_collect
                0x40213fcc                operation_test
                0x40214044                slop_wdt_feed
                0x40214058                slop_test
                0x4021410c                wd_reset_cnt
 *fill*         0x40214155        0x3 
 .irom0.text    0x40214158      0xd16 c:/Espressif/ESP8266_SDK/lib\libphy.a(phy_sleep.o)
                                0xf2e (size before relaxing)
                0x40214158                pm_usec2rtc
                0x4021418c                pm_rtc2usec
                0x4021419c                pm_set_sleep_cycles
                0x402141c4                pm_sleep_opt
                0x402142c8                pm_wakeup_opt
                0x40214300                get_chip_version
                0x40214340                pm_sleep_opt_bb_off
                0x40214380                pm_sleep_opt_bb_on
                0x402143cc                pm_set_pll_xtal_wait_time
                0x40214414                pm_prepare_to_sleep
                0x40214438                pm_sdio_nidle
                0x402144ac                chg_lslp_mem_opt_8266
                0x402144dc                pm_goto_sleep
                0x40214628                pm_wait4wakeup
                0x40214660                pm_open_rf
                0x402146a8                pm_sleep_set_mac
                0x4021472c                pm_set_wakeup_mac
                0x402147c8                pm_check_mac_idle
                0x40214820                pm_set_sleep_btco
                0x402148c0                pm_set_wakeup_btco
                0x402149d4                pm_set_sleep_mode
                0x40214aa4                pm_unmask_bt
                0x40214b08                pm_wakeup_init
                0x40214d10                sleep_opt_8266
                0x40214d30                sleep_opt_bb_on_8266
                0x40214d6c                sleep_reset_analog_rtcreg_8266
 *fill*         0x40214e6e        0x2 
 .irom0.text    0x40214e70      0x3d9 c:/Espressif/ESP8266_SDK/lib\libpp.a(if_hwctrl.o)
                                0x4b9 (size before relaxing)
                0x40214e74                ic_get_addr
                0x40214e80                ic_set_opmode
                0x40214e98                ic_enable_interface
                0x40214ee8                ic_interface_enabled
                0x40214efc                ic_disable_interface
                0x40214f44                ic_is_pure_sta
                0x40214f60                ic_get_ptk_alg
                0x40214f70                ic_get_gtk_alg
                0x40214f80                ic_set_ptk_alg
                0x40214f90                ic_set_gtk_alg
                0x40214fa0                ic_interface_is_p2p
                0x40215024                ic_set_vif
                0x402150bc                ic_set_sta
                0x40215158                ic_bss_info_update
                0x402151b4                ic_set_key
                0x40215210                ic_remove_key
                0x40215224                ic_get_rssi
 *fill*         0x40215249        0x3 
 .irom0.text    0x4021524c       0xfc c:/Espressif/ESP8266_SDK/lib\libpp.a(lmac.o)
                                0x114 (size before relaxing)
                0x40215250                lmacInitAc
                0x40215284                lmacInit
                0x4021532c                lmacSetRetryLimit
 .irom0.text    0x40215348     0x1a0d c:/Espressif/ESP8266_SDK/lib\libpp.a(pm.o)
                               0x1eed (size before relaxing)
                0x40215350                pm_rtc_clock_cali_proc
                0x40215388                pm_set_sleep_time
                0x40215664                pm_rf_is_closed
                0x402156a8                pm_set_sleep_type_from_upper
                0x40215798                pm_get_sleep_type
                0x40215958                uart_tx_flush
                0x4021595c                pm_suspend
                0x40215b88                pm_shutdown
                0x40215c80                pm_reset_idle_sleep
                0x40215cc0                pm_idle_sleep
                0x40215ccc                pm_open
                0x40215dc0                pm_onBcnRx
                0x40216734                pm_enable_gpio_wakeup
                0x40216774                pm_attach
                0x40216874                pm_send_nullfunc
                0x40216a3c                pm_is_waked
                0x40216a54                pm_is_open
                0x40216a6c                pm_scan_lock
                0x40216a9c                pm_try_scan_unlock
                0x40216ab4                pm_force_scan_unlock
                0x40216b70                pm_scan_unlocked
                0x40216b84                pm_allow_tx
                0x40216ba4                pm_assoc_parse
                0x40216bbc                pm_set_addr
                0x40216bdc                pm_sleep_for
                0x40216c10                pm_post
                0x40216d14                pm_get_idle_wait_time
 *fill*         0x40216d55        0x3 
 .irom0.text    0x40216d58     0x1269 c:/Espressif/ESP8266_SDK/lib\libpp.a(pp.o)
                               0x1561 (size before relaxing)
                0x40216d5c                PPWdtReset
                0x40216d88                pp_soft_wdt_init
                0x40216db0                pp_soft_wdt_stop
                0x40216ddc                pp_soft_wdt_restart
                0x40216e0c                RxNodeNum
                0x40216e30                TxNodeNum
                0x40216e54                pp_disable_noise_timer
                0x40216e74                pp_enable_noise_timer
                0x40216f7c                pp_noise_test
                0x40216f8c                reset_noise_timer
                0x40216fc4                pp_disable_idle_timer
                0x40216fe8                pp_enable_idle_timer
                0x40217010                pp_try_enable_idle_timer
                0x40217048                ppPeocessRxPktHdr
                0x40217314                ppTxPkt
                0x40217438                ppProcessWaitQ
                0x4021744c                ppRegisterTxCallback
                0x4021748c                ppRecycleRxPkt
                0x402174ec                ppCheckTxIdle
                0x40217778                pp_tx_idle_timeout
                0x40217c8c                ppGetTxQFirstAvail_Locked
                0x40217d70                pp_attach
 *fill*         0x40217fc1        0x3 
 .irom0.text    0x40217fc4      0x296 c:/Espressif/ESP8266_SDK/lib\libpp.a(rate_control.o)
                                0x2a2 (size before relaxing)
                0x40218210                RC_SetBasicRate
 *fill*         0x4021825a        0x2 
 .irom0.text    0x4021825c      0x3e9 c:/Espressif/ESP8266_SDK/lib\libpp.a(trc.o)
                                0x441 (size before relaxing)
                0x40218288                rcUpdatePhyMode
                0x40218364                rcAttach
                0x402183b0                rcGetTrc
                0x402183b8                trc_onDisconnect
                0x402183bc                trc_onScanStart
                0x402183dc                trc_onScanDone
                0x402183fc                rc_enable_trc
                0x402184c4                rc_get_mask
                0x402184d8                rc_disable_trc
                0x4021852c                rc_disable_trc_by_interface
                0x40218548                rc_get_sta_trc
                0x40218588                rc_get_trc
                0x402185f8                rc_get_trc_by_index
                0x40218618                rc_only_sta_trc
 *fill*         0x40218645        0x3 
 .irom0.text    0x40218648      0xaa7 c:/Espressif/ESP8266_SDK/lib\libpp.a(wdev.o)
                                0xbd3 (size before relaxing)
                0x40218654                wDev_Option_Init
                0x40218748                wDev_Enable_Beacon_Tsf
                0x40218764                wDev_Disable_Beacon_Tsf
                0x40218780                wDev_Set_Beacon_Int
                0x40218788                wDev_Reset_TBTT
                0x402187b8                wDev_Get_Next_TBTT
                0x40218a58                wDev_Initialize
                0x40218ac0                wDevForceAck6M
                0x40218adc                wDev_SetMacAddress
                0x40218b7c                wDev_SetRxPolicy
                0x40218bd0                wDev_SetBssid
                0x40218ca8                wDev_ClearBssid
                0x40218ce0                wDev_Insert_KeyEntry
                0x40218db4                wDev_remove_KeyEntry
                0x40218df4                wDev_Crypto_Conf
                0x40218e90                wDev_Crypto_Disable
                0x40218ec8                wDevEnableRx
                0x40218eec                wdev_go_sniffer
                0x40218fc8                wdev_set_sniffer_addr
                0x40219020                wdev_exit_sniffer
 *fill*         0x402190ef        0x1 
 .irom0.text    0x402190f0      0x12e c:/Espressif/ESP8266_SDK/lib\libpp.a(esf_buf.o)
                                0x14a (size before relaxing)
                0x40219104                esf_buf_setup
 *fill*         0x4021921e        0x2 
 .irom0.text    0x40219220      0x38a c:/Espressif/ESP8266_SDK/lib\libnet80211.a(ieee80211.o)
                                0x43a (size before relaxing)
                0x402192b0                ieee80211_ifattach
                0x40219300                ieee80211_mhz2ieee
                0x40219358                ieee80211_chan2ieee
                0x40219378                ieee80211_ieee2mhz
                0x402193b0                ieee80211_find_channel
                0x402193d8                ieee80211_find_channel_byieee
                0x40219424                wifi_mode_set
 *fill*         0x402195aa        0x2 
 .irom0.text    0x402195ac       0xc7 c:/Espressif/ESP8266_SDK/lib\libnet80211.a(ieee80211_crypto.o)
                                 0xcf (size before relaxing)
                0x402195ac                ieee80211_crypto_attach
                0x402195b0                ieee80211_crypto_available
                0x402195b4                ieee80211_crypto_setkey
                0x402195b8                ieee80211_crypto_encap
                0x40219608                ieee80211_crypto_decap
 *fill*         0x40219673        0x1 
 .irom0.text    0x40219674       0x50 c:/Espressif/ESP8266_SDK/lib\libnet80211.a(ieee80211_ets.o)
                0x4021967c                ieee80211_getmgtframe
 .irom0.text    0x402196c4     0x10ef c:/Espressif/ESP8266_SDK/lib\libnet80211.a(ieee80211_hostap.o)
                               0x143b (size before relaxing)
                0x40219a44                ieee80211_hostap_attach
                0x40219b08                hostap_handle_timer
                0x40219b9c                hostap_input
                0x4021a574                wifi_softap_start
                0x4021a690                wifi_softap_stop
 *fill*         0x4021a7b3        0x1 
 .irom0.text    0x4021a7b4      0xa88 c:/Espressif/ESP8266_SDK/lib\libnet80211.a(ieee80211_ht.o)
                                0xb44 (size before relaxing)
                0x4021a7c4                ieee80211_ht_attach
                0x4021a814                ieee80211_ht_node_init
                0x4021a854                ieee80211_ht_node_cleanup
                0x4021a88c                ieee80211_parse_htcap
                0x4021a968                ieee80211_ht_updateparams
                0x4021aa7c                ieee80211_setup_htrates
                0x4021ab50                ieee80211_setup_basic_htrates
                0x4021aeb4                ieee80211_add_htcap
                0x4021aed0                ieee80211_add_htcap_vendor
                0x4021aff4                ieee80211_add_htinfo
                0x4021b010                ieee80211_add_htinfo_vendor
 .irom0.text    0x4021b23c      0x8e0 c:/Espressif/ESP8266_SDK/lib\libnet80211.a(ieee80211_input.o)
                                0x950 (size before relaxing)
                0x4021b23c                ieee80211_deliver_data
                0x4021b294                ieee80211_decap
                0x4021b39c                ieee80211_setup_rates
                0x4021b408                ieee80211_alloc_challenge
                0x4021b43c                ieee80211_parse_beacon
                0x4021b8ac                ieee80211_parse_wpa
                0x4021b9c4                ieee80211_parse_rsn
                0x4021bac0                ieee80211_parse_action
                0x4021bb18                ieee80211_setup_rateset
 .irom0.text    0x4021bb1c     0x1757 c:/Espressif/ESP8266_SDK/lib\libnet80211.a(ieee80211_output.o)
                               0x199f (size before relaxing)
                0x4021bb20                ieee80211_output_pbuf
                0x4021bd9c                ieee80211_send_setup
                0x4021bed0                ieee80211_mgmt_output
                0x4021bfc4                ieee80211_tx_mgt_cb
                0x4021bfc8                ieee80211_send_nulldata
                0x4021c420                ieee80211_add_rates
                0x4021c458                ieee80211_add_xrates
                0x4021c4f4                ieee80211_send_probereq
                0x4021c6a0                ieee80211_getcapinfo
                0x4021c6fc                ieee80211_send_mgmt
                0x4021cc64                ieee80211_alloc_proberesp
                0x4021ce04                ieee80211_send_proberesp
                0x4021d128                ieee80211_beacon_alloc
 *fill*         0x4021d273        0x1 
 .irom0.text    0x4021d274      0x147 c:/Espressif/ESP8266_SDK/lib\libnet80211.a(ieee80211_phy.o)
                                0x16f (size before relaxing)
                0x4021d278                ieee80211_get_11g_ratetable
                0x4021d284                ieee80211_get_ratetable
                0x4021d29c                ieee80211_phy_init
                0x4021d2d0                ieee80211_phy_type_get
                0x4021d2e0                ieee80211_setup_ratetable
                0x4021d314                ieee80211_compute_duration
                0x4021d394                ieee80211_dot11Rate_rix
 *fill*         0x4021d3bb        0x1 
 .irom0.text    0x4021d3bc      0x1c2 c:/Espressif/ESP8266_SDK/lib\libnet80211.a(ieee80211_power.o)
                                0x1f2 (size before relaxing)
                0x4021d3bc                ieee80211_psq_init
                0x4021d3dc                ieee80211_psq_cleanup
                0x4021d3e4                ieee80211_set_tim
                0x4021d424                ieee80211_pwrsave
                0x4021d490                pwrsave_flushq
                0x4021d548                ieee80211_node_pwrsave
 *fill*         0x4021d57e        0x2 
 .irom0.text    0x4021d580      0x15b c:/Espressif/ESP8266_SDK/lib\libnet80211.a(ieee80211_proto.o)
                                0x177 (size before relaxing)
                0x4021d584                ieee80211_proto_attach
                0x4021d5ac                ieee80211_set_shortslottime
                0x4021d5c8                ieee80211_iserp_rateset
                0x4021d65c                ieee80211_setbasicrates
                0x4021d670                ieee80211_addbasicrates
                0x4021d684                ieee80211_wme_initparams
                0x4021d688                ieee80211_wme_updateparams
                0x4021d68c                ieee80211_mlme_connect_bss
 *fill*         0x4021d6db        0x1 
 .irom0.text    0x4021d6dc      0xdd6 c:/Espressif/ESP8266_SDK/lib\libnet80211.a(ieee80211_scan.o)
                               0x10ba (size before relaxing)
                0x4021d6e8                ieee80211_scan_attach
                0x4021d77c                scan_start
                0x4021d8f0                scan_pm_channel_op_cb
                0x4021dab0                scan_cancel
                0x4021dbf4                scan_add_bssid
                0x4021dc18                scan_remove_bssid
                0x4021dc24                scan_hidden_ssid
                0x4021dc2c                scan_add_probe_ssid
                0x4021dc6c                scan_remove_probe_ssid
                0x4021dda0                scan_clear_channles
                0x4021de14                scan_set_desChan
                0x4021de20                scan_get_type
                0x4021de28                cannel_scan_connect_state
                0x4021de40                scan_connect_state
                0x4021de88                scan_check_hidden
                0x4021deb0                scan_profile_check
                0x4021e1dc                scan_parse_beacon
 *fill*         0x4021e4b2        0x2 
 .irom0.text    0x4021e4b4      0xc37 c:/Espressif/ESP8266_SDK/lib\libnet80211.a(ieee80211_sta.o)
                                0xe1e (size before relaxing)
                0x4021e4e0                sta_status_set
                0x4021e528                ieee80211_sta_new_state
                0x4021e7f0                sta_input
                0x4021eb64                ieee80211_parse_wmeparams
                0x4021f040                wifi_station_start
                0x4021f0b4                wifi_station_stop
 *fill*         0x4021f0eb        0x1 
 .irom0.text    0x4021f0ec      0x1ee c:/Espressif/ESP8266_SDK/lib\libnet80211.a(wl_chm.o)
                                0x256 (size before relaxing)
                0x4021f0f8                chm_init
                0x4021f160                chm_start_op
                0x4021f208                chm_end_op
                0x4021f254                chm_set_current_channel
                0x4021f284                chm_freq2index
                0x4021f2ac                chm_check_same_channel
 *fill*         0x4021f2da        0x2 
 .irom0.text    0x4021f2dc     0x14f3 c:/Espressif/ESP8266_SDK/lib\libnet80211.a(wl_cnx.o)
                               0x193b (size before relaxing)
                0x4021f2e8                cnx_attach
                0x4021f328                cnx_sta_connect_led_timer_cb
                0x4021f37c                cnx_sta_connect_cmd
                0x4021f438                cnx_sta_scan_cmd
                0x4021f694                cnx_connect_timeout
                0x4021f6fc                cnx_start_handoff_cb
                0x4021fb50                cnx_bss_alloc
                0x4021fc00                cnx_rc_search
                0x4021fcc8                cnx_add_rc
                0x4021fdc4                cnx_remove_rc
                0x4021ff28                cnx_rc_update_rssi
                0x4021ffb0                cnx_rc_update_state_metric
                0x4022001c                cnx_rc_update_age
                0x40220040                cnx_update_bss
                0x40220078                cnx_update_bss_more
                0x40220228                cnx_sta_leave
                0x40220368                cnx_sta_associated
                0x402203d0                cnx_node_alloc
                0x4022043c                cnx_node_remove
                0x402204b4                cnx_node_search
                0x40220534                cnx_node_leave
                0x4022061c                cnx_node_join
 *fill*         0x402207cf        0x1 
 .irom0.text    0x402207d0      0x161 c:/Espressif/ESP8266_SDK/lib\libnet80211.a(ieee80211_action.o)
                                0x181 (size before relaxing)
                0x402207e0                ieee80211_send_action_register
                0x40220814                ieee80211_send_action_unregister
                0x40220828                ieee80211_send_action
                0x4022088c                ieee80211_recv_action_register
                0x402208c0                ieee80211_recv_action_unregister
                0x402208d4                ieee80211_recv_action
 *fill*         0x40220931        0x3 
 .irom0.text    0x40220934     0x12d2 c:/Espressif/ESP8266_SDK/lib\liblwip.a(dhcp.o)
                               0x1596 (size before relaxing)
                0x40220b80                dhcp_coarse_tmr
                0x40220bc8                dhcp_fine_tmr
                0x40220df0                dhcp_set_struct
                0x40220e14                dhcp_cleanup
                0x40220e38                dhcp_start
                0x40220ee8                dhcp_inform
                0x40220f90                dhcp_network_changed
                0x40220fd8                dhcp_arp_reply
                0x40221270                dhcp_renew
                0x402214e8                dhcp_release
                0x402215a8                dhcp_stop
 *fill*         0x40221c06        0x2 