Archive member included because of file (symbol)

c:/Espressif/ESP8266_SDK/lib\libmain.a(debug-vector.o)
                              (_DebugExceptionVector)
c:/Espressif/ESP8266_SDK/lib\libmain.a(double-vector.o)
                              (_DoubleExceptionVector)
c:/Espressif/ESP8266_SDK/lib\libmain.a(kernel-vector.o)
                              (_KernelExceptionVector)
c:/Espressif/ESP8266_SDK/lib\libmain.a(nmi-vector.o)
                              (_NMIExceptionVector)
c:/Espressif/ESP8266_SDK/lib\libmain.a(user-vector.o)
                              (_UserExceptionVector)
c:/Espressif/ESP8266_SDK/lib\libmain.a(vector.o)
                              (call_user_start)
c:/Espressif/ESP8266_SDK/lib\libmain.a(app_main.o)
                              c:/Espressif/ESP8266_SDK/lib\libmain.a(nmi-vector.o) (NMI_Handler)
c:/Espressif/ESP8266_SDK/lib\libmain.a(ets_timer.o)
                              c:/Espressif/ESP8266_SDK/lib\libmain.a(app_main.o) (ets_timer_setfn)
c:/Espressif/ESP8266_SDK/lib\libmain.a(mem_manager.o)
                              c:/Espressif/ESP8266_SDK/lib\libmain.a(app_main.o) (pvPortMalloc)
c:/Espressif/ESP8266_SDK/lib\libmain.a(spi_flash.o)
                              c:/Espressif/ESP8266_SDK/lib\libmain.a(app_main.o) (spi_flash_read)
c:/Espressif/ESP8266_SDK/lib\libmain.a(user_interface.o)
                              c:/Espressif/ESP8266_SDK/lib\libmain.a(app_main.o) (done_cb)
c:/Espressif/ESP8266_SDK/lib\libmain.a(eagle_lib.o)
                              c:/Espressif/ESP8266_SDK/lib\libmain.a(user_interface.o) (ets_sprintf)
c:/Espressif/ESP8266_SDK/lib\libmain.a(eagle_lwip_if.o)
                              c:/Espressif/ESP8266_SDK/lib\libmain.a(user_interface.o) (eagle_lwip_getif)
c:/my_esp8266/Sming/Sming/compiler/lib/\libsming.a(user_main.o)
                              c:/Espressif/ESP8266_SDK/lib\libmain.a(app_main.o) (user_init)
c:/my_esp8266/Sming/Sming/compiler/lib/\libsming.a(System.o)
                              c:/my_esp8266/Sming/Sming/compiler/lib/\libsming.a(user_main.o) (SystemClass::initialize())
c:/my_esp8266/Sming/Sming/compiler/lib/\libsming.a(esp_cplusplus.o)
                              c:/my_esp8266/Sming/Sming/compiler/lib/\libsming.a(user_main.o) (cpp_core_initialize)
c:/my_esp8266/Sming/Sming/compiler/lib/\libsming.a(IPAddress.o)
                              c:/my_esp8266/Sming/Sming/compiler/lib/\libsming.a(user_main.o) (IPAddress::IPAddress(unsigned char, unsigned char, unsigned char, unsigned char))
c:/my_esp8266/Sming/Sming/compiler/lib/\libsming.a(Print.o)
                              c:/my_esp8266/Sming/Sming/compiler/lib/\libsming.a(IPAddress.o) (Print::print(char))
c:/my_esp8266/Sming/Sming/compiler/lib/\libsming.a(WString.o)
                              c:/my_esp8266/Sming/Sming/compiler/lib/\libsming.a(IPAddress.o) (String::~String())
c:/my_esp8266/Sming/Sming/compiler/lib/\libsming.a(Interrupts.o)
                              c:/my_esp8266/Sming/Sming/compiler/lib/\libsming.a(System.o) (noInterrupts())
c:/my_esp8266/Sming/Sming/compiler/lib/\libsming.a(m_printf.o)
                              c:/my_esp8266/Sming/Sming/compiler/lib/\libsming.a(Print.o) (m_vsnprintf)
c:/my_esp8266/Sming/Sming/compiler/lib/\libsming.a(stringconversion.o)
                              c:/my_esp8266/Sming/Sming/compiler/lib/\libsming.a(m_printf.o) (ltoa_w)
c:/my_esp8266/Sming/Sming/compiler/lib/\libsming.a(Digital.o)
                              c:/my_esp8266/Sming/Sming/compiler/lib/\libsming.a(Interrupts.o) (pinMode(unsigned short, unsigned char))
out/build/app_app.a(application.o)
                              c:/my_esp8266/Sming/Sming/compiler/lib/\libsming.a(user_main.o) (init())
out/build/app_app.a(commWeb.o)
                              out/build/app_app.a(application.o) (cwReceivePacket(WebSocket&, char const*))
out/build/app_app.a(device.o)
                              out/build/app_app.a(application.o) (enableDev(unsigned short, unsigned char))
out/build/app_app.a(drvDHT22.o)
                              out/build/app_app.a(device.o) (devDHT22_init(unsigned char))
out/build/app_app.a(drvDS18B20.o)
                              out/build/app_app.a(device.o) (devDSTemp_init(unsigned char))
out/build/app_app.a(drvMQ135.o)
                              out/build/app_app.a(device.o) (devMQ135_init(unsigned char))
out/build/app_app.a(drvRGB.o)
                              out/build/app_app.a(device.o) (devRGB_init(unsigned char))
out/build/app_app.a(drvRadio.o)
                              out/build/app_app.a(application.o) (radio)
out/build/app_app.a(drvSDCard.o)
                              out/build/app_app.a(device.o) (devSDCard_init(unsigned char))
out/build/app_app.a(drvUART.o)
                              out/build/app_app.a(device.o) (devUART_init(unsigned char))
out/build/app_app.a(drvWiFi.o)
                              out/build/app_app.a(device.o) (devWiFi_init(unsigned char))
[...]
Memory Configuration

Name             Origin             Length             Attributes
dport0_0_seg     0x3ff00000         0x00000010
dram0_0_seg      0x3ffe8000         0x00014000
iram1_0_seg      0x40100000         0x00008000
irom0_0_seg      0x40209000         0x00042000
*default*        0x00000000         0xffffffff

Linker script and memory map

START GROUP
LOAD c:/my_esp8266/Sming/Sming/compiler/lib/\libmicroc.a
LOAD c:/my_esp8266/Sming/Sming/compiler/lib/\libmicrogcc.a
LOAD c:/espressif/xtensa-lx106-elf/bin/../lib/gcc/xtensa-lx106-elf/4.8.2/../../../../xtensa-lx106-elf/lib\libhal.a
LOAD c:/Espressif/ESP8266_SDK/lib\libphy.a
LOAD c:/Espressif/ESP8266_SDK/lib\libpp.a
LOAD c:/Espressif/ESP8266_SDK/lib\libnet80211.a
LOAD c:/Espressif/ESP8266_SDK/lib\liblwip.a
LOAD c:/Espressif/ESP8266_SDK/lib\libwpa.a
LOAD c:/Espressif/ESP8266_SDK/lib\libmain.a
LOAD c:/my_esp8266/Sming/Sming/compiler/lib/\libsming.a
LOAD out/build/app_app.a
END GROUP
                0x40000000                PROVIDE (_memmap_vecbase_reset, 0x40000000)
                0x00000110                _memmap_cacheattr_wb_base = 0x110
                0x00000110                _memmap_cacheattr_wt_base = 0x110
                0x00000220                _memmap_cacheattr_bp_base = 0x220
                0xfffff00f                _memmap_cacheattr_unused_mask = 0xfffff00f
                0x2222211f                _memmap_cacheattr_wb_trapnull = 0x2222211f
                0x2222211f                _memmap_cacheattr_wba_trapnull = 0x2222211f
                0x2222211f                _memmap_cacheattr_wbna_trapnull = 0x2222211f
                0x2222211f                _memmap_cacheattr_wt_trapnull = 0x2222211f
                0x2222222f                _memmap_cacheattr_bp_trapnull = 0x2222222f
                0xfffff11f                _memmap_cacheattr_wb_strict = 0xfffff11f
                0xfffff11f                _memmap_cacheattr_wt_strict = 0xfffff11f
                0xfffff22f                _memmap_cacheattr_bp_strict = 0xfffff22f
                0x22222112                _memmap_cacheattr_wb_allvalid = 0x22222112
                0x22222112                _memmap_cacheattr_wt_allvalid = 0x22222112
                0x22222222                _memmap_cacheattr_bp_allvalid = 0x22222222
                0x2222211f                PROVIDE (_memmap_cacheattr_reset, _memmap_cacheattr_wb_trapnull)

.dport0.rodata  0x3ff00000        0x0
                0x3ff00000                _dport0_rodata_start = ABSOLUTE (.)
 *(.dport0.rodata)
 *(.dport.rodata)
                0x3ff00000                _dport0_rodata_end = ABSOLUTE (.)

.dport0.literal
                0x3ff00000        0x0
                0x3ff00000                _dport0_literal_start = ABSOLUTE (.)
 *(.dport0.literal)
 *(.dport.literal)
                0x3ff00000                _dport0_literal_end = ABSOLUTE (.)

.dport0.data    0x3ff00000        0x0
                0x3ff00000                _dport0_data_start = ABSOLUTE (.)
 *(.dport0.data)
 *(.dport.data)
                0x3ff00000                _dport0_data_end = ABSOLUTE (.)

.data           0x3ffe8000      0x5f1
                0x3ffe8000                _data_start = ABSOLUTE (.)
 *(.data)
 .data          0x3ffe8000        0x4 c:/Espressif/ESP8266_SDK/lib\libmain.a(nmi-vector.o)
                0x3ffe8000                _Pri_3_HandlerAddress
 .data          0x3ffe8004        0x1 c:/Espressif/ESP8266_SDK/lib\libmain.a(app_main.o)
 *fill*         0x3ffe8005        0x3 
 .data          0x3ffe8008        0x5 c:/Espressif/ESP8266_SDK/lib\libmain.a(user_interface.o)
                0x3ffe8009                timer2_ms_flag
                0x3ffe800a                dhcps_flag
                0x3ffe800b                dhcpc_flag
                0x3ffe800c                reconnect_internal
 *fill*         0x3ffe800d        0x3 
 .data          0x3ffe8010       0x53 c:/Espressif/ESP8266_SDK/lib\libphy.a(phy_chip_v6.o)
                0x3ffe8012                tx_rf_ana_gain
                0x3ffe8034                tx_pwctrl_atten_init_en
                0x3ffe8040                rx_gain_swp
                0x3ffe8060                test_rffreq_txcap
 *fill*         0x3ffe8063        0x1 
 .data          0x3ffe8064        0x4 c:/Espressif/ESP8266_SDK/lib\libphy.a(phy_sleep.o)
                0x3ffe8064                chip_version
 .data          0x3ffe8068        0x1 c:/Espressif/ESP8266_SDK/lib\libpp.a(pm.o)
 *fill*         0x3ffe8069        0x3 
 .data          0x3ffe806c       0x1c c:/Espressif/ESP8266_SDK/lib\libpp.a(pp.o)
                0x3ffe806c                soft_wdt_interval
                0x3ffe8070                NoiseTimerInterval
                0x3ffe8078                sleep_start_wait_time
                0x3ffe8084                tcb
 *fill*         0x3ffe8088        0x8 
 .data          0x3ffe8090       0x40 c:/Espressif/ESP8266_SDK/lib\libpp.a(rate_control.o)
 .data          0x3ffe80d0      0x22c c:/Espressif/ESP8266_SDK/lib\libpp.a(trc.o)
 *fill*         0x3ffe82fc        0x4 
 .data          0x3ffe8300       0x10 c:/Espressif/ESP8266_SDK/lib\libpp.a(wdev.o)
 .data          0x3ffe8310      0x1a8 c:/Espressif/ESP8266_SDK/lib\libnet80211.a(ieee80211_phy.o)
 .data          0x3ffe84b8        0x6 c:/Espressif/ESP8266_SDK/lib\libnet80211.a(ieee80211_proto.o)
                0x3ffe84b8                ieee80211_addr_bcast
 *fill*         0x3ffe84be        0x2 
 .data          0x3ffe84c0       0x1c c:/Espressif/ESP8266_SDK/lib\libnet80211.a(ieee80211_action.o)
 .data          0x3ffe84dc        0x4 c:/Espressif/ESP8266_SDK/lib\liblwip.a(dhcp.o)
 .data          0x3ffe84e0        0x8 c:/Espressif/ESP8266_SDK/lib\liblwip.a(dhcpserver.o)
 .data          0x3ffe84e8        0x8 c:/Espressif/ESP8266_SDK/lib\liblwip.a(tcp.o)
 .data          0x3ffe84f0       0x18 c:/Espressif/ESP8266_SDK/lib\libnet80211.a(ieee80211_crypto_ccmp.o)
                0x3ffe84f0                ccmp
 .data          0x3ffe8508       0x18 c:/Espressif/ESP8266_SDK/lib\libnet80211.a(ieee80211_crypto_tkip.o)
                0x3ffe8508                tkip
 .data          0x3ffe8520       0x18 c:/Espressif/ESP8266_SDK/lib\libnet80211.a(ieee80211_crypto_wep.o)
                0x3ffe8520                wep
 *(.data.*)
 .data.cbc_printchar
                0x3ffe8538        0x4 c:/my_esp8266/Sming/Sming/compiler/lib/\libsming.a(m_printf.o)
                0x3ffe8538                cbc_printchar
 .data.gCWHandlers
                0x3ffe853c       0x48 out/build/app_app.a(commWeb.o)
                0x3ffe853c                gCWHandlers
 .data.gDevices
                0x3ffe8584       0x40 out/build/app_app.a(device.o)
                0x3ffe8584                gDevices
 .data.COLOR_GREEN
                0x3ffe85c4        0x4 out/build/app_app.a(drvRGB.o)
                0x3ffe85c4                COLOR_GREEN
 .data.COLOR_RED
                0x3ffe85c8        0x4 out/build/app_app.a(drvRGB.o)
                0x3ffe85c8                COLOR_RED
 .data._ZL4Stat
                0x3ffe85cc        0x1 c:/my_esp8266/Sming/Sming/compiler/lib/\libsming.a(SDCard.o)
 .data.BaudRates
                0x3ffe85cd       0x24 c:/my_esp8266/Sming/Sming/compiler/lib/\libsming.a(si4432.o)
                0x3ffe85cd                BaudRates
 *(.gnu.linkonce.d.*)
 *(.data1)
 *(.sdata)
 *(.sdata.*)
 *(.gnu.linkonce.s.*)
 *(.sdata2)
 *(.sdata2.*)
 *(.gnu.linkonce.s2.*)
 *(.jcr)
                0x3ffe85f1                _data_end = ABSOLUTE (.)

.rodata         0x3ffe8600     0x2210
                0x3ffe8600                _rodata_start = ABSOLUTE (.)
 *(.sdk.version)
 *(.rodata)
 .rodata        0x3ffe8600        0x2 c:/Espressif/ESP8266_SDK/lib\libmain.a(mem_manager.o)
 *fill*         0x3ffe8602        0x2 
 .rodata        0x3ffe8604        0x8 c:/Espressif/ESP8266_SDK/lib\libmain.a(eagle_lib.o)
 .rodata        0x3ffe860c        0x8 c:/Espressif/ESP8266_SDK/lib\libphy.a(phy_chip_v6.o)
 .rodata        0x3ffe8614        0x3 c:/Espressif/ESP8266_SDK/lib\libpp.a(pp.o)
 *fill*         0x3ffe8617        0x1 
 .rodata        0x3ffe8618        0x4 c:/Espressif/ESP8266_SDK/lib\libnet80211.a(ieee80211_hostap.o)
 .rodata        0x3ffe861c        0x4 c:/Espressif/ESP8266_SDK/lib\libnet80211.a(ieee80211_output.o)
 .rodata        0x3ffe8620       0x70 c:/Espressif/ESP8266_SDK/lib\libnet80211.a(ieee80211_proto.o)
 .rodata        0x3ffe8690        0x8 c:/Espressif/ESP8266_SDK/lib\libnet80211.a(wl_cnx.o)
 .rodata        0x3ffe8698        0x8 c:/Espressif/ESP8266_SDK/lib\liblwip.a(dhcpserver.o)
 .rodata        0x3ffe86a0        0xc c:/Espressif/ESP8266_SDK/lib\liblwip.a(etharp.o)
                0x3ffe86a0                ethbroadcast
                0x3ffe86a6                ethzero
 .rodata        0x3ffe86ac        0x8 c:/Espressif/ESP8266_SDK/lib\liblwip.a(ip_addr.o)
                0x3ffe86ac                ip_addr_any
                0x3ffe86b0                ip_addr_broadcast
 *fill*         0x3ffe86b4        0xc 
 .rodata        0x3ffe86c0       0x14 c:/Espressif/ESP8266_SDK/lib\liblwip.a(memp.o)
                0x3ffe86c0                memp_sizes
 *fill*         0x3ffe86d4        0xc 
 .rodata        0x3ffe86e0       0x2d c:/Espressif/ESP8266_SDK/lib\liblwip.a(tcp.o)
                0x3ffe86e0                tcp_pcb_lists
                0x3ffe86f0                tcp_persist_backoff
                0x3ffe8700                tcp_backoff
 *fill*         0x3ffe870d        0x3 
 .rodata        0x3ffe8710        0x6 c:/Espressif/ESP8266_SDK/lib\libwpa.a(ap_config.o)
 *fill*         0x3ffe8716        0x2 
 .rodata        0x3ffe8718        0x8 c:/Espressif/ESP8266_SDK/lib\libwpa.a(wpa.o)
 .rodata        0x3ffe8720        0xc c:/Espressif/ESP8266_SDK/lib\libwpa.a(wpa_common.o)
 .rodata        0x3ffe872c       0x14 c:/my_esp8266/Sming/Sming/compiler/lib/\libsming.a(WebSocket.o)
 .rodata        0x3ffe8740      0x100 c:/my_esp8266/Sming/Sming/compiler/lib/\libmicrogcc.a(_popcount_tab.o)
                0x3ffe8740                __popcount_tab
 *(.rodata.*)
 .rodata.str1.4
                0x3ffe8840       0x73 c:/Espressif/ESP8266_SDK/lib\libmain.a(app_main.o)
 *fill*         0x3ffe88b3        0x1 
 .rodata.str1.4
                0x3ffe88b4       0x14 c:/Espressif/ESP8266_SDK/lib\libmain.a(ets_timer.o)
 .rodata.str1.4
                0x3ffe88c8       0x28 c:/Espressif/ESP8266_SDK/lib\libmain.a(mem_manager.o)
 .rodata.str1.4
                0x3ffe88f0       0x1b c:/Espressif/ESP8266_SDK/lib\libmain.a(user_interface.o)
                                 0x22 (size before relaxing)
 *fill*         0x3ffe890b        0x1 
 .rodata._ZL14EspDigitalPins
                0x3ffe890c       0xc0 c:/my_esp8266/Sming/Sming/compiler/lib/\libsming.a(user_main.o)
 *fill*         0x3ffe89cc        0x4 
 .rodata._ZTV6VectorI8DelegateIFvvEEE
                0x3ffe89d0       0x1c c:/my_esp8266/Sming/Sming/compiler/lib/\libsming.a(System.o)
                0x3ffe89d0                vtable for Vector<Delegate<void ()> >
 *fill*         0x3ffe89ec        0x4 
 .rodata._ZTV6VectorIP19ISystemReadyHandlerE
                0x3ffe89f0       0x1c c:/my_esp8266/Sming/Sming/compiler/lib/\libsming.a(System.o)
                0x3ffe89f0                vtable for Vector<ISystemReadyHandler*>
 .rodata.str1.1
                0x3ffe8a0c       0x41 c:/my_esp8266/Sming/Sming/compiler/lib/\libsming.a(esp_cplusplus.o)
 .rodata.str1.1
                0x3ffe8a4d        0xf c:/my_esp8266/Sming/Sming/compiler/lib/\libsming.a(IPAddress.o)
                                 0x10 (size before relaxing)
 *fill*         0x3ffe8a5c        0x4 
 .rodata._ZTV9IPAddress
                0x3ffe8a60        0xc c:/my_esp8266/Sming/Sming/compiler/lib/\libsming.a(IPAddress.o)
                0x3ffe8a60                vtable for IPAddress
 .rodata.str1.1
                0x00000000        0x1 c:/my_esp8266/Sming/Sming/compiler/lib/\libsming.a(WString.o)
 .rodata.m_vsnprintf
                0x3ffe8a6c       0x58 c:/my_esp8266/Sming/Sming/compiler/lib/\libsming.a(m_printf.o)
 .rodata.str1.1
                0x3ffe8ac4       0x21 c:/my_esp8266/Sming/Sming/compiler/lib/\libsming.a(stringconversion.o)
 .rodata.str1.1
                0x3ffe8ae5       0x23 c:/my_esp8266/Sming/Sming/compiler/lib/\libsming.a(Digital.o)
 .rodata._ZL14EspDigitalPins
                0x3ffe8b08       0xc0 c:/my_esp8266/Sming/Sming/compiler/lib/\libsming.a(Digital.o)
 .rodata.str1.1
                0x3ffe8bc8      0x2d1 out/build/app_app.a(application.o)
                                0x2d3 (size before relaxing)
 *fill*         0x3ffe8e99        0x3 
 .rodata._Z11startSystemv
                0x3ffe8e9c       0x18 out/build/app_app.a(application.o)
 *fill*         0x3ffe8eb4        0x4 
 .rodata._ZTV15IDelegateCallerIvIEE
                0x3ffe8eb8       0x14 out/build/app_app.a(application.o)
                0x3ffe8eb8                vtable for IDelegateCaller<void>
 *fill*         0x3ffe8ecc        0x4 
 .rodata._ZTV14FunctionCallerIPFvvEvIEE
                0x3ffe8ed0       0x14 out/build/app_app.a(application.o)
                0x3ffe8ed0                vtable for FunctionCaller<void (*)(), void>
 *fill*         0x3ffe8ee4        0x4 
 .rodata._ZTV15IDelegateCallerIvIR11HttpRequestR12HttpResponseEE
                0x3ffe8ee8       0x14 out/build/app_app.a(application.o)
                0x3ffe8ee8                vtable for IDelegateCaller<void, HttpRequest&, HttpResponse&>
 *fill*         0x3ffe8efc        0x4 
 .rodata._ZTV14FunctionCallerIPFvR11HttpRequestR12HttpResponseEvIS1_S3_EE
                0x3ffe8f00       0x14 out/build/app_app.a(application.o)
                0x3ffe8f00                vtable for FunctionCaller<void (*)(HttpRequest&, HttpResponse&), void, HttpRequest&, HttpResponse&>
 *fill*         0x3ffe8f14        0x4 
 .rodata._ZTV15IDelegateCallerIvIR9WebSocketEE
                0x3ffe8f18       0x14 out/build/app_app.a(application.o)
                0x3ffe8f18                vtable for IDelegateCaller<void, WebSocket&>
 *fill*         0x3ffe8f2c        0x4 
 .rodata._ZTV14FunctionCallerIPFvR9WebSocketEvIS1_EE
                0x3ffe8f30       0x14 out/build/app_app.a(application.o)
                0x3ffe8f30                vtable for FunctionCaller<void (*)(WebSocket&), void, WebSocket&>
 *fill*         0x3ffe8f44        0x4 
 .rodata._ZTV15IDelegateCallerIvIR9WebSocketRK6StringEE
                0x3ffe8f48       0x14 out/build/app_app.a(application.o)
                0x3ffe8f48                vtable for IDelegateCaller<void, WebSocket&, String const&>
 *fill*         0x3ffe8f5c        0x4 
 .rodata._ZTV14FunctionCallerIPFvR9WebSocketRK6StringEvIS1_S4_EE
                0x3ffe8f60       0x14 out/build/app_app.a(application.o)
                0x3ffe8f60                vtable for FunctionCaller<void (*)(WebSocket&, String const&), void, WebSocket&, String const&>
 *fill*         0x3ffe8f74        0x4 
 .rodata._ZTV15IDelegateCallerIvIR9WebSocketPhjEE
                0x3ffe8f78       0x14 out/build/app_app.a(application.o)
                0x3ffe8f78                vtable for IDelegateCaller<void, WebSocket&, unsigned char*, unsigned int>
 *fill*         0x3ffe8f8c        0x4 
 .rodata._ZTV14FunctionCallerIPFvR9WebSocketPhjEvIS1_S2_jEE
                0x3ffe8f90       0x14 out/build/app_app.a(application.o)
                0x3ffe8f90                vtable for FunctionCaller<void (*)(WebSocket&, unsigned char*, unsigned int), void, WebSocket&, unsigned char*, unsigned int>
 .rodata.str1.1
                0x3ffe8fa4      0x124 out/build/app_app.a(commWeb.o)
 .rodata.str1.1
                0x3ffe90c8       0x42 out/build/app_app.a(device.o)
 .rodata.str1.1
                0x3ffe910a       0x17 out/build/app_app.a(drvRadio.o)
 .rodata.str1.1
                0x3ffe9121        0xc c:/my_esp8266/Sming/Sming/compiler/lib/\libmicroc.a(abort.o)
 *fill*         0x3ffe912d        0x3 
 .rodata.str1.4
                0x3ffe9130        0x7 c:/Espressif/ESP8266_SDK/lib\libpp.a(lmac.o)
                                  0xf (size before relaxing)
 *fill*         0x3ffe9137        0x1 
 .rodata.str1.4
                0x3ffe9138       0x17 c:/Espressif/ESP8266_SDK/lib\libpp.a(pm.o)
                                 0x1f (size before relaxing)
 *fill*         0x3ffe914f        0x1 
 .rodata.str1.4
                0x3ffe9150        0x5 c:/Espressif/ESP8266_SDK/lib\libpp.a(pp.o)
                                  0xd (size before relaxing)
 *fill*         0x3ffe9155        0x3 
 .rodata.str1.4
                0x3ffe9158        0x7 c:/Espressif/ESP8266_SDK/lib\libpp.a(wdev.o)
                                  0xf (size before relaxing)
 .rodata.str1.4
                0x00000000        0x7 c:/Espressif/ESP8266_SDK/lib\libnet80211.a(ieee80211.o)
 .rodata.str1.4
                0x00000000        0x7 c:/Espressif/ESP8266_SDK/lib\libnet80211.a(ieee80211_output.o)
 *fill*         0x3ffe915f        0x1 
 .rodata.str1.4
                0x3ffe9160        0x4 c:/Espressif/ESP8266_SDK/lib\libnet80211.a(ieee80211_scan.o)
 .rodata.str1.4
                0x3ffe9164        0xf c:/Espressif/ESP8266_SDK/lib\liblwip.a(dns.o)
 .rodata.str1.4
                0x00000000        0xf c:/Espressif/ESP8266_SDK/lib\liblwip.a(espconn_tcp.o)
                                  0x1 (size before relaxing)
 *fill*         0x3ffe9173        0x1 
 .rodata.str1.4
                0x3ffe9174       0x88 c:/Espressif/ESP8266_SDK/lib\liblwip.a(mdns.o)
 .rodata.str1.4
                0x3ffe91fc       0x3c c:/Espressif/ESP8266_SDK/lib\libwpa.a(wpa_auth.o)
                                 0x43 (size before relaxing)
 .rodata.str1.4
                0x00000000       0x17 c:/Espressif/ESP8266_SDK/lib\libwpa.a(wpa.o)
 .rodata.str1.4
                0x3ffe9238        0xc c:/Espressif/ESP8266_SDK/lib\libwpa.a(wpa_common.o)
                                  0x9 (size before relaxing)
 .rodata.str1.1
                0x3ffe9244       0x13 c:/my_esp8266/Sming/Sming/compiler/lib/\libsming.a(SystemClock.o)
 .rodata.str1.1
                0x3ffe9257      0x1c8 c:/my_esp8266/Sming/Sming/compiler/lib/\libsming.a(HttpResponse.o)
                                0x1e1 (size before relaxing)
 *fill*         0x3ffe941f        0x1 
 .rodata._ZTV12HttpResponse
                0x3ffe9420       0x10 c:/my_esp8266/Sming/Sming/compiler/lib/\libsming.a(HttpResponse.o)
                0x3ffe9420                vtable for HttpResponse
 .rodata.str1.1
                0x3ffe9430      0x100 c:/my_esp8266/Sming/Sming/compiler/lib/\libsming.a(HttpServer.o)
                                0x117 (size before relaxing)
 .rodata._ZTV6VectorI6StringE
                0x3ffe9530       0x1c c:/my_esp8266/Sming/Sming/compiler/lib/\libsming.a(HttpServer.o)
                0x3ffe9530                vtable for Vector<String>
 *fill*         0x3ffe954c        0x4 
 .rodata._ZTV6VectorI9WebSocketE
                0x3ffe9550       0x1c c:/my_esp8266/Sming/Sming/compiler/lib/\libsming.a(HttpServer.o)
                0x3ffe9550                vtable for Vector<WebSocket>
 *fill*         0x3ffe956c        0x4 
 .rodata._ZTV10HttpServer
                0x3ffe9570       0x5c c:/my_esp8266/Sming/Sming/compiler/lib/\libsming.a(HttpServer.o)
                0x3ffe9570                vtable for HttpServer
 *fill*         0x3ffe95cc        0x4 
 .rodata._ZTV15IDelegateCallerIvIR20HttpServerConnectionEE
                0x3ffe95d0       0x14 c:/my_esp8266/Sming/Sming/compiler/lib/\libsming.a(HttpServer.o)
                0x3ffe95d0                vtable for IDelegateCaller<void, HttpServerConnection&>
 *fill*         0x3ffe95e4        0x4 
 .rodata._ZTV12MethodCallerIM10HttpServerFvR20HttpServerConnectionEE
                0x3ffe95e8       0x14 c:/my_esp8266/Sming/Sming/compiler/lib/\libsming.a(HttpServer.o)
                0x3ffe95e8                vtable for MethodCaller<void (HttpServer::*)(HttpServerConnection&)>
 .rodata.str1.1
                0x3ffe95fc      0x10e c:/my_esp8266/Sming/Sming/compiler/lib/\libsming.a(HttpServerConnection.o)
                                0x118 (size before relaxing)
 *fill*         0x3ffe970a        0x6 
 .rodata._ZTV20HttpServerConnection
                0x3ffe9710       0x40 c:/my_esp8266/Sming/Sming/compiler/lib/\libsming.a(HttpServerConnection.o)
                0x3ffe9710                vtable for HttpServerConnection
 .rodata.str1.1
                0x3ffe9750       0x1d c:/my_esp8266/Sming/Sming/compiler/lib/\libsming.a(NtpClient.o)
                                 0x2a (size before relaxing)
 *fill*         0x3ffe976d        0x3 
 .rodata._ZTV9NtpClient
                0x3ffe9770       0x28 c:/my_esp8266/Sming/Sming/compiler/lib/\libsming.a(NtpClient.o)
                0x3ffe9770                vtable for NtpClient
 .rodata._ZTV12MethodCallerIM9NtpClientFvvEE
                0x3ffe9798       0x14 c:/my_esp8266/Sming/Sming/compiler/lib/\libsming.a(NtpClient.o)
                0x3ffe9798                vtable for MethodCaller<void (NtpClient::*)()>
 .rodata.str1.1
                0x3ffe97ac      0x203 c:/my_esp8266/Sming/Sming/compiler/lib/\libsming.a(TcpConnection.o)
                                0x220 (size before relaxing)
 *fill*         0x3ffe99af        0x1 
 .rodata._ZTV13TcpConnection
                0x3ffe99b0       0x38 c:/my_esp8266/Sming/Sming/compiler/lib/\libsming.a(TcpConnection.o)
                0x3ffe99b0                vtable for TcpConnection
 .rodata.str1.1
                0x3ffe99e8      0x16a c:/my_esp8266/Sming/Sming/compiler/lib/\libsming.a(TcpServer.o)
 *fill*         0x3ffe9b52        0x6 
 .rodata._ZTV9TcpServer
                0x3ffe9b58       0x50 c:/my_esp8266/Sming/Sming/compiler/lib/\libsming.a(TcpServer.o)
                0x3ffe9b58                vtable for TcpServer
 .rodata._ZTV15IDelegateCallerIvIR9TcpClientbEE
                0x3ffe9ba8       0x14 c:/my_esp8266/Sming/Sming/compiler/lib/\libsming.a(TcpServer.o)
                0x3ffe9ba8                vtable for IDelegateCaller<void, TcpClient&, bool>
 *fill*         0x3ffe9bbc        0x4 
 .rodata._ZTV15IDelegateCallerIbIR9TcpClientPciEE
                0x3ffe9bc0       0x14 c:/my_esp8266/Sming/Sming/compiler/lib/\libsming.a(TcpServer.o)
                0x3ffe9bc0                vtable for IDelegateCaller<bool, TcpClient&, char*, int>
 *fill*         0x3ffe9bd4        0x4 
 .rodata._ZTV12MethodCallerIM9TcpServerFbR9TcpClientPciEE
                0x3ffe9bd8       0x14 c:/my_esp8266/Sming/Sming/compiler/lib/\libsming.a(TcpServer.o)
                0x3ffe9bd8                vtable for MethodCaller<bool (TcpServer::*)(TcpClient&, char*, int)>
 *fill*         0x3ffe9bec        0x4 
 .rodata._ZTV12MethodCallerIM9TcpServerFvR9TcpClientbEE
                0x3ffe9bf0       0x14 c:/my_esp8266/Sming/Sming/compiler/lib/\libsming.a(TcpServer.o)
                0x3ffe9bf0                vtable for MethodCaller<void (TcpServer::*)(TcpClient&, bool)>
 .rodata.str1.1
                0x3ffe9c04       0x59 c:/my_esp8266/Sming/Sming/compiler/lib/\libsming.a(UdpConnection.o)
 *fill*         0x3ffe9c5d        0x3 
 .rodata._ZTV13UdpConnection
                0x3ffe9c60       0x28 c:/my_esp8266/Sming/Sming/compiler/lib/\libsming.a(UdpConnection.o)
                0x3ffe9c60                vtable for UdpConnection
 .rodata.str1.1
                0x3ffe9c88       0x1f c:/my_esp8266/Sming/Sming/compiler/lib/\libsming.a(WebSocket.o)
                                 0x5b (size before relaxing)
 *fill*         0x3ffe9ca7        0x1 
 .rodata._ZTV9WebSocket
                0x3ffe9ca8        0xc c:/my_esp8266/Sming/Sming/compiler/lib/\libsming.a(WebSocket.o)
                0x3ffe9ca8                vtable for WebSocket
 .rodata.str1.1
                0x3ffe9cb4       0xf0 c:/my_esp8266/Sming/Sming/compiler/lib/\libsming.a(AccessPoint.o)
                                 0xf1 (size before relaxing)
 *fill*         0x3ffe9da4        0x4 
 .rodata._ZTV19ISystemReadyHandler
                0x3ffe9da8       0x14 c:/my_esp8266/Sming/Sming/compiler/lib/\libsming.a(AccessPoint.o)
                0x3ffe9da8                vtable for ISystemReadyHandler
 *fill*         0x3ffe9dbc        0x4 
 .rodata._ZTV16AccessPointClass
                0x3ffe9dc0       0x14 c:/my_esp8266/Sming/Sming/compiler/lib/\libsming.a(AccessPoint.o)
                0x3ffe9dc0                vtable for AccessPointClass
 .rodata.str1.1
                0x3ffe9dd4       0x13 c:/my_esp8266/Sming/Sming/compiler/lib/\libsming.a(RTC.o)
 .rodata.str1.1
                0x3ffe9de7      0x1d9 c:/my_esp8266/Sming/Sming/compiler/lib/\libsming.a(Station.o)
                                0x20f (size before relaxing)
 .rodata._ZTV12StationClass
                0x3ffe9fc0       0x14 c:/my_esp8266/Sming/Sming/compiler/lib/\libsming.a(Station.o)
                0x3ffe9fc0                vtable for StationClass
 *fill*         0x3ffe9fd4        0x4 
 .rodata._ZTV6VectorI7BssInfoE
                0x3ffe9fd8       0x1c c:/my_esp8266/Sming/Sming/compiler/lib/\libsming.a(Station.o)
                0x3ffe9fd8                vtable for Vector<BssInfo>
 *fill*         0x3ffe9ff4        0x4 
 .rodata._ZTV8WDTClass
                0x3ffe9ff8       0x14 c:/my_esp8266/Sming/Sming/compiler/lib/\libsming.a(WDT.o)
                0x3ffe9ff8                vtable for WDTClass
 .rodata._ZL13base64enc_tab
                0x3ffea00c       0x41 c:/my_esp8266/Sming/Sming/compiler/lib/\libsming.a(base64.o)
 .rodata.str1.1
                0x3ffea04d       0x17 c:/my_esp8266/Sming/Sming/compiler/lib/\libsming.a(websocket.o)
 .rodata._ZZ17wsParseInputFramePhjPS_PjE12__FUNCTION__
                0x3ffea064       0x12 c:/my_esp8266/Sming/Sming/compiler/lib/\libsming.a(websocket.o)
 .rodata._ZZ11wsMakeFramePKhjPhPj11wsFrameTypeE12__FUNCTION__
                0x3ffea076        0xc c:/my_esp8266/Sming/Sming/compiler/lib/\libsming.a(websocket.o)
 .rodata.str1.1
                0x3ffea082       0x80 c:/my_esp8266/Sming/Sming/compiler/lib/\libsming.a(DHT.o)
 .rodata.str1.1
                0x3ffea102       0xad c:/my_esp8266/Sming/Sming/compiler/lib/\libsming.a(SDCard.o)
                                 0xae (size before relaxing)
 .rodata.str1.1
                0x3ffea1af      0x257 c:/my_esp8266/Sming/Sming/compiler/lib/\libsming.a(si4432.o)
 .rodata.str1.1
                0x3ffea406        0xf c:/my_esp8266/Sming/Sming/compiler/lib/\libsming.a(ff.o)
 .rodata.str1.1
                0x3ffea415      0x156 c:/my_esp8266/Sming/Sming/compiler/lib/\libsming.a(DataSourceStream.o)
                                0x157 (size before relaxing)
 *fill*         0x3ffea56b        0x5 
 .rodata._ZTV17IDataSourceStream
                0x3ffea570       0x20 c:/my_esp8266/Sming/Sming/compiler/lib/\libsming.a(DataSourceStream.o)
                0x3ffea570                vtable for IDataSourceStream
 .rodata._ZTV16MemoryDataStream
                0x3ffea590       0x48 c:/my_esp8266/Sming/Sming/compiler/lib/\libsming.a(DataSourceStream.o)
                0x3ffea590                vtable for MemoryDataStream
 .rodata.str1.1
                0x3ffea5d8       0x22 c:/my_esp8266/Sming/Sming/compiler/lib/\libsming.a(SPISoft.o)
 .rodata.str1.1
                0x3ffea5fa       0x99 c:/my_esp8266/Sming/Sming/compiler/lib/\libsming.a(HttpRequest.o)
                                 0xdb (size before relaxing)
 *fill*         0x3ffea693        0x5 
 .rodata._ZTV11HttpRequest
                0x3ffea698       0x10 c:/my_esp8266/Sming/Sming/compiler/lib/\libsming.a(HttpRequest.o)
                0x3ffea698                vtable for HttpRequest
 .rodata.str1.1
                0x3ffea6a8       0x1e c:/my_esp8266/Sming/Sming/compiler/lib/\libsming.a(TcpClient.o)
 *fill*         0x3ffea6c6        0x2 
 .rodata._ZTV9TcpClient
                0x3ffea6c8       0x3c c:/my_esp8266/Sming/Sming/compiler/lib/\libsming.a(TcpClient.o)
                0x3ffea6c8                vtable for TcpClient
 .rodata.str1.1
                0x3ffea704       0x10 c:/my_esp8266/Sming/Sming/compiler/lib/\libsming.a(ArduinoJson.o)
                                 0x11 (size before relaxing)
 .rodata.str1.1
                0x3ffea714       0x1e c:/my_esp8266/Sming/Sming/compiler/lib/\libsming.a(escape.o)
                                 0x35 (size before relaxing)
 .rodata._ZZ12uri_unescapeE12__FUNCTION__
                0x3ffea732        0xd c:/my_esp8266/Sming/Sming/compiler/lib/\libsming.a(escape.o)
 *(.gnu.linkonce.r.*)
 *(.rodata1)
                0x3ffea73f                __XT_EXCEPTION_TABLE__ = ABSOLUTE (.)
 *(.xt_except_table)
 *(.gcc_except_table)
 *(.gnu.linkonce.e.*)
 *(.gnu.version_r)
 *(.eh_frame)
                0x3ffea740                . = ((. + 0x3) & 0xfffffffc)
 *fill*         0x3ffea73f        0x1 
                0x3ffea740                __dso_handle = ABSOLUTE (.)
                0x3ffea740                __init_array_start = ABSOLUTE (.)
 *crtbegin.o(.ctors)
 *(EXCLUDE_FILE(*crtend.o) .ctors)
 .ctors         0x3ffea740        0x4 c:/my_esp8266/Sming/Sming/compiler/lib/\libsming.a(user_main.o)
 .ctors         0x3ffea744        0x4 c:/my_esp8266/Sming/Sming/compiler/lib/\libsming.a(System.o)
 .ctors         0x3ffea748        0x4 c:/my_esp8266/Sming/Sming/compiler/lib/\libsming.a(IPAddress.o)
 .ctors         0x3ffea74c        0x4 c:/my_esp8266/Sming/Sming/compiler/lib/\libsming.a(Print.o)
 .ctors         0x3ffea750        0x4 c:/my_esp8266/Sming/Sming/compiler/lib/\libsming.a(WString.o)
 .ctors         0x3ffea754        0x4 c:/my_esp8266/Sming/Sming/compiler/lib/\libsming.a(Interrupts.o)
 .ctors         0x3ffea758        0x4 c:/my_esp8266/Sming/Sming/compiler/lib/\libsming.a(m_printf.o)
 .ctors         0x3ffea75c        0x4 c:/my_esp8266/Sming/Sming/compiler/lib/\libsming.a(Digital.o)
 .ctors         0x3ffea760        0x4 out/build/app_app.a(application.o)
 .ctors         0x3ffea764        0x4 out/build/app_app.a(commWeb.o)
 .ctors         0x3ffea768        0x4 out/build/app_app.a(device.o)
 .ctors         0x3ffea76c        0x4 out/build/app_app.a(drvDHT22.o)
 .ctors         0x3ffea770        0x4 out/build/app_app.a(drvDS18B20.o)
 .ctors         0x3ffea774        0x4 out/build/app_app.a(drvMQ135.o)
 .ctors         0x3ffea778        0x4 out/build/app_app.a(drvRGB.o)
 .ctors         0x3ffea77c        0x4 out/build/app_app.a(drvRadio.o)
 .ctors         0x3ffea780        0x4 out/build/app_app.a(drvSDCard.o)
 .ctors         0x3ffea784        0x4 out/build/app_app.a(drvUART.o)
 .ctors         0x3ffea788        0x4 out/build/app_app.a(drvWiFi.o)
 .ctors         0x3ffea78c        0x4 c:/my_esp8266/Sming/Sming/compiler/lib/\libsming.a(Clock.o)
 .ctors         0x3ffea790        0x4 c:/my_esp8266/Sming/Sming/compiler/lib/\libsming.a(SystemClock.o)
 .ctors         0x3ffea794        0x4 c:/my_esp8266/Sming/Sming/compiler/lib/\libsming.a(HttpResponse.o)
 .ctors         0x3ffea798        0x4 c:/my_esp8266/Sming/Sming/compiler/lib/\libsming.a(HttpServer.o)
 .ctors         0x3ffea79c        0x4 c:/my_esp8266/Sming/Sming/compiler/lib/\libsming.a(HttpServerConnection.o)
 .ctors         0x3ffea7a0        0x4 c:/my_esp8266/Sming/Sming/compiler/lib/\libsming.a(NtpClient.o)
 .ctors         0x3ffea7a4        0x4 c:/my_esp8266/Sming/Sming/compiler/lib/\libsming.a(TcpConnection.o)
 .ctors         0x3ffea7a8        0x4 c:/my_esp8266/Sming/Sming/compiler/lib/\libsming.a(TcpServer.o)
 .ctors         0x3ffea7ac        0x4 c:/my_esp8266/Sming/Sming/compiler/lib/\libsming.a(UdpConnection.o)
 .ctors         0x3ffea7b0        0x4 c:/my_esp8266/Sming/Sming/compiler/lib/\libsming.a(WebSocket.o)
 .ctors         0x3ffea7b4        0x4 c:/my_esp8266/Sming/Sming/compiler/lib/\libsming.a(AccessPoint.o)
 .ctors         0x3ffea7b8        0x4 c:/my_esp8266/Sming/Sming/compiler/lib/\libsming.a(RTC.o)
 .ctors         0x3ffea7bc        0x4 c:/my_esp8266/Sming/Sming/compiler/lib/\libsming.a(Station.o)
 .ctors         0x3ffea7c0        0x4 c:/my_esp8266/Sming/Sming/compiler/lib/\libsming.a(WDT.o)
 .ctors         0x3ffea7c4        0x4 c:/my_esp8266/Sming/Sming/compiler/lib/\libsming.a(DateTime.o)
 .ctors         0x3ffea7c8        0x4 c:/my_esp8266/Sming/Sming/compiler/lib/\libsming.a(DHT.o)
 .ctors         0x3ffea7cc        0x4 c:/my_esp8266/Sming/Sming/compiler/lib/\libsming.a(SDCard.o)
 .ctors         0x3ffea7d0        0x4 c:/my_esp8266/Sming/Sming/compiler/lib/\libsming.a(WS2812.o)
 .ctors         0x3ffea7d4        0x4 c:/my_esp8266/Sming/Sming/compiler/lib/\libsming.a(si4432.o)
 .ctors         0x3ffea7d8        0x4 c:/my_esp8266/Sming/Sming/compiler/lib/\libsming.a(DataSourceStream.o)
 .ctors         0x3ffea7dc        0x4 c:/my_esp8266/Sming/Sming/compiler/lib/\libsming.a(SPISoft.o)
 .ctors         0x3ffea7e0        0x4 c:/my_esp8266/Sming/Sming/compiler/lib/\libsming.a(HttpRequest.o)
 .ctors         0x3ffea7e4        0x4 c:/my_esp8266/Sming/Sming/compiler/lib/\libsming.a(TcpClient.o)
 .ctors         0x3ffea7e8        0x4 c:/my_esp8266/Sming/Sming/compiler/lib/\libsming.a(ArduinoJson.o)
 *(SORT(.ctors.*))
 *(.ctors)
                0x3ffea7ec                __init_array_end = ABSOLUTE (.)
 *crtbegin.o(.dtors)
 *(EXCLUDE_FILE(*crtend.o) .dtors)
 .dtors         0x3ffea7ec        0x4 c:/my_esp8266/Sming/Sming/compiler/lib/\libsming.a(System.o)
 .dtors         0x3ffea7f0        0x4 c:/my_esp8266/Sming/Sming/compiler/lib/\libsming.a(Interrupts.o)
 .dtors         0x3ffea7f4        0x4 out/build/app_app.a(application.o)
 .dtors         0x3ffea7f8        0x4 c:/my_esp8266/Sming/Sming/compiler/lib/\libsming.a(AccessPoint.o)
 .dtors         0x3ffea7fc        0x4 c:/my_esp8266/Sming/Sming/compiler/lib/\libsming.a(Station.o)
 .dtors         0x3ffea800        0x4 c:/my_esp8266/Sming/Sming/compiler/lib/\libsming.a(WDT.o)
 .dtors         0x3ffea804        0x4 c:/my_esp8266/Sming/Sming/compiler/lib/\libsming.a(ArduinoJson.o)
 *(SORT(.dtors.*))
 *(.dtors)
                0x3ffea808                __XT_EXCEPTION_DESCS__ = ABSOLUTE (.)
 *(.xt_except_desc)
 *(.gnu.linkonce.h.*)
                0x3ffea808                __XT_EXCEPTION_DESCS_END__ = ABSOLUTE (.)
 *(.xt_except_desc_end)
 *(.dynamic)
 *(.gnu.version_d)
                0x3ffea808                . = ALIGN (0x4)
                0x3ffea808                _bss_table_start = ABSOLUTE (.)
                0x3ffea808        0x4 LONG 0x3ffea810 _bss_start
                0x3ffea80c        0x4 LONG 0x3fff4070 _bss_end
                0x3ffea810                _bss_table_end = ABSOLUTE (.)
                0x3ffea810                _rodata_end = ABSOLUTE (.)

.bss            0x3ffea810     0x9860
                0x3ffea810                . = ALIGN (0x8)
                0x3ffea810                _bss_start = ABSOLUTE (.)
 *(.dynsbss)
 *(.sbss)
 *(.sbss.*)
 *(.gnu.linkonce.sb.*)
 *(.scommon)
 *(.sbss2)
 *(.sbss2.*)
 *(.gnu.linkonce.sb2.*)
 *(.dynbss)
 *(.bss)
 .bss           0x3ffea810      0x1c0 c:/Espressif/ESP8266_SDK/lib\libmain.a(nmi-vector.o)
 .bss           0x3ffea9d0       0x3d c:/Espressif/ESP8266_SDK/lib\libmain.a(app_main.o)
                0x3ffea9d4                info
                0x3ffea9f8                check_timeouts_timer
                0x3ffeaa0c                user_init_flag
 *fill*         0x3ffeaa0d        0x3 
 .bss           0x3ffeaa10       0x30 c:/Espressif/ESP8266_SDK/lib\libmain.a(ets_timer.o)
                0x3ffeaa10                timer_list
                0x3ffeaa14                debug_timer
                0x3ffeaa18                debug_timerfn
 .bss           0x3ffeaa40       0x18 c:/Espressif/ESP8266_SDK/lib\libmain.a(mem_manager.o)
 *fill*         0x3ffeaa58        0x8 
 .bss           0x3ffeaa60      0x141 c:/Espressif/ESP8266_SDK/lib\libmain.a(user_interface.o)
                0x3ffeab57                deep_sleep_flag
                0x3ffeab58                cpu_overclock
                0x3ffeab5c                event_cb
                0x3ffeab60                status_led_output_level
                0x3ffeab64                done_cb
                0x3ffeab68                rst_if
                0x3ffeab84                default_interface
                0x3ffeab85                OpmodChgIsOnGoing
                0x3ffeab88                promiscuous_cb
 *fill*         0x3ffeaba1        0x3 
 .bss           0x3ffeaba4        0x8 c:/Espressif/ESP8266_SDK/lib\libmain.a(eagle_lwip_if.o)
 .bss           0x3ffeabac        0x4 c:/Espressif/ESP8266_SDK/lib\libphy.a(phy.o)
 .bss           0x3ffeabb0      0x3ab c:/Espressif/ESP8266_SDK/lib\libphy.a(phy_chip_v6.o)
                0x3ffeabb0                g_phyFuns
                0x3ffeabb4                rxiq_compute_num
                0x3ffeabb8                rxdc_init_flag
                0x3ffeabbc                check_result
                0x3ffeabc0                chip6_sleep_params
                0x3ffeada4                chip6_phy_init_ctrl
                0x3ffeae18                phy_freq_offset
                0x3ffeae1a                do_pwctrl_flag
                0x3ffeae1b                pwctrl_debug
                0x3ffeae1c                txbk_dpdby_flag
                0x3ffeae1e                sw_scan_mode
                0x3ffeae30                periodic_cal_dc_num
                0x3ffeae34                periodic_cal_flag
                0x3ffeae35                bbpll_cal_flag
                0x3ffeae36                phy_in_most_power
                0x3ffeae37                deep_sleep_en
                0x3ffeae38                rtc_mem_check_fail
                0x3ffeae39                rtc_recovery_en
                0x3ffeae3a                phy_in_vdd33_offset
                0x3ffeae3b                phy_set_most_tpw_disbg
                0x3ffeae3c                phy_set_most_tpw_index
                0x3ffeae40                adc_rand_noise
                0x3ffeae44                dpd_bypass_original
                0x3ffeae48                noise_array
                0x3ffeaf50                tx_pwctrl_atten_init
 *fill*         0x3ffeaf5b        0x1 
 .bss           0x3ffeaf5c        0x6 c:/Espressif/ESP8266_SDK/lib\libphy.a(phy_chip_v6_cal.o)
                0x3ffeaf5c                loop_pwctrl_pwdet_error_accum_high_power
                0x3ffeaf5e                tx_pwctrl_pk_num
                0x3ffeaf5f                loop_pwctrl_correct_atten_high_power
                0x3ffeaf60                tx_pwctrl_set_chan_flag
                0x3ffeaf61                rxiq_cover_fail_num
 *fill*         0x3ffeaf62        0x2 
 .bss           0x3ffeaf64        0x7 c:/Espressif/ESP8266_SDK/lib\libphy.a(phy_sleep.o)
                0x3ffeaf64                periodic_cal_sat
                0x3ffeaf66                lslp_mem_opt_8266
                0x3ffeaf68                software_slp_reject
                0x3ffeaf69                SDIO_slp_reject
                0x3ffeaf6a                hardware_reject
 *fill*         0x3ffeaf6b        0x5 
 .bss           0x3ffeaf70       0x30 c:/Espressif/ESP8266_SDK/lib\libpp.a(if_hwctrl.o)
                0x3ffeaf70                interface_mask
                0x3ffeaf80                if_ctrl
 .bss           0x3ffeafa0      0x150 c:/Espressif/ESP8266_SDK/lib\libpp.a(lmac.o)
                0x3ffeafa4                lmacConfMib
 .bss           0x3ffeb0f0      0x11a c:/Espressif/ESP8266_SDK/lib\libpp.a(pm.o)
 *fill*         0x3ffeb20a        0x6 
 .bss           0x3ffeb210      0x2e2 c:/Espressif/ESP8266_SDK/lib\libpp.a(pp.o)
                0x3ffeb228                pend_flag_noise_check
                0x3ffeb230                pend_flag_periodic_cal
                0x3ffeb248                idle_timer_reopen_flag
                0x3ffeb249                dbg_stop_sw_wdt
                0x3ffeb24a                dbg_stop_hw_wdt
                0x3ffeb260                HighestFreqOffsetInOneChk
 *fill*         0x3ffeb4f2        0xe 
 .bss           0x3ffeb500      0x100 c:/Espressif/ESP8266_SDK/lib\libpp.a(rate_control.o)
 .bss           0x3ffeb600      0x448 c:/Espressif/ESP8266_SDK/lib\libpp.a(trc.o)
 *fill*         0x3ffeba48        0x8 
 .bss           0x3ffeba50     0x4e80 c:/Espressif/ESP8266_SDK/lib\libpp.a(wdev.o)
                0x3ffeba50                wDevCtrl
                0x3ffebbf4                WdevTimOffSet
 .bss           0x3fff08d0     0x1294 c:/Espressif/ESP8266_SDK/lib\libpp.a(esf_buf.o)
 .bss           0x3fff1b64      0x558 c:/Espressif/ESP8266_SDK/lib\libnet80211.a(ieee80211.o)
                0x3fff1b64                g_ic
 .bss           0x3fff20bc       0x38 c:/Espressif/ESP8266_SDK/lib\libnet80211.a(ieee80211_hostap.o)
                0x3fff20d4                TmpSTAAPCloseAP
                0x3fff20d5                PendFreeBcnEb
                0x3fff20e0                ApFreqCalTimer
 .bss           0x3fff20f4       0xd0 c:/Espressif/ESP8266_SDK/lib\libnet80211.a(ieee80211_scan.o)
                0x3fff20f4                gScanStruct
                0x3fff21a8                FreqCalCntForScan
                0x3fff21aa                TestStaFreqCalValInput
                0x3fff21ac                auth_type
                0x3fff21ae                scannum
 .bss           0x3fff21c4       0x3c c:/Espressif/ESP8266_SDK/lib\libnet80211.a(wl_chm.o)
 .bss           0x3fff2200      0x418 c:/Espressif/ESP8266_SDK/lib\libnet80211.a(wl_cnx.o)
                0x3fff2600                sta_con_timer
                0x3fff2614                g_cnx_probe_rc_list_cb
 *fill*         0x3fff2618        0x8 
 .bss           0x3fff2620       0x38 c:/Espressif/ESP8266_SDK/lib\liblwip.a(dhcp.o)
                0x3fff2620                dhcp_rx_options_given
                0x3fff2630                dhcp_rx_options_val
 .bss           0x3fff2658      0x248 c:/Espressif/ESP8266_SDK/lib\liblwip.a(dhcpserver.o)
                0x3fff2668                s
 .bss           0x3fff28a0      0x690 c:/Espressif/ESP8266_SDK/lib\liblwip.a(dns.o)
 .bss           0x3fff2f30       0x78 c:/Espressif/ESP8266_SDK/lib\liblwip.a(espconn_tcp.o)
                0x3fff2f30                espconn_TaskQueue
 *fill*         0x3fff2fa8        0x8 
 .bss           0x3fff2fb0      0x100 c:/Espressif/ESP8266_SDK/lib\liblwip.a(etharp.o)
 .bss           0x3fff30b0       0x10 c:/Espressif/ESP8266_SDK/lib\liblwip.a(ip_addr.o)
 .bss           0x3fff30c0       0x12 c:/Espressif/ESP8266_SDK/lib\liblwip.a(ip.o)
                0x3fff30c0                current_iphdr_dest
                0x3fff30c4                current_iphdr_src
                0x3fff30c8                current_netif
                0x3fff30cc                current_header
 *fill*         0x3fff30d2        0x2 
 .bss           0x3fff30d4        0x9 c:/Espressif/ESP8266_SDK/lib\liblwip.a(netif.o)
                0x3fff30d4                netif_list
                0x3fff30d8                netif_default
 *fill*         0x3fff30dd        0x3 
 .bss           0x3fff30e0        0x4 c:/Espressif/ESP8266_SDK/lib\liblwip.a(raw.o)
 .bss           0x3fff30e4       0x34 c:/Espressif/ESP8266_SDK/lib\liblwip.a(tcp_in.o)
                0x3fff3114                tcp_input_pcb
 .bss           0x3fff3118       0x1c c:/Espressif/ESP8266_SDK/lib\liblwip.a(tcp.o)
                0x3fff311c                tcp_active_pcbs
                0x3fff3120                tcp_tmp_pcb
                0x3fff3124                tcp_tw_pcbs
                0x3fff3128                tcp_bound_pcbs
                0x3fff312c                tcp_listen_pcbs
                0x3fff3130                tcp_ticks
 .bss           0x3fff3134        0xc c:/Espressif/ESP8266_SDK/lib\liblwip.a(timers.o)
 .bss           0x3fff3140        0x4 c:/Espressif/ESP8266_SDK/lib\liblwip.a(udp.o)
                0x3fff3140                udp_pcbs
 *fill*         0x3fff3144        0xc 
 .bss           0x3fff3150      0x104 c:/Espressif/ESP8266_SDK/lib\liblwip.a(espconn.o)
                0x3fff3150                plink_active
                0x3fff3154                pserver_list
                0x3fff3160                premot
                0x3fff3220                pktinfo
 .bss           0x3fff3254        0xc c:/Espressif/ESP8266_SDK/lib\liblwip.a(igmp.o)
 .bss           0x3fff3260      0x421 c:/Espressif/ESP8266_SDK/lib\liblwip.a(mdns.o)
                0x3fff3264                PUCK_SERVICE
                0x3fff326c                PUCK_PORT
                0x3fff3278                mdns_timer
 *fill*         0x3fff3681        0xf 
 .bss           0x3fff3690      0x27a c:/Espressif/ESP8266_SDK/lib\libwpa.a(wpa.o)
 *fill*         0x3fff390a        0x6 
 .bss           0x3fff3910        0x8 c:/Espressif/ESP8266_SDK/lib\libnet80211.a(ieee80211_crypto_tkip.o)
 *(.bss.*)
 .bss._ZL5ESP01
                0x3fff3918       0x30 c:/my_esp8266/Sming/Sming/compiler/lib/\libsming.a(user_main.o)
 .bss._ZL11INADDR_NONE
                0x3fff3948        0x8 c:/my_esp8266/Sming/Sming/compiler/lib/\libsming.a(user_main.o)
 .bss.System    0x3fff3950       0x2c c:/my_esp8266/Sming/Sming/compiler/lib/\libsming.a(System.o)
                0x3fff3950                System
 .bss._ZL5ESP01
                0x3fff397c       0x30 c:/my_esp8266/Sming/Sming/compiler/lib/\libsming.a(IPAddress.o)
 .bss._ZL11INADDR_NONE
                0x3fff39ac        0x8 c:/my_esp8266/Sming/Sming/compiler/lib/\libsming.a(IPAddress.o)
 .bss._ZL11INADDR_NONE
                0x3fff39b4        0x8 c:/my_esp8266/Sming/Sming/compiler/lib/\libsming.a(Print.o)
 .bss._ZZN6StringixEjE19dummy_writable_char
                0x3fff39bc        0x1 c:/my_esp8266/Sming/Sming/compiler/lib/\libsming.a(WString.o)
 *fill*         0x3fff39bd        0x3 
 .bss._ZL11INADDR_NONE
                0x3fff39c0        0x8 c:/my_esp8266/Sming/Sming/compiler/lib/\libsming.a(WString.o)
 .bss._delegateFunctionList
                0x3fff39c8       0x40 c:/my_esp8266/Sming/Sming/compiler/lib/\libsming.a(Interrupts.o)
                0x3fff39c8                _delegateFunctionList
 .bss._ZL11INADDR_NONE
                0x3fff3a08        0x8 c:/my_esp8266/Sming/Sming/compiler/lib/\libsming.a(Interrupts.o)
 .bss._ZL5ESP01
                0x3fff3a10       0x30 c:/my_esp8266/Sming/Sming/compiler/lib/\libsming.a(m_printf.o)
 .bss._ZL11INADDR_NONE
                0x3fff3a40        0x8 c:/my_esp8266/Sming/Sming/compiler/lib/\libsming.a(m_printf.o)
 .bss._ZL11INADDR_NONE
                0x3fff3a48        0x8 c:/my_esp8266/Sming/Sming/compiler/lib/\libsming.a(Digital.o)
 .bss.totalActiveSockets
                0x3fff3a50        0x4 out/build/app_app.a(application.o)
                0x3fff3a50                totalActiveSockets
 *fill*         0x3fff3a54        0x4 
 .bss.tmrHeartBeat
                0x3fff3a58       0x30 out/build/app_app.a(application.o)
                0x3fff3a58                tmrHeartBeat
 .bss.tmrMainLoop
                0x3fff3a88       0x30 out/build/app_app.a(application.o)
                0x3fff3a88                tmrMainLoop
 .bss.gRadioBusy
                0x3fff3ab8        0x1 out/build/app_app.a(application.o)
                0x3fff3ab8                gRadioBusy
 *fill*         0x3fff3ab9        0x3 
 .bss.server    0x3fff3abc       0x74 out/build/app_app.a(application.o)
                0x3fff3abc                server
 .bss.gNTPClient
                0x3fff3b30        0x4 out/build/app_app.a(application.o)
                0x3fff3b30                gNTPClient
 .bss.gLastTempHumid
                0x3fff3b34        0x8 out/build/app_app.a(application.o)
                0x3fff3b34                gLastTempHumid
 .bss._ZL5ESP01
                0x3fff3b3c       0x30 out/build/app_app.a(application.o)
 .bss._ZL11INADDR_NONE
                0x3fff3b6c        0x8 out/build/app_app.a(application.o)
 .bss._ZL5ESP01
                0x3fff3b74       0x30 out/build/app_app.a(commWeb.o)
 .bss._ZL11INADDR_NONE
                0x3fff3ba4        0x8 out/build/app_app.a(commWeb.o)
 .bss.gDevicesState
                0x3fff3bac        0x2 out/build/app_app.a(device.o)
                0x3fff3bac                gDevicesState
 *fill*         0x3fff3bae        0x2 
 .bss._ZL5ESP01
                0x3fff3bb0       0x30 out/build/app_app.a(device.o)
 .bss._ZL11INADDR_NONE
                0x3fff3be0        0x8 out/build/app_app.a(device.o)
 .bss.dht       0x3fff3be8        0x4 out/build/app_app.a(drvDHT22.o)
                0x3fff3be8                dht
 .bss._ZL5ESP01
                0x3fff3bec       0x30 out/build/app_app.a(drvDHT22.o)
 .bss._ZL11INADDR_NONE
                0x3fff3c1c        0x8 out/build/app_app.a(drvDHT22.o)
 .bss._ZL5ESP01
                0x3fff3c24       0x30 out/build/app_app.a(drvDS18B20.o)
 .bss._ZL11INADDR_NONE
                0x3fff3c54        0x8 out/build/app_app.a(drvDS18B20.o)
 .bss._ZL5ESP01
                0x3fff3c5c       0x30 out/build/app_app.a(drvMQ135.o)
 .bss._ZL11INADDR_NONE
                0x3fff3c8c        0x8 out/build/app_app.a(drvMQ135.o)
 .bss._ZL5ESP01
                0x3fff3c94       0x30 out/build/app_app.a(drvRGB.o)
 .bss._ZL11INADDR_NONE
                0x3fff3cc4        0x8 out/build/app_app.a(drvRGB.o)
 .bss.pRadioSPI
                0x3fff3ccc        0x4 out/build/app_app.a(drvRadio.o)
                0x3fff3ccc                pRadioSPI
 .bss.radio     0x3fff3cd0        0x4 out/build/app_app.a(drvRadio.o)
                0x3fff3cd0                radio
 .bss._ZL5ESP01
                0x3fff3cd4       0x30 out/build/app_app.a(drvRadio.o)
 .bss._ZL11INADDR_NONE
                0x3fff3d04        0x8 out/build/app_app.a(drvRadio.o)
 .bss._ZL5ESP01
                0x3fff3d0c       0x30 out/build/app_app.a(drvSDCard.o)
 .bss._ZL11INADDR_NONE
                0x3fff3d3c        0x8 out/build/app_app.a(drvSDCard.o)
 .bss._ZL5ESP01
                0x3fff3d44       0x30 out/build/app_app.a(drvUART.o)
 .bss._ZL11INADDR_NONE
                0x3fff3d74        0x8 out/build/app_app.a(drvUART.o)
 .bss._ZL5ESP01
                0x3fff3d7c       0x30 out/build/app_app.a(drvWiFi.o)
 .bss._ZL11INADDR_NONE
                0x3fff3dac        0x8 out/build/app_app.a(drvWiFi.o)
 .bss._ZL11INADDR_NONE
                0x3fff3db4        0x8 c:/my_esp8266/Sming/Sming/compiler/lib/\libsming.a(Clock.o)
 *fill*         0x3fff3dbc        0x4 
 .bss.SystemClock
                0x3fff3dc0       0x18 c:/my_esp8266/Sming/Sming/compiler/lib/\libsming.a(SystemClock.o)
                0x3fff3dc0                SystemClock
 .bss._ZL11INADDR_NONE
                0x3fff3dd8        0x8 c:/my_esp8266/Sming/Sming/compiler/lib/\libsming.a(SystemClock.o)
 .bss._ZL11INADDR_NONE
                0x3fff3de0        0x8 c:/my_esp8266/Sming/Sming/compiler/lib/\libsming.a(HttpResponse.o)
 .bss._ZL11INADDR_NONE
                0x3fff3de8        0x8 c:/my_esp8266/Sming/Sming/compiler/lib/\libsming.a(HttpServer.o)
 .bss._ZL11INADDR_NONE
                0x3fff3df0        0x8 c:/my_esp8266/Sming/Sming/compiler/lib/\libsming.a(HttpServerConnection.o)
 .bss._ZL11INADDR_NONE
                0x3fff3df8        0x8 c:/my_esp8266/Sming/Sming/compiler/lib/\libsming.a(NtpClient.o)
 .bss._ZL11INADDR_NONE
                0x3fff3e00        0x8 c:/my_esp8266/Sming/Sming/compiler/lib/\libsming.a(TcpConnection.o)
 .bss._ZN9TcpServer16totalConnectionsE
                0x3fff3e08        0x2 c:/my_esp8266/Sming/Sming/compiler/lib/\libsming.a(TcpServer.o)
                0x3fff3e08                TcpServer::totalConnections
 *fill*         0x3fff3e0a        0x2 
 .bss._ZL11INADDR_NONE
                0x3fff3e0c        0x8 c:/my_esp8266/Sming/Sming/compiler/lib/\libsming.a(TcpServer.o)
 .bss._ZL11INADDR_NONE
                0x3fff3e14        0x8 c:/my_esp8266/Sming/Sming/compiler/lib/\libsming.a(UdpConnection.o)
 .bss._ZL11INADDR_NONE
                0x3fff3e1c        0x8 c:/my_esp8266/Sming/Sming/compiler/lib/\libsming.a(WebSocket.o)
 .bss.WifiAccessPoint
                0x3fff3e24        0x8 c:/my_esp8266/Sming/Sming/compiler/lib/\libsming.a(AccessPoint.o)
                0x3fff3e24                WifiAccessPoint
 .bss._ZL5ESP01
                0x3fff3e2c       0x30 c:/my_esp8266/Sming/Sming/compiler/lib/\libsming.a(AccessPoint.o)
 .bss._ZL11INADDR_NONE
                0x3fff3e5c        0x8 c:/my_esp8266/Sming/Sming/compiler/lib/\libsming.a(AccessPoint.o)
 .bss.RTC       0x3fff3e64        0x1 c:/my_esp8266/Sming/Sming/compiler/lib/\libsming.a(RTC.o)
                0x3fff3e64                RTC
 *fill*         0x3fff3e65        0x3 
 .bss.WifiStation
                0x3fff3e68       0x20 c:/my_esp8266/Sming/Sming/compiler/lib/\libsming.a(Station.o)
                0x3fff3e68                WifiStation
 .bss._ZL5ESP01
                0x3fff3e88       0x30 c:/my_esp8266/Sming/Sming/compiler/lib/\libsming.a(Station.o)
 .bss._ZL11INADDR_NONE
                0x3fff3eb8        0x8 c:/my_esp8266/Sming/Sming/compiler/lib/\libsming.a(Station.o)
 .bss.WDT       0x3fff3ec0        0x8 c:/my_esp8266/Sming/Sming/compiler/lib/\libsming.a(WDT.o)
                0x3fff3ec0                WDT
 .bss._ZL5ESP01
                0x3fff3ec8       0x30 c:/my_esp8266/Sming/Sming/compiler/lib/\libsming.a(DateTime.o)
 .bss._ZL11INADDR_NONE
                0x3fff3ef8        0x8 c:/my_esp8266/Sming/Sming/compiler/lib/\libsming.a(DateTime.o)
 .bss._ZL5ESP01
                0x3fff3f00       0x30 c:/my_esp8266/Sming/Sming/compiler/lib/\libsming.a(DHT.o)
 .bss._ZL11INADDR_NONE
                0x3fff3f30        0x8 c:/my_esp8266/Sming/Sming/compiler/lib/\libsming.a(DHT.o)
 .bss._ZL8CardType
                0x3fff3f38        0x1 c:/my_esp8266/Sming/Sming/compiler/lib/\libsming.a(SDCard.o)
 *fill*         0x3fff3f39        0x3 
 .bss.SDCardSPI
                0x3fff3f3c        0x4 c:/my_esp8266/Sming/Sming/compiler/lib/\libsming.a(SDCard.o)
                0x3fff3f3c                SDCardSPI
 .bss.pFatFs    0x3fff3f40        0x4 c:/my_esp8266/Sming/Sming/compiler/lib/\libsming.a(SDCard.o)
                0x3fff3f40                pFatFs
 .bss._ZL5ESP01
                0x3fff3f44       0x30 c:/my_esp8266/Sming/Sming/compiler/lib/\libsming.a(SDCard.o)
 .bss._ZL11INADDR_NONE
                0x3fff3f74        0x8 c:/my_esp8266/Sming/Sming/compiler/lib/\libsming.a(SDCard.o)
 .bss._ZL5ESP01
                0x3fff3f7c       0x30 c:/my_esp8266/Sming/Sming/compiler/lib/\libsming.a(WS2812.o)
 .bss._ZL11INADDR_NONE
                0x3fff3fac        0x8 c:/my_esp8266/Sming/Sming/compiler/lib/\libsming.a(WS2812.o)
 .bss._ZL5ESP01
                0x3fff3fb4       0x30 c:/my_esp8266/Sming/Sming/compiler/lib/\libsming.a(si4432.o)
 .bss._ZL11INADDR_NONE
                0x3fff3fe4        0x8 c:/my_esp8266/Sming/Sming/compiler/lib/\libsming.a(si4432.o)
 .bss.Fsid      0x3fff3fec        0x2 c:/my_esp8266/Sming/Sming/compiler/lib/\libsming.a(ff.o)
 *fill*         0x3fff3fee        0x2 
 .bss.FatFs     0x3fff3ff0        0x4 c:/my_esp8266/Sming/Sming/compiler/lib/\libsming.a(ff.o)
 .bss._ZL11INADDR_NONE
                0x3fff3ff4        0x8 c:/my_esp8266/Sming/Sming/compiler/lib/\libsming.a(DataSourceStream.o)
 .bss._ZL5ESP01
                0x3fff3ffc       0x30 c:/my_esp8266/Sming/Sming/compiler/lib/\libsming.a(SPISoft.o)
 .bss._ZL11INADDR_NONE
                0x3fff402c        0x8 c:/my_esp8266/Sming/Sming/compiler/lib/\libsming.a(SPISoft.o)
 .bss._ZL11INADDR_NONE
                0x3fff4034        0x8 c:/my_esp8266/Sming/Sming/compiler/lib/\libsming.a(HttpRequest.o)
 .bss._ZL11INADDR_NONE
                0x3fff403c        0x8 c:/my_esp8266/Sming/Sming/compiler/lib/\libsming.a(TcpClient.o)
 *fill*         0x3fff4044        0x4 
 .bss._ZN11ArduinoJson11JsonVariant8_invalidE
                0x3fff4048       0x10 c:/my_esp8266/Sming/Sming/compiler/lib/\libsming.a(ArduinoJson.o)
                0x3fff4048                ArduinoJson::JsonVariant::_invalid
 .bss._ZN11ArduinoJson10JsonObject8_invalidE
                0x3fff4058        0x8 c:/my_esp8266/Sming/Sming/compiler/lib/\libsming.a(ArduinoJson.o)
                0x3fff4058                ArduinoJson::JsonObject::_invalid
 .bss._ZN11ArduinoJson17JsonStringStorage8_invalidE
                0x3fff4060        0x8 c:/my_esp8266/Sming/Sming/compiler/lib/\libsming.a(ArduinoJson.o)
                0x3fff4060                ArduinoJson::JsonStringStorage::_invalid
 .bss._ZN11ArduinoJson9JsonArray8_invalidE
                0x3fff4068        0x8 c:/my_esp8266/Sming/Sming/compiler/lib/\libsming.a(ArduinoJson.o)
                0x3fff4068                ArduinoJson::JsonArray::_invalid
 *(.gnu.linkonce.b.*)
 *(COMMON)
                0x3fff4070                . = ALIGN (0x8)
                0x3fff4070                _bss_end = ABSOLUTE (.)
                0x3fff4070                _heap_start = ABSOLUTE (.)

.irom0.text     0x40209000    0x32645
                0x40209000                _irom0_text_start = ABSOLUTE (.)
 *(.irom0.literal .irom.literal .irom.text.literal .irom0.text .irom.text)
 .irom0.text    0x40209000      0x669 c:/Espressif/ESP8266_SDK/lib\libmain.a(app_main.o)
                                0x77d (size before relaxing)
                0x402091f8                wdt_init
                0x40209288                user_uart_wait_tx_fifo_empty
 *fill*         0x40209669        0x3 
 .irom0.text    0x4020966c      0x15e c:/Espressif/ESP8266_SDK/lib\libmain.a(ets_timer.o)
                                0x192 (size before relaxing)
                0x40209674                ets_timer_done
                0x402096b8                ets_timer_handler_isr
                0x40209768                ets_timer_init
 *fill*         0x402097ca        0x2 
 .irom0.text    0x402097cc       0x54 c:/Espressif/ESP8266_SDK/lib\libmain.a(mem_manager.o)
                                 0x58 (size before relaxing)
                0x402097d0                xPortGetFreeHeapSize
 .irom0.text    0x40209820     0x2775 c:/Espressif/ESP8266_SDK/lib\libmain.a(user_interface.o)
                               0x2ed5 (size before relaxing)
                0x40209824                system_set_os_print
                0x40209834                system_get_os_print
                0x402099fc                system_pp_recycle_rx_pkt
                0x40209a10                system_adc_read
                0x40209a28                system_get_vdd33
                0x40209a44                system_restart
                0x40209ab8                system_restore
                0x40209b14                system_get_flash_size_map
                0x40209b38                system_get_boot_version
                0x40209b70                system_get_test_result
                0x40209b98                system_get_userbin_addr
                0x40209c30                system_get_boot_mode
                0x40209c60                system_restart_enhance
                0x40209d9c                system_upgrade_userbin_set
                0x40209de4                system_upgrade_userbin_check
                0x40209e24                system_upgrade_flag_set
                0x40209e38                system_upgrade_flag_check
                0x40209e5c                system_upgrade_reboot
                0x40209f7c                system_deep_sleep
                0x40209fdc                system_deep_sleep_set_option
                0x40209ff8                system_phy_set_max_tpw
                0x4020a00c                system_phy_set_tpw_via_vdd33
                0x4020a020                system_phy_set_rfoption
                0x4020a038                system_update_cpu_freq
                0x4020a094                system_get_cpu_freq
                0x4020a0ac                system_overclock
                0x4020a0d8                system_restoreclock
                0x4020a108                system_timer_reinit
                0x4020a124                system_relative_time
                0x4020a144                system_station_got_ip_set
                0x4020a248                system_print_meminfo
                0x4020a2a8                system_get_free_heap_size
                0x4020a2c0                system_get_chip_id
                0x4020a2e4                system_rtc_clock_cali_proc
                0x4020a2f8                system_get_rtc_time
                0x4020a30c                system_mktime
                0x4020a3dc                system_init_done_cb
                0x4020a3e4                system_get_rst_info
                0x4020a3ec                wifi_softap_dhcps_start
                0x4020a434                wifi_softap_dhcps_stop
                0x4020a478                wifi_softap_dhcps_status
                0x4020a480                wifi_station_dhcpc_start
                0x4020a4d4                wifi_station_dhcpc_stop
                0x4020a518                wifi_station_dhcpc_status
                0x4020a588                wifi_get_opmode
                0x4020a59c                wifi_get_opmode_default
                0x4020a618                wifi_get_broadcast_if
                0x4020a654                wifi_set_broadcast_if
                0x4020a76c                wifi_set_opmode
                0x4020a780                wifi_set_opmode_current
                0x4020a794                system_get_checksum
                0x4020a85c                system_param_save_with_protect
                0x4020a900                system_param_load
                0x4020aa2c                wifi_station_get_config
                0x4020aa40                wifi_station_get_config_default
                0x4020aa60                wifi_station_get_ap_info
                0x4020ab1c                wifi_station_ap_number_set
                0x4020adc0                wifi_station_set_config
                0x4020add4                wifi_station_set_config_current
                0x4020ade8                wifi_station_get_current_ap_id
                0x4020adfc                wifi_station_ap_check
                0x4020ae34                wifi_station_ap_change
                0x4020af28                wifi_station_scan
                0x4020af74                wifi_station_get_auto_connect
                0x4020af88                wifi_station_set_auto_connect
                0x4020afdc                wifi_station_connect
                0x4020b074                wifi_station_disconnect
                0x4020b11c                wifi_station_get_connect_status
                0x4020b14c                wifi_station_set_reconnect_policy
                0x4020b164                wifi_station_get_reconnect_policy
                0x4020b16c                wifi_station_get_rssi
                0x4020b1b0                wifi_softap_cacl_mac
                0x4020b220                wifi_softap_set_default_ssid
                0x4020b3c8                wifi_softap_get_config
                0x4020b3dc                wifi_softap_get_config_default
                0x4020b640                wifi_softap_set_config
                0x4020b654                wifi_softap_set_config_current
                0x4020b668                wifi_softap_set_station_info
                0x4020b6d8                wifi_softap_get_station_info
                0x4020b778                wifi_softap_free_station_info
                0x4020b7ac                wifi_softap_get_station_num
                0x4020b800                wifi_softap_deauth
                0x4020b8bc                wifi_get_phy_mode
                0x4020b8c4                wifi_set_phy_mode
                0x4020b988                wifi_set_sleep_type
                0x4020b9a8                wifi_get_sleep_type
                0x4020b9c0                wifi_get_channel
                0x4020b9d8                wifi_set_channel
                0x4020ba08                wifi_promiscuous_set_mac
                0x4020ba68                wifi_promiscuous_enable
                0x4020bb4c                wifi_set_promiscuous_rx_cb
                0x4020bb70                wifi_get_ip_info
                0x4020bc48                wifi_set_ip_info
                0x4020bcf8                wifi_get_macaddr
                0x4020bd58                wifi_set_macaddr
                0x4020be14                wifi_status_led_install
                0x4020be54                wifi_status_led_uninstall
                0x4020be78                wifi_set_status_led_output_level
                0x4020be8c                wifi_set_event_handler_cb
                0x4020be9c                system_os_task
                0x4020bee0                system_uart_swap
                0x4020bf58                system_uart_de_swap
                0x4020bf90                system_get_sdk_version
 *fill*         0x4020bf95        0x3 
 .irom0.text    0x4020bf98      0x5cf c:/Espressif/ESP8266_SDK/lib\libmain.a(eagle_lib.o)
                                0x5df (size before relaxing)
                0x4020bf9c                divide
                0x4020bfd8                skip_atoi
                0x4020c158                ets_vsnprintf
                0x4020c4b8                ets_vsprintf
                0x4020c4dc                ets_sprintf
                0x4020c504                ets_strcat
                0x4020c524                ets_strrchr
                0x4020c550                ets_strchr
 *fill*         0x4020c567        0x1 
 .irom0.text    0x4020c568      0x2d2 c:/Espressif/ESP8266_SDK/lib\libmain.a(eagle_lwip_if.o)
                                0x376 (size before relaxing)
                0x4020c61c                eagle_lwip_if_alloc
                0x4020c7bc                eagle_lwip_if_free
                0x4020c818                eagle_lwip_getif
 *fill*         0x4020c83a        0x2 
 .irom0.literal
                0x4020c83c        0x0 c:/my_esp8266/Sming/Sming/compiler/lib/\libmicroc.a(strchr.o)
                                  0x4 (size before relaxing)
 .irom0.literal
                0x4020c83c        0xc c:/my_esp8266/Sming/Sming/compiler/lib/\libmicroc.a(strchrnul.o)
 .irom0.literal
                0x4020c848        0x4 c:/my_esp8266/Sming/Sming/compiler/lib/\libmicroc.a(malloc.o)
                                 0x14 (size before relaxing)
 .irom0.literal
                0x4020c84c        0x4 c:/my_esp8266/Sming/Sming/compiler/lib/\libmicroc.a(abort.o)
                                  0x8 (size before relaxing)
 .irom0.literal
                0x4020c850        0x8 c:/my_esp8266/Sming/Sming/compiler/lib/\libmicrogcc.a(_divsf3.o)
                                 0x10 (size before relaxing)
 .irom0.text    0x4020c858       0x25 c:/my_esp8266/Sming/Sming/compiler/lib/\libmicroc.a(strchr.o)
                                 0x29 (size before relaxing)
                0x4020c858                strchr
 *fill*         0x4020c87d        0x3 
 .irom0.text    0x4020c880       0x75 c:/my_esp8266/Sming/Sming/compiler/lib/\libmicroc.a(strchrnul.o)
                0x4020c880                strchrnul
                0x4020c880                __strchrnul
 *fill*         0x4020c8f5        0x3 
 .irom0.text    0x4020c8f8       0x65 c:/my_esp8266/Sming/Sming/compiler/lib/\libmicroc.a(malloc.o)
                0x4020c8f8                malloc
                0x4020c90c                free
                0x4020c920                realloc
                0x4020c934                zalloc
                0x4020c948                calloc
 *fill*         0x4020c95d        0x3 
 .irom0.text    0x4020c960       0x11 c:/my_esp8266/Sming/Sming/compiler/lib/\libmicroc.a(abort.o)
                0x4020c960                abort
 *fill*         0x4020c971        0x3 
 .irom0.text    0x4020c974       0xfa c:/Espressif/ESP8266_SDK/lib\libphy.a(phy.o)
                                0x11e (size before relaxing)
                0x4020c978                rf_init
                0x4020c994                bb_init
                0x4020c9ac                phy_init
                0x4020c9dc                RFChannelSel
                0x4020c9f8                phy_delete_channel
                0x4020ca10                phy_enable_agc
                0x4020ca28                phy_disable_agc
                0x4020ca40                phy_initialize_bb
                0x4020ca58                phy_set_sense
 *fill*         0x4020ca6e        0x2 
 .irom0.text    0x4020ca70     0x18dc c:/Espressif/ESP8266_SDK/lib\libphy.a(phy_chip_v6_ana.o)
                               0x1b00 (size before relaxing)
                0x4020ca74                ram_pbus_set_rxgain
                0x4020cb50                ram_pbus_debugmode
                0x4020cc04                ram_pbus_xpd_tx_on
                0x4020cc70                set_rf_freq_offset
                0x4020cce4                chip_v6_rxmax_ext_ana
                0x4020ce34                ram_chip_v6_rx_init
                0x4020ce68                tsen_meas
                0x4020cf18                readvdd33
                0x4020d0ac                txpwr_offset
                0x4020d16c                set_txcap_reg
                0x4020d1ec                ram_ana_inf_gating_en
                0x4020d34c                ram_restart_cal
                0x4020d3b8                wait_rfpll_cal_end
                0x4020d44c                ram_rfpll_set_freq
                0x4020d558                ram_set_channel_freq
                0x4020d890                chip_60_set_channel
                0x4020da58                chip_v6_set_chan_offset
                0x4020da90                chip_v6_set_chan
                0x4020db08                chip_v6_set_chan_wakeup
                0x4020db88                chip_v6_rf_init
                0x4020dd94                low_power_set
                0x4020ddf8                test_tout
                0x4020e03c                check_data_flag
                0x4020e060                phy_get_check_flag
                0x4020e1d0                phy_get_vdd33
 .irom0.text    0x4020e34c     0x3958 c:/Espressif/ESP8266_SDK/lib\libphy.a(phy_chip_v6.o)
                               0x3f50 (size before relaxing)
                0x4020e34c                ram_tx_mac_enable
                0x4020e350                rtc_mem_backup
                0x4020e380                rtc_mem_recovery
                0x4020e3b0                set_cal_rxdc
                0x4020e468                set_rx_gain_cal_iq
                0x4020e7c4                gen_rx_gain_table
                0x4020e904                pbus_set_rxbbgain
                0x4020e984                set_rx_gain_testchip_50
                0x4020ec94                ram_get_corr_power
                0x4020ed84                check_data_func
                0x4020eda4                do_noisefloor_lsleep_v50
                0x4020edd8                do_noisefloor
                0x4020ee48                start_dig_rx
                0x4020ee8c                stop_dig_rx
                0x4020eeb8                chip_v6_set_chanfreq
                0x4020eef0                tx_cap_init
                0x4020f0b0                target_power_add_backoff
                0x4020f100                tx_pwctrl_init_cal
                0x4020f268                tx_atten_set_interp
                0x4020f4e4                tx_pwctrl_init
                0x4020f5d8                ram_get_noisefloor
                0x4020f5f4                get_noisefloor_sat
                0x4020f624                ram_set_noise_floor
                0x4020f680                ram_start_noisefloor
                0x4020f6cc                read_hw_noisefloor
                0x4020f6f8                noise_check_loop
                0x4020f854                noise_init
                0x4020fa50                target_power_backoff
                0x4020faa4                sdt_on_noise_start
                0x4020fb28                chip_v6_set_chan_rx_cmp
                0x4020fcb0                chip_v6_set_chan_misc
                0x4020fd40                phy_dig_spur_set
                0x402100a0                phy_dig_spur_prot
                0x402102d8                chip_v6_rxmax_ext_dig
                0x40210324                chip_v6_rxmax_ext
                0x402103dc                phy_bb_rx_cfg
                0x402107dc                uart_wait_idle
                0x40210814                phy_pbus_soc_cfg
                0x402108d8                phy_gpio_cfg
                0x40210c20                tx_cont_en
                0x40210cc8                tx_cont_dis
                0x40210d1c                tx_cont_cfg
                0x40210d3c                chip_v6_initialize_bb
                0x40210ea8                periodic_cal
                0x40210fb4                bbpll_cal
                0x4021104c                periodic_cal_top
                0x402110ac                register_chipv6_phy_init_param
                0x4021134c                change_bbpll160_sleep
                0x4021143c                change_bbpll160
                0x40211474                set_crystal_uart
                0x402114ec                ant_switch_init
                0x40211598                reduce_current_init
                0x40211600                rtc_mem_check
                0x40211638                phy_afterwake_set_rfoption
                0x40211664                deep_sleep_set_option
                0x402116e0                register_chipv6_phy
                0x402119a0                set_dpd_bypass
                0x402119f8                set_rf_gain_stage10
                0x40211a28                get_vdd33_offset
                0x40211a9c                get_phy_target_power
                0x40211b4c                set_most_pwr_reg
                0x40211c20                phy_set_most_tpw
                0x40211c44                phy_vdd33_set_tpw
                0x40211c5c                get_adc_rand
                0x40211c90                phy_get_rand
 .irom0.text    0x40211ca4     0x214c c:/Espressif/ESP8266_SDK/lib\libphy.a(phy_chip_v6_cal.o)
                               0x2388 (size before relaxing)
                0x40211ca4                txbbgain2dcoindex
                0x40211cc4                dcoindex2txbbgain
                0x40211ce8                init_cal_dcoffset
                0x40211dac                set_rfanagain_dc_reg
                0x40211e48                set_txdc_pbus
                0x40211eb4                get_rf_gain_qdb
                0x40211edc                correct_rf_ana_gain
                0x40211fe4                get_sar_dout
                0x4021207c                cal_rf_ana_gain
                0x40212154                meas_tone_pwr_db
                0x402121c4                tx_pwr_backoff
                0x40212310                get_fcc_1m2m_pwr_offset
                0x4021234c                ram_set_txbb_atten
                0x402123e0                txiq_get_mis_pwr
                0x40212484                txiq_cover
                0x402126a0                ram_rfcal_txiq
                0x40212910                rc_cal
                0x40212ad0                get_target_power_offset
                0x40212bd8                get_pwctrl_correct
                0x40212c30                tx_pwctrl_cal
                0x40212f70                tx_pwctrl_bg_init
                0x40212fec                tx_pwctrl_background
                0x402130a4                read_sar_dout
                0x40213108                ram_get_fm_sar_dout
                0x402131ac                ram_cal_tos_v60
                0x4021338c                ram_get_bb_atten
                0x402133bc                ram_rfcal_txcap
                0x40213580                ram_rfcal_pwrctrl
                0x402137ac                ram_rxiq_get_mis
                0x4021397c                ram_rxiq_cover_mg_mp
                0x40213b20                ram_rfcal_rxiq
                0x40213d2c                dpd_scale_set
                0x40213d74                dpd_mem_write
 .irom0.text    0x40213df0      0x271 c:/Espressif/ESP8266_SDK/lib\libphy.a(phy_chip_v6_unused.o)
                                0x2fd (size before relaxing)
                0x40213df0                chip_v6_set_sense
                0x40213df4                chip_v6_get_sense
                0x40213df8                chip_v6_unset_chanfreq
                0x40213e04                data_collect
                0x40213ed8                operation_test
                0x40213f50                slop_wdt_feed
                0x40213f64                slop_test
                0x40214018                wd_reset_cnt
 *fill*         0x40214061        0x3 
 .irom0.text    0x40214064      0xd16 c:/Espressif/ESP8266_SDK/lib\libphy.a(phy_sleep.o)
                                0xf2e (size before relaxing)
                0x40214064                pm_usec2rtc
                0x40214098                pm_rtc2usec
                0x402140a8                pm_set_sleep_cycles
                0x402140d0                pm_sleep_opt
                0x402141d4                pm_wakeup_opt
                0x4021420c                get_chip_version
                0x4021424c                pm_sleep_opt_bb_off
                0x4021428c                pm_sleep_opt_bb_on
                0x402142d8                pm_set_pll_xtal_wait_time
                0x40214320                pm_prepare_to_sleep
                0x40214344                pm_sdio_nidle
                0x402143b8                chg_lslp_mem_opt_8266
                0x402143e8                pm_goto_sleep
                0x40214534                pm_wait4wakeup
                0x4021456c                pm_open_rf
                0x402145b4                pm_sleep_set_mac
                0x40214638                pm_set_wakeup_mac
                0x402146d4                pm_check_mac_idle
                0x4021472c                pm_set_sleep_btco
                0x402147cc                pm_set_wakeup_btco
                0x402148e0                pm_set_sleep_mode
                0x402149b0                pm_unmask_bt
                0x40214a14                pm_wakeup_init
                0x40214c1c                sleep_opt_8266
                0x40214c3c                sleep_opt_bb_on_8266
                0x40214c78                sleep_reset_analog_rtcreg_8266
 *fill*         0x40214d7a        0x2 
 .irom0.text    0x40214d7c      0x3d9 c:/Espressif/ESP8266_SDK/lib\libpp.a(if_hwctrl.o)
                                0x4b9 (size before relaxing)
                0x40214d80                ic_get_addr
                0x40214d8c                ic_set_opmode
                0x40214da4                ic_enable_interface
                0x40214df4                ic_interface_enabled
                0x40214e08                ic_disable_interface
                0x40214e50                ic_is_pure_sta
                0x40214e6c                ic_get_ptk_alg
                0x40214e7c                ic_get_gtk_alg
                0x40214e8c                ic_set_ptk_alg
                0x40214e9c                ic_set_gtk_alg
                0x40214eac                ic_interface_is_p2p
                0x40214f30                ic_set_vif
                0x40214fc8                ic_set_sta
                0x40215064                ic_bss_info_update
                0x402150c0                ic_set_key
                0x4021511c                ic_remove_key
                0x40215130                ic_get_rssi
 *fill*         0x40215155        0x3 
 .irom0.text    0x40215158       0xfc c:/Espressif/ESP8266_SDK/lib\libpp.a(lmac.o)
                                0x114 (size before relaxing)
                0x4021515c                lmacInitAc
                0x40215190                lmacInit
                0x40215238                lmacSetRetryLimit
 .irom0.text    0x40215254     0x1a0d c:/Espressif/ESP8266_SDK/lib\libpp.a(pm.o)
                               0x1eed (size before relaxing)
                0x4021525c                pm_rtc_clock_cali_proc
                0x40215294                pm_set_sleep_time
                0x40215570                pm_rf_is_closed
                0x402155b4                pm_set_sleep_type_from_upper
                0x402156a4                pm_get_sleep_type
                0x40215864                uart_tx_flush
                0x40215868                pm_suspend
                0x40215a94                pm_shutdown
                0x40215b8c                pm_reset_idle_sleep
                0x40215bcc                pm_idle_sleep
                0x40215bd8                pm_open
                0x40215ccc                pm_onBcnRx
                0x40216640                pm_enable_gpio_wakeup
                0x40216680                pm_attach
                0x40216780                pm_send_nullfunc
                0x40216948                pm_is_waked
                0x40216960                pm_is_open
                0x40216978                pm_scan_lock
                0x402169a8                pm_try_scan_unlock
                0x402169c0                pm_force_scan_unlock
                0x40216a7c                pm_scan_unlocked
                0x40216a90                pm_allow_tx
                0x40216ab0                pm_assoc_parse
                0x40216ac8                pm_set_addr
                0x40216ae8                pm_sleep_for
                0x40216b1c                pm_post
                0x40216c20                pm_get_idle_wait_time
 *fill*         0x40216c61        0x3 
 .irom0.text    0x40216c64     0x1269 c:/Espressif/ESP8266_SDK/lib\libpp.a(pp.o)
                               0x1561 (size before relaxing)
                0x40216c68                PPWdtReset
                0x40216c94                pp_soft_wdt_init
                0x40216cbc                pp_soft_wdt_stop
                0x40216ce8                pp_soft_wdt_restart
                0x40216d18                RxNodeNum
                0x40216d3c                TxNodeNum
                0x40216d60                pp_disable_noise_timer
                0x40216d80                pp_enable_noise_timer
                0x40216e88                pp_noise_test
                0x40216e98                reset_noise_timer
                0x40216ed0                pp_disable_idle_timer
                0x40216ef4                pp_enable_idle_timer
                0x40216f1c                pp_try_enable_idle_timer
                0x40216f54                ppPeocessRxPktHdr
                0x40217220                ppTxPkt
                0x40217344                ppProcessWaitQ
                0x40217358                ppRegisterTxCallback
                0x40217398                ppRecycleRxPkt
                0x402173f8                ppCheckTxIdle
                0x40217684                pp_tx_idle_timeout
                0x40217b98                ppGetTxQFirstAvail_Locked
                0x40217c7c                pp_attach
 *fill*         0x40217ecd        0x3 
 .irom0.text    0x40217ed0      0x296 c:/Espressif/ESP8266_SDK/lib\libpp.a(rate_control.o)
                                0x2a2 (size before relaxing)
                0x4021811c                RC_SetBasicRate
 *fill*         0x40218166        0x2 
 .irom0.text    0x40218168      0x3e9 c:/Espressif/ESP8266_SDK/lib\libpp.a(trc.o)
                                0x441 (size before relaxing)
                0x40218194                rcUpdatePhyMode
                0x40218270                rcAttach
                0x402182bc                rcGetTrc
                0x402182c4                trc_onDisconnect
                0x402182c8                trc_onScanStart
                0x402182e8                trc_onScanDone
                0x40218308                rc_enable_trc
                0x402183d0                rc_get_mask
                0x402183e4                rc_disable_trc
                0x40218438                rc_disable_trc_by_interface
                0x40218454                rc_get_sta_trc
                0x40218494                rc_get_trc
                0x40218504                rc_get_trc_by_index
                0x40218524                rc_only_sta_trc
 *fill*         0x40218551        0x3 
 .irom0.text    0x40218554      0xaa7 c:/Espressif/ESP8266_SDK/lib\libpp.a(wdev.o)
                                0xbd3 (size before relaxing)
                0x40218560                wDev_Option_Init
                0x40218654                wDev_Enable_Beacon_Tsf
                0x40218670                wDev_Disable_Beacon_Tsf
                0x4021868c                wDev_Set_Beacon_Int
                0x40218694                wDev_Reset_TBTT
                0x402186c4                wDev_Get_Next_TBTT
                0x40218964                wDev_Initialize
                0x402189cc                wDevForceAck6M
                0x402189e8                wDev_SetMacAddress
                0x40218a88                wDev_SetRxPolicy
                0x40218adc                wDev_SetBssid
                0x40218bb4                wDev_ClearBssid
                0x40218bec                wDev_Insert_KeyEntry
                0x40218cc0                wDev_remove_KeyEntry
                0x40218d00                wDev_Crypto_Conf
                0x40218d9c                wDev_Crypto_Disable
                0x40218dd4                wDevEnableRx
                0x40218df8                wdev_go_sniffer
                0x40218ed4                wdev_set_sniffer_addr
                0x40218f2c                wdev_exit_sniffer
 *fill*         0x40218ffb        0x1 
 .irom0.text    0x40218ffc      0x12e c:/Espressif/ESP8266_SDK/lib\libpp.a(esf_buf.o)
                                0x14a (size before relaxing)
                0x40219010                esf_buf_setup
 *fill*         0x4021912a        0x2 
 .irom0.text    0x4021912c      0x38a c:/Espressif/ESP8266_SDK/lib\libnet80211.a(ieee80211.o)
                                0x43a (size before relaxing)
                0x402191bc                ieee80211_ifattach
                0x4021920c                ieee80211_mhz2ieee
                0x40219264                ieee80211_chan2ieee
                0x40219284                ieee80211_ieee2mhz
                0x402192bc                ieee80211_find_channel
                0x402192e4                ieee80211_find_channel_byieee
                0x40219330                wifi_mode_set
 *fill*         0x402194b6        0x2 
 .irom0.text    0x402194b8       0xc7 c:/Espressif/ESP8266_SDK/lib\libnet80211.a(ieee80211_crypto.o)
                                 0xcf (size before relaxing)
                0x402194b8                ieee80211_crypto_attach
                0x402194bc                ieee80211_crypto_available
                0x402194c0                ieee80211_crypto_setkey
                0x402194c4                ieee80211_crypto_encap
                0x40219514                ieee80211_crypto_decap
 *fill*         0x4021957f        0x1 
 .irom0.text    0x40219580       0x50 c:/Espressif/ESP8266_SDK/lib\libnet80211.a(ieee80211_ets.o)
                0x40219588                ieee80211_getmgtframe
 .irom0.text    0x402195d0     0x10ef c:/Espressif/ESP8266_SDK/lib\libnet80211.a(ieee80211_hostap.o)
                               0x143b (size before relaxing)
                0x40219950                ieee80211_hostap_attach
                0x40219a14                hostap_handle_timer
                0x40219aa8                hostap_input
                0x4021a480                wifi_softap_start
                0x4021a59c                wifi_softap_stop
 *fill*         0x4021a6bf        0x1 
 .irom0.text    0x4021a6c0      0xa88 c:/Espressif/ESP8266_SDK/lib\libnet80211.a(ieee80211_ht.o)
                                0xb44 (size before relaxing)
                0x4021a6d0                ieee80211_ht_attach
                0x4021a720                ieee80211_ht_node_init
                0x4021a760                ieee80211_ht_node_cleanup
                0x4021a798                ieee80211_parse_htcap
                0x4021a874                ieee80211_ht_updateparams
                0x4021a988                ieee80211_setup_htrates
                0x4021aa5c                ieee80211_setup_basic_htrates
                0x4021adc0                ieee80211_add_htcap
                0x4021addc                ieee80211_add_htcap_vendor
                0x4021af00                ieee80211_add_htinfo
                0x4021af1c                ieee80211_add_htinfo_vendor
 .irom0.text    0x4021b148      0x8e0 c:/Espressif/ESP8266_SDK/lib\libnet80211.a(ieee80211_input.o)
                                0x950 (size before relaxing)
                0x4021b148                ieee80211_deliver_data
                0x4021b1a0                ieee80211_decap
                0x4021b2a8                ieee80211_setup_rates
                0x4021b314                ieee80211_alloc_challenge
                0x4021b348                ieee80211_parse_beacon
                0x4021b7b8                ieee80211_parse_wpa
                0x4021b8d0                ieee80211_parse_rsn
                0x4021b9cc                ieee80211_parse_action
                0x4021ba24                ieee80211_setup_rateset
 .irom0.text    0x4021ba28     0x1757 c:/Espressif/ESP8266_SDK/lib\libnet80211.a(ieee80211_output.o)
                               0x199f (size before relaxing)
                0x4021ba2c                ieee80211_output_pbuf
                0x4021bca8                ieee80211_send_setup
                0x4021bddc                ieee80211_mgmt_output
                0x4021bed0                ieee80211_tx_mgt_cb
                0x4021bed4                ieee80211_send_nulldata
                0x4021c32c                ieee80211_add_rates
                0x4021c364                ieee80211_add_xrates
                0x4021c400                ieee80211_send_probereq
                0x4021c5ac                ieee80211_getcapinfo
                0x4021c608                ieee80211_send_mgmt
                0x4021cb70                ieee80211_alloc_proberesp
                0x4021cd10                ieee80211_send_proberesp
                0x4021d034                ieee80211_beacon_alloc
 *fill*         0x4021d17f        0x1 
 .irom0.text    0x4021d180      0x147 c:/Espressif/ESP8266_SDK/lib\libnet80211.a(ieee80211_phy.o)
                                0x16f (size before relaxing)
                0x4021d184                ieee80211_get_11g_ratetable
                0x4021d190                ieee80211_get_ratetable
                0x4021d1a8                ieee80211_phy_init
                0x4021d1dc                ieee80211_phy_type_get
                0x4021d1ec                ieee80211_setup_ratetable
                0x4021d220                ieee80211_compute_duration
                0x4021d2a0                ieee80211_dot11Rate_rix
 *fill*         0x4021d2c7        0x1 
 .irom0.text    0x4021d2c8      0x1c2 c:/Espressif/ESP8266_SDK/lib\libnet80211.a(ieee80211_power.o)
                                0x1f2 (size before relaxing)
                0x4021d2c8                ieee80211_psq_init
                0x4021d2e8                ieee80211_psq_cleanup
                0x4021d2f0                ieee80211_set_tim
                0x4021d330                ieee80211_pwrsave
                0x4021d39c                pwrsave_flushq
                0x4021d454                ieee80211_node_pwrsave
 *fill*         0x4021d48a        0x2 
 .irom0.text    0x4021d48c      0x15b c:/Espressif/ESP8266_SDK/lib\libnet80211.a(ieee80211_proto.o)
                                0x177 (size before relaxing)
                0x4021d490                ieee80211_proto_attach
                0x4021d4b8                ieee80211_set_shortslottime
                0x4021d4d4                ieee80211_iserp_rateset
                0x4021d568                ieee80211_setbasicrates
                0x4021d57c                ieee80211_addbasicrates
                0x4021d590                ieee80211_wme_initparams
                0x4021d594                ieee80211_wme_updateparams
                0x4021d598                ieee80211_mlme_connect_bss
 *fill*         0x4021d5e7        0x1 
 .irom0.text    0x4021d5e8      0xdd6 c:/Espressif/ESP8266_SDK/lib\libnet80211.a(ieee80211_scan.o)
                               0x10ba (size before relaxing)
                0x4021d5f4                ieee80211_scan_attach
                0x4021d688                scan_start
                0x4021d7fc                scan_pm_channel_op_cb
                0x4021d9bc                scan_cancel
                0x4021db00                scan_add_bssid
                0x4021db24                scan_remove_bssid
                0x4021db30                scan_hidden_ssid
                0x4021db38                scan_add_probe_ssid
                0x4021db78                scan_remove_probe_ssid
                0x4021dcac                scan_clear_channles
                0x4021dd20                scan_set_desChan
                0x4021dd2c                scan_get_type
                0x4021dd34                cannel_scan_connect_state
                0x4021dd4c                scan_connect_state
                0x4021dd94                scan_check_hidden
                0x4021ddbc                scan_profile_check
                0x4021e0e8                scan_parse_beacon
 *fill*         0x4021e3be        0x2 
 .irom0.text    0x4021e3c0      0xc37 c:/Espressif/ESP8266_SDK/lib\libnet80211.a(ieee80211_sta.o)
                                0xe1e (size before relaxing)
                0x4021e3ec                sta_status_set
                0x4021e434                ieee80211_sta_new_state
                0x4021e6fc                sta_input
                0x4021ea70                ieee80211_parse_wmeparams
                0x4021ef4c                wifi_station_start
                0x4021efc0                wifi_station_stop
 *fill*         0x4021eff7        0x1 
 .irom0.text    0x4021eff8      0x1ee c:/Espressif/ESP8266_SDK/lib\libnet80211.a(wl_chm.o)
                                0x256 (size before relaxing)
                0x4021f004                chm_init
                0x4021f06c                chm_start_op
                0x4021f114                chm_end_op
                0x4021f160                chm_set_current_channel
                0x4021f190                chm_freq2index
                0x4021f1b8                chm_check_same_channel
 *fill*         0x4021f1e6        0x2 
 .irom0.text    0x4021f1e8     0x14f3 c:/Espressif/ESP8266_SDK/lib\libnet80211.a(wl_cnx.o)
                               0x193b (size before relaxing)
                0x4021f1f4                cnx_attach
                0x4021f234                cnx_sta_connect_led_timer_cb
                0x4021f288                cnx_sta_connect_cmd